  **** HLS Build v2025.1 6135595
Sourcing Tcl script '/home/jjh/RL_test/HLS_Optimization/synthetic_case_generation/./script_tmp.tcl'
INFO: [HLS 200-1510] Running: open_project -reset project_tmp 
WARNING: [HLS 200-2182] The 'project_tmp' project will not automatically appear within Vitis IDE workspaces and is meant only for TCL batch use.  Please use open_component instead of open_project/open_solution to generate Vitis IDE compatible component files and directory structure.
Resolution: For help on HLS 200-2182 see docs.xilinx.com/access/sources/dita/topic?Doc_Version=2025.1%20English&url=ug1448-hls-guidance&resourceid=200-2182.html
INFO: [HLS 200-10] Opening and resetting solution '/home/jjh/RL_test/HLS_Optimization/synthetic_case_generation/project_tmp'.
INFO: [HLS 200-1510] Running: set_top case_1 
INFO: [HLS 200-1510] Running: add_files ./CASE/case_1//case_1.cc 
INFO: [HLS 200-10] Adding design file './CASE/case_1//case_1.cc' to the project
INFO: [HLS 200-1510] Running: open_solution solution_tmp 
INFO: [HLS 200-10] Creating and opening solution '/home/jjh/RL_test/HLS_Optimization/synthetic_case_generation/project_tmp/solution_tmp'.
INFO: [HLS 200-1505] Using default flow_target 'vivado'
Resolution: For help on HLS 200-1505 see docs.xilinx.com/access/sources/dita/topic?Doc_Version=2025.1%20English&url=ug1448-hls-guidance&resourceid=200-1505.html
INFO: [HLS 200-1510] Running: set_part xc7z020clg484-1 
INFO: [HLS 200-1611] Setting target device to 'xc7z020-clg484-1'
INFO: [HLS 200-1510] Running: create_clock -period 10 -name default 
INFO: [SYN 201-201] Setting up clock 'default' with a period of 10ns.
INFO: [HLS 200-1510] Running: source ./directive_tmp.tcl
INFO: [HLS 200-1510] Running: set_directive_bind_op -op mul -impl fabric case_1 m16 
INFO: [HLS 200-1510] Running: set_directive_bind_op -op mul -impl fabric case_1 m17 
INFO: [HLS 200-1510] Running: set_directive_bind_op -op mul -impl fabric case_1 m18 
INFO: [HLS 200-1510] Running: set_directive_bind_op -op mul -impl fabric case_1 m19 
INFO: [HLS 200-1510] Running: set_directive_bind_op -op mul -impl fabric case_1 m20 
INFO: [HLS 200-1510] Running: set_directive_bind_op -op mul -impl fabric case_1 m21 
INFO: [HLS 200-1510] Running: set_directive_bind_op -op mul -impl fabric case_1 m23 
INFO: [HLS 200-1510] Running: set_directive_bind_op -op mul -impl fabric case_1 m25 
INFO: [HLS 200-1510] Running: set_directive_bind_op -op mul -impl fabric case_1 m26 
INFO: [HLS 200-1510] Running: set_directive_bind_op -op mul -impl fabric case_1 m27 
INFO: [HLS 200-1510] Running: set_directive_bind_op -op mul -impl fabric case_1 m28 
INFO: [HLS 200-1510] Running: set_directive_bind_op -op mul -impl fabric case_1 m29 
INFO: [HLS 200-1510] Running: set_directive_bind_op -op mul -impl fabric case_1 m30 
INFO: [HLS 200-1510] Running: set_directive_bind_op -op mul -impl fabric case_1 m31 
INFO: [HLS 200-1510] Running: set_directive_bind_op -op mul -impl fabric case_1 m32 
INFO: [HLS 200-1510] Running: set_directive_bind_op -op mul -impl fabric case_1 m34 
INFO: [HLS 200-1510] Running: set_directive_bind_op -op mul -impl fabric case_1 m35 
INFO: [HLS 200-1510] Running: set_directive_bind_op -op mul -impl fabric case_1 m36 
INFO: [HLS 200-1510] Running: set_directive_bind_op -op mul -impl fabric case_1 m37 
INFO: [HLS 200-1510] Running: set_directive_bind_op -op mul -impl fabric case_1 m38 
INFO: [HLS 200-1510] Running: set_directive_bind_op -op mul -impl fabric case_1 m42 
INFO: [HLS 200-1510] Running: set_directive_bind_op -op mul -impl fabric case_1 m43 
INFO: [HLS 200-1510] Running: set_directive_bind_op -op mul -impl fabric case_1 m44 
INFO: [HLS 200-1510] Running: set_directive_bind_op -op mul -impl fabric case_1 m46 
INFO: [HLS 200-1510] Running: set_directive_bind_op -op mul -impl fabric case_1 m47 
INFO: [HLS 200-1510] Running: set_directive_bind_op -op mul -impl fabric case_1 m48 
INFO: [HLS 200-1510] Running: set_directive_bind_op -op mul -impl fabric case_1 m49 
INFO: [HLS 200-1510] Running: set_directive_bind_op -op mul -impl fabric case_1 m50 
INFO: [HLS 200-1510] Running: set_directive_bind_op -op mul -impl fabric case_1 m52 
INFO: [HLS 200-1510] Running: set_directive_bind_op -op mul -impl fabric case_1 m54 
INFO: [HLS 200-1510] Running: set_directive_bind_op -op mul -impl fabric case_1 m55 
INFO: [HLS 200-1510] Running: set_directive_bind_op -op mul -impl fabric case_1 m56 
INFO: [HLS 200-1510] Running: set_directive_bind_op -op mul -impl fabric case_1 m57 
INFO: [HLS 200-1510] Running: set_directive_bind_op -op mul -impl fabric case_1 m58 
INFO: [HLS 200-1510] Running: set_directive_bind_op -op mul -impl fabric case_1 m59 
INFO: [HLS 200-1510] Running: set_directive_bind_op -op mul -impl fabric case_1 m60 
INFO: [HLS 200-1510] Running: set_directive_bind_op -op mul -impl fabric case_1 m61 
INFO: [HLS 200-1510] Running: set_directive_bind_op -op mul -impl fabric case_1 m62 
INFO: [HLS 200-1510] Running: set_directive_bind_op -op mul -impl fabric case_1 m64 
INFO: [HLS 200-1510] Running: set_directive_bind_op -op mul -impl fabric case_1 m65 
INFO: [HLS 200-1510] Running: set_directive_bind_op -op mul -impl fabric case_1 m66 
INFO: [HLS 200-1510] Running: set_directive_bind_op -op mul -impl fabric case_1 m67 
INFO: [HLS 200-1510] Running: set_directive_bind_op -op mul -impl fabric case_1 m68 
INFO: [HLS 200-1510] Running: set_directive_bind_op -op mul -impl fabric case_1 m69 
INFO: [HLS 200-1510] Running: set_directive_bind_op -op mul -impl fabric case_1 m71 
INFO: [HLS 200-1510] Running: set_directive_bind_op -op mul -impl fabric case_1 m72 
INFO: [HLS 200-1510] Running: set_directive_bind_op -op mul -impl fabric case_1 m73 
INFO: [HLS 200-1510] Running: set_directive_bind_op -op mul -impl fabric case_1 m74 
INFO: [HLS 200-1510] Running: set_directive_bind_op -op mul -impl fabric case_1 m75 
INFO: [HLS 200-1510] Running: set_directive_bind_op -op mul -impl fabric case_1 m76 
INFO: [HLS 200-1510] Running: set_directive_bind_op -op mul -impl fabric case_1 m77 
INFO: [HLS 200-1510] Running: set_directive_bind_op -op mul -impl fabric case_1 m78 
INFO: [HLS 200-1510] Running: set_directive_bind_op -op mul -impl fabric case_1 m79 
INFO: [HLS 200-1510] Running: set_directive_bind_op -op mul -impl fabric case_1 m82 
INFO: [HLS 200-1510] Running: set_directive_bind_op -op mul -impl fabric case_1 m83 
INFO: [HLS 200-1510] Running: set_directive_bind_op -op mul -impl fabric case_1 m84 
INFO: [HLS 200-1510] Running: set_directive_bind_op -op mul -impl fabric case_1 m85 
INFO: [HLS 200-1510] Running: set_directive_bind_op -op mul -impl fabric case_1 m86 
INFO: [HLS 200-1510] Running: set_directive_bind_op -op mul -impl fabric case_1 m87 
INFO: [HLS 200-1510] Running: set_directive_bind_op -op mul -impl fabric case_1 m88 
INFO: [HLS 200-1510] Running: set_directive_bind_op -op mul -impl fabric case_1 m89 
INFO: [HLS 200-1510] Running: set_directive_bind_op -op mul -impl fabric case_1 m90 
INFO: [HLS 200-1510] Running: set_directive_bind_op -op mul -impl fabric case_1 m91 
INFO: [HLS 200-1510] Running: set_directive_bind_op -op mul -impl fabric case_1 m92 
INFO: [HLS 200-1510] Running: set_directive_bind_op -op mul -impl fabric case_1 m93 
INFO: [HLS 200-1510] Running: set_directive_bind_op -op mul -impl fabric case_1 m95 
INFO: [HLS 200-1510] Running: set_directive_bind_op -op mul -impl fabric case_1 m96 
INFO: [HLS 200-1510] Running: set_directive_bind_op -op mul -impl fabric case_1 m97 
INFO: [HLS 200-1510] Running: set_directive_bind_op -op mul -impl fabric case_1 m98 
INFO: [HLS 200-1510] Running: set_directive_bind_op -op mul -impl fabric case_1 m99 
INFO: [HLS 200-1510] Running: set_directive_bind_op -op mul -impl fabric case_1 m100 
INFO: [HLS 200-1510] Running: set_directive_bind_op -op mul -impl fabric case_1 m101 
INFO: [HLS 200-1510] Running: set_directive_bind_op -op mul -impl fabric case_1 m102 
INFO: [HLS 200-1510] Running: set_directive_bind_op -op mul -impl fabric case_1 m103 
INFO: [HLS 200-1510] Running: set_directive_bind_op -op mul -impl fabric case_1 m104 
INFO: [HLS 200-1510] Running: set_directive_bind_op -op mul -impl fabric case_1 m105 
INFO: [HLS 200-1510] Running: set_directive_bind_op -op mul -impl fabric case_1 m106 
INFO: [HLS 200-1510] Running: csynth_design 
INFO: [HLS 200-111] Finished File checks and directory preparation: CPU user time: 1 seconds. CPU system time: 0.07 seconds. Elapsed time: 1.06 seconds; current allocated memory: 254.555 MB.
INFO: [HLS 200-10] Analyzing design file 'CASE/case_1/case_1.cc' ... 
INFO: [HLS 200-111] Finished Source Code Analysis and Preprocessing: CPU user time: 7.22 seconds. CPU system time: 0.59 seconds. Elapsed time: 7.82 seconds; current allocated memory: 258.840 MB.
INFO: [HLS 200-777] Using interface defaults for 'Vivado' flow target.
INFO: [HLS 200-1995] There were 15,196 instructions in the design after the 'Compile/Link' phase of compilation. See the Design Size Report for more details (/home/jjh/RL_test/HLS_Optimization/synthetic_case_generation/project_tmp/solution_tmp/syn/report/csynth_design_size.rpt:2)
INFO: [HLS 200-1995] There were 801 instructions in the design after the 'Unroll/Inline (step 1)' phase of compilation. See the Design Size Report for more details (/home/jjh/RL_test/HLS_Optimization/synthetic_case_generation/project_tmp/solution_tmp/syn/report/csynth_design_size.rpt:2)
INFO: [HLS 200-1995] There were 773 instructions in the design after the 'Unroll/Inline (step 2)' phase of compilation. See the Design Size Report for more details (/home/jjh/RL_test/HLS_Optimization/synthetic_case_generation/project_tmp/solution_tmp/syn/report/csynth_design_size.rpt:2)
INFO: [HLS 200-1995] There were 773 instructions in the design after the 'Unroll/Inline (step 3)' phase of compilation. See the Design Size Report for more details (/home/jjh/RL_test/HLS_Optimization/synthetic_case_generation/project_tmp/solution_tmp/syn/report/csynth_design_size.rpt:2)
INFO: [HLS 200-1995] There were 773 instructions in the design after the 'Unroll/Inline (step 4)' phase of compilation. See the Design Size Report for more details (/home/jjh/RL_test/HLS_Optimization/synthetic_case_generation/project_tmp/solution_tmp/syn/report/csynth_design_size.rpt:2)
INFO: [HLS 200-1995] There were 754 instructions in the design after the 'Array/Struct (step 1)' phase of compilation. See the Design Size Report for more details (/home/jjh/RL_test/HLS_Optimization/synthetic_case_generation/project_tmp/solution_tmp/syn/report/csynth_design_size.rpt:2)
INFO: [HLS 200-1995] There were 754 instructions in the design after the 'Array/Struct (step 2)' phase of compilation. See the Design Size Report for more details (/home/jjh/RL_test/HLS_Optimization/synthetic_case_generation/project_tmp/solution_tmp/syn/report/csynth_design_size.rpt:2)
INFO: [HLS 200-1995] There were 754 instructions in the design after the 'Array/Struct (step 3)' phase of compilation. See the Design Size Report for more details (/home/jjh/RL_test/HLS_Optimization/synthetic_case_generation/project_tmp/solution_tmp/syn/report/csynth_design_size.rpt:2)
INFO: [HLS 200-1995] There were 754 instructions in the design after the 'Array/Struct (step 4)' phase of compilation. See the Design Size Report for more details (/home/jjh/RL_test/HLS_Optimization/synthetic_case_generation/project_tmp/solution_tmp/syn/report/csynth_design_size.rpt:2)
INFO: [HLS 200-1995] There were 754 instructions in the design after the 'Array/Struct (step 5)' phase of compilation. See the Design Size Report for more details (/home/jjh/RL_test/HLS_Optimization/synthetic_case_generation/project_tmp/solution_tmp/syn/report/csynth_design_size.rpt:2)
INFO: [HLS 200-1995] There were 754 instructions in the design after the 'Performance (step 1)' phase of compilation. See the Design Size Report for more details (/home/jjh/RL_test/HLS_Optimization/synthetic_case_generation/project_tmp/solution_tmp/syn/report/csynth_design_size.rpt:2)
INFO: [HLS 200-1995] There were 754 instructions in the design after the 'Performance (step 2)' phase of compilation. See the Design Size Report for more details (/home/jjh/RL_test/HLS_Optimization/synthetic_case_generation/project_tmp/solution_tmp/syn/report/csynth_design_size.rpt:2)
INFO: [HLS 200-1995] There were 754 instructions in the design after the 'Performance (step 3)' phase of compilation. See the Design Size Report for more details (/home/jjh/RL_test/HLS_Optimization/synthetic_case_generation/project_tmp/solution_tmp/syn/report/csynth_design_size.rpt:2)
INFO: [HLS 200-1995] There were 754 instructions in the design after the 'Performance (step 4)' phase of compilation. See the Design Size Report for more details (/home/jjh/RL_test/HLS_Optimization/synthetic_case_generation/project_tmp/solution_tmp/syn/report/csynth_design_size.rpt:2)
INFO: [HLS 200-1995] There were 806 instructions in the design after the 'HW Transforms (step 1)' phase of compilation. See the Design Size Report for more details (/home/jjh/RL_test/HLS_Optimization/synthetic_case_generation/project_tmp/solution_tmp/syn/report/csynth_design_size.rpt:2)
INFO: [HLS 200-1995] There were 807 instructions in the design after the 'HW Transforms (step 2)' phase of compilation. See the Design Size Report for more details (/home/jjh/RL_test/HLS_Optimization/synthetic_case_generation/project_tmp/solution_tmp/syn/report/csynth_design_size.rpt:2)
INFO: [HLS 214-248] Applying array_partition to 'in_data': Complete partitioning on dimension 1. (CASE/case_1/case_1.cc:10:0)
INFO: [HLS 214-248] Applying array_partition to 'out_data': Complete partitioning on dimension 1. (CASE/case_1/case_1.cc:10:0)
INFO: [HLS 200-111] Finished Compiling Optimization and Transform: CPU user time: 4.38 seconds. CPU system time: 0.51 seconds. Elapsed time: 8.69 seconds; current allocated memory: 268.039 MB.
INFO: [HLS 200-111] Finished Checking Pragmas: CPU user time: 0 seconds. CPU system time: 0 seconds. Elapsed time: 0 seconds; current allocated memory: 268.039 MB.
INFO: [HLS 200-10] Starting code transformations ...
INFO: [HLS 200-111] Finished Standard Transforms: CPU user time: 0.05 seconds. CPU system time: 0 seconds. Elapsed time: 0.05 seconds; current allocated memory: 269.738 MB.
INFO: [HLS 200-10] Checking synthesizability ...
INFO: [HLS 200-111] Finished Checking Synthesizability: CPU user time: 0.06 seconds. CPU system time: 0.01 seconds. Elapsed time: 0.06 seconds; current allocated memory: 270.547 MB.
INFO: [HLS 200-111] Finished Loop, function and other optimizations: CPU user time: 0.16 seconds. CPU system time: 0.01 seconds. Elapsed time: 0.18 seconds; current allocated memory: 293.520 MB.
INFO: [HLS 200-111] Finished Architecture Synthesis: CPU user time: 0.27 seconds. CPU system time: 0.01 seconds. Elapsed time: 0.27 seconds; current allocated memory: 293.520 MB.
INFO: [HLS 200-10] Starting hardware synthesis ...
INFO: [HLS 200-10] Synthesizing 'case_1' ...
INFO: [HLS 200-10] ----------------------------------------------------------------
INFO: [HLS 200-42] -- Implementing module 'case_1' 
INFO: [HLS 200-10] ----------------------------------------------------------------
INFO: [SCHED 204-11] Starting scheduling ...
INFO: [HLS 200-486] Changing DSP latency (root=m62) to 3 in order to utilize available DSP registers.
INFO: [HLS 200-486] Changing DSP latency (root=m23) to 3 in order to utilize available DSP registers.
WARNING: [HLS 200-871] Estimated clock period (9.275 ns) exceeds the target (target clock period: 10.000 ns, clock uncertainty: 2.700 ns, effective delay budget: 7.300 ns).
Resolution: For help on HLS 200-871 see docs.xilinx.com/access/sources/dita/topic?Doc_Version=2025.1%20English&url=ug1448-hls-guidance&resourceid=200-871.html
WARNING: [HLS 200-1016] The critical path in module 'case_1' consists of the following:
	wire read operation ('in_data_6_read', CASE/case_1/case_1.cc:30) on port 'in_data_6' (CASE/case_1/case_1.cc:30) [82]  (0.000 ns)
	'mul' operation 17 bit ('mul_ln143', CASE/case_1/case_1.cc:143) [119]  (9.275 ns)

Resolution: For help on HLS 200-1016 see docs.xilinx.com/access/sources/dita/topic?Doc_Version=2025.1%20English&url=ug1448-hls-guidance&resourceid=200-1016.html
INFO: [SCHED 204-11] Finished scheduling.
INFO: [HLS 200-111] Finished Scheduling: CPU user time: 0.36 seconds. CPU system time: 0.02 seconds. Elapsed time: 0.39 seconds; current allocated memory: 293.520 MB.
INFO: [BIND 205-100] Starting micro-architecture generation ...
INFO: [BIND 205-101] Performing variable lifetime analysis.
INFO: [BIND 205-101] Exploring resource sharing.
INFO: [BIND 205-101] Binding ...
INFO: [BIND 205-100] Finished micro-architecture generation.
INFO: [HLS 200-111] Finished Binding: CPU user time: 0.09 seconds. CPU system time: 0 seconds. Elapsed time: 0.09 seconds; current allocated memory: 293.520 MB.
INFO: [HLS 200-10] ----------------------------------------------------------------
INFO: [HLS 200-10] -- Generating RTL for module 'case_1' 
INFO: [HLS 200-10] ----------------------------------------------------------------
INFO: [RTGEN 206-500] Setting interface mode on port 'case_1/in_data_0' to 'ap_none'.
INFO: [RTGEN 206-500] Setting interface mode on port 'case_1/in_data_1' to 'ap_none'.
INFO: [RTGEN 206-500] Setting interface mode on port 'case_1/in_data_2' to 'ap_none'.
INFO: [RTGEN 206-500] Setting interface mode on port 'case_1/in_data_3' to 'ap_none'.
INFO: [RTGEN 206-500] Setting interface mode on port 'case_1/in_data_4' to 'ap_none'.
INFO: [RTGEN 206-500] Setting interface mode on port 'case_1/in_data_5' to 'ap_none'.
INFO: [RTGEN 206-500] Setting interface mode on port 'case_1/in_data_6' to 'ap_none'.
INFO: [RTGEN 206-500] Setting interface mode on port 'case_1/in_data_7' to 'ap_none'.
INFO: [RTGEN 206-500] Setting interface mode on port 'case_1/in_data_8' to 'ap_none'.
INFO: [RTGEN 206-500] Setting interface mode on port 'case_1/in_data_9' to 'ap_none'.
INFO: [RTGEN 206-500] Setting interface mode on port 'case_1/in_data_10' to 'ap_none'.
INFO: [RTGEN 206-500] Setting interface mode on port 'case_1/in_data_11' to 'ap_none'.
INFO: [RTGEN 206-500] Setting interface mode on port 'case_1/in_data_12' to 'ap_none'.
INFO: [RTGEN 206-500] Setting interface mode on port 'case_1/in_data_13' to 'ap_none'.
INFO: [RTGEN 206-500] Setting interface mode on port 'case_1/in_data_14' to 'ap_none'.
INFO: [RTGEN 206-500] Setting interface mode on port 'case_1/out_data_0' to 'ap_vld'.
INFO: [RTGEN 206-500] Setting interface mode on port 'case_1/out_data_1' to 'ap_vld'.
INFO: [RTGEN 206-500] Setting interface mode on port 'case_1/out_data_2' to 'ap_vld'.
INFO: [RTGEN 206-500] Setting interface mode on port 'case_1/out_data_3' to 'ap_vld'.
INFO: [RTGEN 206-500] Setting interface mode on port 'case_1/out_data_4' to 'ap_vld'.
INFO: [RTGEN 206-500] Setting interface mode on port 'case_1/out_data_5' to 'ap_vld'.
INFO: [RTGEN 206-500] Setting interface mode on port 'case_1/out_data_6' to 'ap_vld'.
INFO: [RTGEN 206-500] Setting interface mode on port 'case_1/out_data_7' to 'ap_vld'.
INFO: [RTGEN 206-500] Setting interface mode on port 'case_1/out_data_8' to 'ap_vld'.
INFO: [RTGEN 206-500] Setting interface mode on port 'case_1/out_data_9' to 'ap_vld'.
INFO: [RTGEN 206-500] Setting interface mode on port 'case_1/out_data_10' to 'ap_vld'.
INFO: [RTGEN 206-500] Setting interface mode on function 'case_1' to 'ap_ctrl_hs'.
WARNING: [RTGEN 206-101] Port 'case_1/in_data_0' has no fanin or fanout and is left dangling.
               Please use C simulation to confirm this function argument can be read from or written to.
WARNING: [RTGEN 206-101] Port 'case_1/in_data_2' has no fanin or fanout and is left dangling.
               Please use C simulation to confirm this function argument can be read from or written to.
WARNING: [RTGEN 206-101] Port 'case_1/in_data_3' has no fanin or fanout and is left dangling.
               Please use C simulation to confirm this function argument can be read from or written to.
WARNING: [RTGEN 206-101] Port 'case_1/in_data_4' has no fanin or fanout and is left dangling.
               Please use C simulation to confirm this function argument can be read from or written to.
WARNING: [RTGEN 206-101] Port 'case_1/in_data_5' has no fanin or fanout and is left dangling.
               Please use C simulation to confirm this function argument can be read from or written to.
WARNING: [RTGEN 206-101] Port 'case_1/in_data_13' has no fanin or fanout and is left dangling.
               Please use C simulation to confirm this function argument can be read from or written to.
INFO: [RTGEN 206-100] Generating core module 'mac_muladd_10s_9s_9s_10_4_1': 1 instance(s).
INFO: [RTGEN 206-100] Generating core module 'mac_muladd_8s_8s_8ns_8_4_1': 1 instance(s).
INFO: [RTGEN 206-100] Generating core module 'mul_10ns_10ns_20_1_1': 3 instance(s).
INFO: [RTGEN 206-100] Generating core module 'mul_10ns_12ns_17_1_1': 2 instance(s).
INFO: [RTGEN 206-100] Generating core module 'mul_10ns_7ns_11_1_1': 1 instance(s).
INFO: [RTGEN 206-100] Generating core module 'mul_10ns_8ns_15_1_1': 1 instance(s).
INFO: [RTGEN 206-100] Generating core module 'mul_10ns_8ns_17_1_1': 1 instance(s).
INFO: [RTGEN 206-100] Generating core module 'mul_10ns_8s_18_1_1': 2 instance(s).
INFO: [RTGEN 206-100] Generating core module 'mul_10s_10s_20_1_1': 2 instance(s).
INFO: [RTGEN 206-100] Generating core module 'mul_10s_5s_15_1_1': 1 instance(s).
INFO: [RTGEN 206-100] Generating core module 'mul_11ns_10s_21_1_1': 1 instance(s).
INFO: [RTGEN 206-100] Generating core module 'mul_11ns_6s_17_1_1': 1 instance(s).
INFO: [RTGEN 206-100] Generating core module 'mul_11ns_8s_19_1_1': 2 instance(s).
INFO: [RTGEN 206-100] Generating core module 'mul_11s_5s_11_1_1': 1 instance(s).
INFO: [RTGEN 206-100] Generating core module 'mul_12ns_10ns_13_1_1': 1 instance(s).
INFO: [RTGEN 206-100] Generating core module 'mul_12ns_10s_22_1_1': 1 instance(s).
INFO: [RTGEN 206-100] Generating core module 'mul_12ns_5s_17_1_1': 1 instance(s).
INFO: [RTGEN 206-100] Generating core module 'mul_12ns_7s_17_1_1': 1 instance(s).
INFO: [RTGEN 206-100] Generating core module 'mul_12ns_7s_19_1_1': 1 instance(s).
INFO: [RTGEN 206-100] Generating core module 'mul_12ns_8ns_17_1_1': 1 instance(s).
INFO: [RTGEN 206-100] Generating core module 'mul_12s_11s_23_1_1': 1 instance(s).
INFO: [RTGEN 206-100] Generating core module 'mul_12s_5s_13_1_1': 1 instance(s).
INFO: [RTGEN 206-100] Generating core module 'mul_13ns_10ns_21_1_1': 1 instance(s).
INFO: [RTGEN 206-100] Generating core module 'mul_13ns_2s_15_1_1': 1 instance(s).
INFO: [RTGEN 206-100] Generating core module 'mul_13ns_8s_17_1_1': 1 instance(s).
INFO: [RTGEN 206-100] Generating core module 'mul_13ns_8s_21_1_1': 1 instance(s).
INFO: [RTGEN 206-100] Generating core module 'mul_13s_13s_14_1_1': 1 instance(s).
INFO: [RTGEN 206-100] Generating core module 'mul_13s_13s_26_1_1': 1 instance(s).
INFO: [RTGEN 206-100] Generating core module 'mul_13s_5s_13_1_1': 1 instance(s).
INFO: [RTGEN 206-100] Generating core module 'mul_14s_9s_23_1_1': 1 instance(s).
INFO: [RTGEN 206-100] Generating core module 'mul_16ns_6s_17_1_1': 1 instance(s).
INFO: [RTGEN 206-100] Generating core module 'mul_2ns_5s_5_1_1': 1 instance(s).
INFO: [RTGEN 206-100] Generating core module 'mul_3ns_3ns_6_1_1': 1 instance(s).
INFO: [RTGEN 206-100] Generating core module 'mul_3ns_6ns_7_1_1': 1 instance(s).
INFO: [RTGEN 206-100] Generating core module 'mul_4ns_4ns_8_1_1': 1 instance(s).
INFO: [RTGEN 206-100] Generating core module 'mul_5ns_10ns_11_1_1': 1 instance(s).
INFO: [RTGEN 206-100] Generating core module 'mul_5ns_5ns_10_1_1': 1 instance(s).
INFO: [RTGEN 206-100] Generating core module 'mul_5ns_7ns_11_1_1': 1 instance(s).
INFO: [RTGEN 206-100] Generating core module 'mul_5ns_8ns_11_1_1': 2 instance(s).
INFO: [RTGEN 206-100] Generating core module 'mul_5s_2s_7_1_1': 1 instance(s).
INFO: [RTGEN 206-100] Generating core module 'mul_5s_4s_9_1_1': 1 instance(s).
INFO: [RTGEN 206-100] Generating core module 'mul_6ns_11ns_13_1_1': 1 instance(s).
INFO: [RTGEN 206-100] Generating core module 'mul_6ns_5ns_11_1_1': 1 instance(s).
INFO: [RTGEN 206-100] Generating core module 'mul_6ns_5ns_7_1_1': 1 instance(s).
INFO: [RTGEN 206-100] Generating core module 'mul_6ns_6ns_11_1_1': 1 instance(s).
INFO: [RTGEN 206-100] Generating core module 'mul_6ns_6ns_12_1_1': 1 instance(s).
INFO: [RTGEN 206-100] Generating core module 'mul_6s_3s_9_1_1': 1 instance(s).
INFO: [RTGEN 206-100] Generating core module 'mul_6s_4s_10_1_1': 1 instance(s).
INFO: [RTGEN 206-100] Generating core module 'mul_6s_6s_6_1_1': 1 instance(s).
INFO: [RTGEN 206-100] Generating core module 'mul_7ns_6ns_13_1_1': 1 instance(s).
INFO: [RTGEN 206-100] Generating core module 'mul_7s_5s_10_1_1': 1 instance(s).
INFO: [RTGEN 206-100] Generating core module 'mul_7s_5s_12_1_1': 1 instance(s).
INFO: [RTGEN 206-100] Generating core module 'mul_8ns_5s_13_1_1': 1 instance(s).
INFO: [RTGEN 206-100] Generating core module 'mul_8s_8s_8_1_1': 1 instance(s).
INFO: [RTGEN 206-100] Generating core module 'mul_9ns_5s_13_1_1': 1 instance(s).
INFO: [RTGEN 206-100] Generating core module 'mul_9ns_5s_14_1_1': 1 instance(s).
INFO: [RTGEN 206-100] Generating core module 'mul_9ns_6ns_13_1_1': 1 instance(s).
INFO: [RTGEN 206-100] Generating core module 'mul_9ns_9ns_18_1_1': 2 instance(s).
INFO: [RTGEN 206-100] Generating core module 'mul_9s_6s_15_1_1': 1 instance(s).
INFO: [RTGEN 206-100] Generating core module 'mul_9s_8s_17_1_1': 1 instance(s).
INFO: [RTGEN 206-100] Generating core module 'mul_9s_9s_9_1_1': 1 instance(s).
INFO: [RTGEN 206-100] Finished creating RTL model for 'case_1'.
INFO: [HLS 200-111] Finished Creating RTL model: CPU user time: 0.19 seconds. CPU system time: 0.01 seconds. Elapsed time: 0.2 seconds; current allocated memory: 293.520 MB.
INFO: [HLS 200-111] Finished Generating all RTL models: CPU user time: 0.43 seconds. CPU system time: 0.05 seconds. Elapsed time: 0.49 seconds; current allocated memory: 298.438 MB.
INFO: [HLS 200-111] Finished Updating report files: CPU user time: 0.65 seconds. CPU system time: 0.05 seconds. Elapsed time: 0.69 seconds; current allocated memory: 302.699 MB.
INFO: [VHDL 208-304] Generating VHDL RTL for case_1.
INFO: [VLOG 209-307] Generating Verilog RTL for case_1.
INFO: [HLS 200-789] **** Estimated Fmax: 107.82 MHz
INFO: [HLS 200-2161] Finished Command csynth_design Elapsed time: 00:00:20; Allocated memory: 49.023 MB.
INFO: [HLS 200-1510] Running: export_design -evaluate verilog -format ip_catalog 
INFO: [IMPL 213-8] Exporting RTL as a Vivado IP.

****** Vivado v2025.1 (64-bit)
  **** SW Build 6140274 on Wed May 21 22:58:25 MDT 2025
  **** IP Build 6138677 on Thu May 22 03:10:11 MDT 2025
  **** SharedData Build 6139179 on Tue May 20 17:58:58 MDT 2025
  **** Start of session at: Wed Dec  3 19:42:02 2025
    ** Copyright 1986-2022 Xilinx, Inc. All Rights Reserved.
    ** Copyright 2022-2025 Advanced Micro Devices, Inc. All Rights Reserved.

source run_ippack.tcl -notrace
INFO: calling package_hls_ip ip_types=vitis sysgen json_file=/home/jjh/RL_test/HLS_Optimization/synthetic_case_generation/project_tmp/solution_tmp/solution_tmp_data.json outdir=/home/jjh/RL_test/HLS_Optimization/synthetic_case_generation/project_tmp/solution_tmp/impl/ip srcdir=/home/jjh/RL_test/HLS_Optimization/synthetic_case_generation/project_tmp/solution_tmp ippack_options_dict= ippack_options_dict=
INFO: Copied 1 ipmisc file(s) to /home/jjh/RL_test/HLS_Optimization/synthetic_case_generation/project_tmp/solution_tmp/impl/ip/misc
INFO: Copied 62 verilog file(s) to /home/jjh/RL_test/HLS_Optimization/synthetic_case_generation/project_tmp/solution_tmp/impl/ip/hdl/verilog
INFO: Copied 62 vhdl file(s) to /home/jjh/RL_test/HLS_Optimization/synthetic_case_generation/project_tmp/solution_tmp/impl/ip/hdl/vhdl
INFO: Import ports from HDL: /home/jjh/RL_test/HLS_Optimization/synthetic_case_generation/project_tmp/solution_tmp/impl/ip/hdl/vhdl/case_1.vhd (case_1)
INFO: Add clock interface ap_clk
INFO: Add reset interface ap_rst
INFO: Add ap_ctrl interface ap_ctrl
INFO: Add data interface in_data_0
INFO: Add data interface in_data_1
INFO: Add data interface in_data_2
INFO: Add data interface in_data_3
INFO: Add data interface in_data_4
INFO: Add data interface in_data_5
INFO: Add data interface in_data_6
INFO: Add data interface in_data_7
INFO: Add data interface in_data_8
INFO: Add data interface in_data_9
INFO: Add data interface in_data_10
INFO: Add data interface in_data_11
INFO: Add data interface in_data_12
INFO: Add data interface in_data_13
INFO: Add data interface in_data_14
INFO: Add data interface out_data_0
INFO: [IP_Flow 19-234] Refreshing IP repositories
INFO: [IP_Flow 19-1704] No user IP repositories specified
INFO: [IP_Flow 19-2313] Loaded Vivado IP repository '/tools/Xilinx/2025.1/Vivado/data/ip'.
INFO: Add data interface out_data_1
INFO: Add data interface out_data_2
INFO: Add data interface out_data_3
INFO: Add data interface out_data_4
INFO: Add data interface out_data_5
INFO: Add data interface out_data_6
INFO: Add data interface out_data_7
INFO: Add data interface out_data_8
INFO: Add data interface out_data_9
INFO: Add data interface out_data_10
INFO: Calling post_process_vitis to specialize IP
INFO: Calling post_process_sysgen to specialize IP
Generating sysgen info xml from json file
INFO: Created IP /home/jjh/RL_test/HLS_Optimization/synthetic_case_generation/project_tmp/solution_tmp/impl/ip/component.xml
INFO: Created IP archive /home/jjh/RL_test/HLS_Optimization/synthetic_case_generation/project_tmp/solution_tmp/impl/ip/xilinx_com_hls_case_1_1_0.zip
INFO: [Common 17-206] Exiting Vivado at Wed Dec  3 19:42:09 2025...
INFO: [IMPL 213-8] Starting RTL evaluation using Vivado ...

****** Vivado v2025.1 (64-bit)
  **** SW Build 6140274 on Wed May 21 22:58:25 MDT 2025
  **** IP Build 6138677 on Thu May 22 03:10:11 MDT 2025
  **** SharedData Build 6139179 on Tue May 20 17:58:58 MDT 2025
  **** Start of session at: Wed Dec  3 19:42:31 2025
    ** Copyright 1986-2022 Xilinx, Inc. All Rights Reserved.
    ** Copyright 2022-2025 Advanced Micro Devices, Inc. All Rights Reserved.

source run_vivado.tcl
# source ./settings.tcl
## set top_module case_1
## set language verilog
## set family zynq
## set device xc7z020
## set package -clg484
## set speed -1
## set clock ap_clk
## set fsm_ext "off"
## set add_io_buffers false 
# source -notrace ./extraction.tcl
# set vivado_proj_name project
# set vivado_proj_dir .
# set target_device "${device}${package}${speed}"
# set target_clk_period_ns "10.000"
# set target_clk_freq_hz [expr {floor(1000 / $target_clk_period_ns) * 1000000}]
# set other_clks_freq_hz {}
# set ip_vlnv xilinx.com:hls:case_1:1.0
# set ip_repo_path ../ip
# set bd_design_name bd_0
# set bd_inst_name hls_inst
# set bd_props {}
# set has_synth true
# set synth_design_args {-directive sdx_optimization_effort_high}
# set synth_dcp ""
# set synth_props {}
# set has_impl 1
# set impl_props {}
# set has_subcore 0
# set report_options [dict create]
# dict set report_options report_level 2
# dict set report_options report_max_paths 10
# dict set report_options stdout_hls_reports 1
# dict set report_options stdout_vivado_reports 0
# dict set report_options hls_project project_tmp
# dict set report_options hls_solution solution_tmp
# dict set report_options has_synth $has_synth
# dict set report_options has_impl $has_impl
# dict set report_options vivado_reportbasename $top_module
# dict set report_options vivado_reportdir ./report
# dict set report_options hls_impl_dir ..
# dict set report_options hls_reportdir ../report/$language
# dict set report_options target_clk_period $target_clk_period_ns
# dict set report_options target_device $target_device
# dict set report_options language $language
# dict set report_options clock_name $clock
# dict set report_options error_if_impl_timing_fails false
# dict set report_options topmodule "case_1"
# dict set report_options funcmodules {}
# dict set report_options bindmodules {case_1_mul_16ns_6s_17_1_1 case_1_mul_10ns_10ns_20_1_1 case_1_mul_6s_4s_10_1_1 case_1_mul_5s_4s_9_1_1 case_1_mul_10ns_12ns_17_1_1 case_1_mul_4ns_4ns_8_1_1 case_1_mul_8ns_5s_13_1_1 case_1_mul_10ns_8ns_15_1_1 case_1_mul_10s_10s_20_1_1 case_1_mul_10ns_7ns_11_1_1 case_1_mul_12s_5s_13_1_1 case_1_mul_12ns_7s_17_1_1 case_1_mul_10ns_8s_18_1_1 case_1_mul_5ns_8ns_11_1_1 case_1_mul_13s_13s_26_1_1 case_1_mul_10s_5s_15_1_1 case_1_mul_13s_5s_13_1_1 case_1_mul_10ns_8ns_17_1_1 case_1_mul_13s_13s_14_1_1 case_1_mul_12ns_8ns_17_1_1 case_1_mul_12ns_10s_22_1_1 case_1_mul_12ns_10ns_13_1_1 case_1_mul_13ns_8s_21_1_1 case_1_mul_13ns_2s_15_1_1 case_1_mul_11ns_8s_19_1_1 case_1_mul_6ns_11ns_13_1_1 case_1_mul_5ns_10ns_11_1_1 case_1_mul_12s_11s_23_1_1 case_1_mul_13ns_10ns_21_1_1 case_1_mul_13ns_8s_17_1_1 case_1_mul_9s_9s_9_1_1 case_1_mul_5ns_5ns_10_1_1 case_1_mul_9ns_9ns_18_1_1 case_1_mul_12ns_5s_17_1_1 case_1_mul_12ns_7s_19_1_1 case_1_mul_9ns_6ns_13_1_1 case_1_mul_6ns_5ns_11_1_1 case_1_mul_9ns_5s_14_1_1 case_1_mul_8s_8s_8_1_1 case_1_mul_6ns_6ns_11_1_1 case_1_mul_6ns_6ns_12_1_1 case_1_mul_6s_6s_6_1_1 case_1_mul_3ns_6ns_7_1_1 case_1_mul_9s_8s_17_1_1 case_1_mul_9ns_5s_13_1_1 case_1_mul_11s_5s_11_1_1 case_1_mul_6s_3s_9_1_1 case_1_mul_11ns_6s_17_1_1 case_1_mul_9s_6s_15_1_1 case_1_mul_11ns_10s_21_1_1 case_1_mul_6ns_5ns_7_1_1 case_1_mul_2ns_5s_5_1_1 case_1_mul_5ns_7ns_11_1_1 case_1_mul_7ns_6ns_13_1_1 case_1_mul_5s_2s_7_1_1 case_1_mul_3ns_3ns_6_1_1 case_1_mul_7s_5s_10_1_1 case_1_mul_7s_5s_12_1_1 case_1_mul_14s_9s_23_1_1 case_1_mac_muladd_10s_9s_9s_10_4_1 case_1_mac_muladd_8s_8s_8ns_8_4_1}
# dict set report_options max_module_depth 5
# create_project $vivado_proj_name $vivado_proj_dir -part $target_device -force
# set_property target_language $language [current_project]
# if { ![file exists $ip_repo_path] } {
#   error "Cannot find packaged HLS IP"
# }
# set_property ip_repo_paths [file normalize $ip_repo_path] [current_project]
# update_ip_catalog
INFO: [IP_Flow 19-234] Refreshing IP repositories
INFO: [IP_Flow 19-1700] Loaded user IP repository '/home/jjh/RL_test/HLS_Optimization/synthetic_case_generation/project_tmp/solution_tmp/impl/ip'.
INFO: [IP_Flow 19-2313] Loaded Vivado IP repository '/tools/Xilinx/2025.1/Vivado/data/ip'.
# create_bd_design bd_0
Wrote  : </home/jjh/RL_test/HLS_Optimization/synthetic_case_generation/project_tmp/solution_tmp/impl/verilog/project.srcs/sources_1/bd/bd_0/bd_0.bd> 
# set cell_inst [create_bd_cell -type ip -vlnv $ip_vlnv $bd_inst_name]
# if { [llength $bd_props] } { 
#   set_property -dict $bd_props $cell_inst 
# }
# make_bd_pins_external $cell_inst
# make_bd_intf_pins_external $cell_inst
# set bd_clk_ports [get_bd_ports -filter {TYPE==clk}]
# if { $target_clk_freq_hz ne "" } { 
#   foreach bd_clk_port $bd_clk_ports {
#     # Remove "_0" suffix from BD ports & interfaces so they match IP ports 
#     set clk_name [regsub {_0$} [get_property name $bd_clk_port] {}]
#     set port_freq_hz $target_clk_freq_hz
#     if { [dict exists $other_clks_freq_hz $clk_name] } {
#         set port_freq_hz [dict get $other_clks_freq_hz $clk_name]
#     }
#     set_property CONFIG.FREQ_HZ $port_freq_hz $bd_clk_port
#   }
# }
# foreach bd_port [get_bd_intf_ports] {
#   set_property name [regsub {_0$} [get_property name $bd_port] {}] $bd_port
# }
# foreach bd_port [get_bd_ports -filter {INTF!=TRUE}] {
#   set_property name [regsub {_0$} [get_property name $bd_port] {}] $bd_port
# }
# set s_axi_addr_width_min 32
WARNING: [BD 5-233] No interface ports matched 'get_bd_intf_ports -filter {MODE == "Slave" && VLNV =~ "xilinx.com:interface:aximm_rtl:*"}'
# foreach bd_port [get_bd_intf_ports -filter {MODE == "Slave" && VLNV =~ "xilinx.com:interface:aximm_rtl:*"}] {
#   set bd_port_addr_width [get_property CONFIG.ADDR_WIDTH $bd_port]
#   if { $bd_port_addr_width < $s_axi_addr_width_min } {
#     puts "INFO: Updating $bd_port CONFIG.ADDR_WIDTH to $s_axi_addr_width_min"
#     set_property CONFIG.ADDR_WIDTH $s_axi_addr_width_min $bd_port
#   }
# }
# set_msg_config -id {[BD 41-1265]} -severity {CRITICAL WARNING} -new_severity {INFO}
# assign_bd_address
INFO: [BD 41-3093] Triggering Legacy Auto Assign Algorithm
Wrote  : </home/jjh/RL_test/HLS_Optimization/synthetic_case_generation/project_tmp/solution_tmp/impl/verilog/project.srcs/sources_1/bd/bd_0/bd_0.bd> 
Verilog Output written to : /home/jjh/RL_test/HLS_Optimization/synthetic_case_generation/project_tmp/solution_tmp/impl/verilog/project.gen/sources_1/bd/bd_0/synth/bd_0.v
Verilog Output written to : /home/jjh/RL_test/HLS_Optimization/synthetic_case_generation/project_tmp/solution_tmp/impl/verilog/project.gen/sources_1/bd/bd_0/sim/bd_0.v
Verilog Output written to : /home/jjh/RL_test/HLS_Optimization/synthetic_case_generation/project_tmp/solution_tmp/impl/verilog/project.gen/sources_1/bd/bd_0/hdl/bd_0_wrapper.v
# set toprtl [make_wrapper -files [get_files ${bd_design_name}.bd] -top]
# add_files -norecurse $toprtl
# set top_inst_name [file root [file tail $toprtl]]
# puts "Using BD top: $top_inst_name"
Using BD top: bd_0_wrapper
# set xdc_files [glob -nocomplain ./*.xdc]
# if { [llength $xdc_files] } {
#     add_files -fileset constrs_1 -norecurse $xdc_files
# }
# launch_runs synth_1 -scripts_only
INFO: [BD 41-1662] The design 'bd_0.bd' is already validated. Therefore parameter propagation will not be re-run.
Verilog Output written to : /home/jjh/RL_test/HLS_Optimization/synthetic_case_generation/project_tmp/solution_tmp/impl/verilog/project.gen/sources_1/bd/bd_0/synth/bd_0.v
Verilog Output written to : /home/jjh/RL_test/HLS_Optimization/synthetic_case_generation/project_tmp/solution_tmp/impl/verilog/project.gen/sources_1/bd/bd_0/sim/bd_0.v
Verilog Output written to : /home/jjh/RL_test/HLS_Optimization/synthetic_case_generation/project_tmp/solution_tmp/impl/verilog/project.gen/sources_1/bd/bd_0/hdl/bd_0_wrapper.v
INFO: [BD 41-1029] Generation completed for the IP Integrator block hls_inst .
Exporting to file /home/jjh/RL_test/HLS_Optimization/synthetic_case_generation/project_tmp/solution_tmp/impl/verilog/project.gen/sources_1/bd/bd_0/hw_handoff/bd_0.hwh
Generated Hardware Definition File /home/jjh/RL_test/HLS_Optimization/synthetic_case_generation/project_tmp/solution_tmp/impl/verilog/project.gen/sources_1/bd/bd_0/synth/bd_0.hwdef
WARNING: [Vivado 12-7122] Auto Incremental Compile:: No reference checkpoint was found in run synth_1. Auto-incremental flow will not be run, the standard flow will be run instead.
launch_runs: Time (s): cpu = 00:00:09 ; elapsed = 00:00:09 . Memory (MB): peak = 1678.457 ; gain = 48.023 ; free physical = 92597 ; free virtual = 117784
# foreach run [get_runs -filter {IS_SYNTHESIS == 1}] {
#   reset_run [get_runs $run]
# }
# set_property XPM_LIBRARIES {XPM_MEMORY XPM_FIFO} [current_project]
# hls_vivado_reports_setup $report_options
TIMESTAMP: HLS-REPORT: initialize report directories: 2025-12-03 19:42:48 KST
# if { $has_subcore } { report_ip_status }
# if { $has_synth || $has_impl } {
#   # synth properties setting
#   set_property -name {STEPS.SYNTH_DESIGN.ARGS.MORE OPTIONS} -value {-mode out_of_context} -objects [get_runs synth_1]
#   set ip_inst [get_ips -quiet ${bd_design_name}*${bd_inst_name}*]
#   if { ![llength $ip_inst] } {
#       error "Cannot find HLS IP instance: ${bd_design_name}*${bd_inst_name}*"
#   }
#   set synth_run [get_runs -filter {IS_SYNTHESIS == 1} ${ip_inst}*]
#   if { ![llength $synth_run] } {
#       error "Cannot find synth run for HLS IP: ${ip_inst}*"
#   }
# 
#   if { [llength $synth_design_args] } {
#       set_property -name {STEPS.SYNTH_DESIGN.ARGS.MORE OPTIONS} -value $synth_design_args -objects $synth_run
#   }
# 
#   if { [llength $synth_props] } {
#     set_property -dict $synth_props $synth_run
#   }
# 
#   # launch run synth
#   launch_runs synth_1
#   wait_on_run synth_1
#   # synth reports
#   hls_vivado_reports_synth synth_1 $report_options
#   if { $synth_dcp ne "" } {
#     file mkdir [file dirname $synth_dcp]
#     set run_dcp [glob -nocomplain [get_property DIRECTORY $synth_run]/*.dcp]
#     if { [llength $run_dcp] != 1 } { error "Cannot find single dcp file for run $synth_run" }
#     file copy -force $run_dcp $synth_dcp
#   }
# }
WARNING: [Vivado 12-7122] Auto Incremental Compile:: No reference checkpoint was found in run synth_1. Auto-incremental flow will not be run, the standard flow will be run instead.
[Wed Dec  3 19:42:48 2025] Launched bd_0_hls_inst_0_synth_1...
Run output will be captured here: /home/jjh/RL_test/HLS_Optimization/synthetic_case_generation/project_tmp/solution_tmp/impl/verilog/project.runs/bd_0_hls_inst_0_synth_1/runme.log
[Wed Dec  3 19:42:48 2025] Launched synth_1...
Run output will be captured here: /home/jjh/RL_test/HLS_Optimization/synthetic_case_generation/project_tmp/solution_tmp/impl/verilog/project.runs/synth_1/runme.log
[Wed Dec  3 19:42:48 2025] Waiting for synth_1 to finish...
