Copyright 1986-2022 Xilinx, Inc. All Rights Reserved. Copyright 2022-2025 Advanced Micro Devices, Inc. All Rights Reserved.
---------------------------------------------------------------------------------------------------------------------------------------------
| Tool Version : Vivado v.2025.1 (lin64) Build 6140274 Wed May 21 22:58:25 MDT 2025
| Date         : Tue Dec 23 15:20:30 2025
| Host         : woong-Super-Server running 64-bit Ubuntu 24.04.3 LTS
| Command      : report_design_analysis -file ./report/case_11_design_analysis_synth.rpt
| Design       : bd_0_wrapper
| Device       : xc7z020
| Design State : Synthesized
---------------------------------------------------------------------------------------------------------------------------------------------

Report Design Analysis

Table of Contents
-----------------
1. Setup Path Characteristics 1-1
2. Logic Level Distribution
3. Placer Final Level Congestion Reporting
4. SLR Net Crossing Reporting

1. Setup Path Characteristics 1-1
---------------------------------

+---------------------------+---------------------------------------------------+
|      Characteristics      |                      Path #1                      |
+---------------------------+---------------------------------------------------+
| Requirement               | 10.000                                            |
| Path Delay                | 8.494                                             |
| Logic Delay               | 6.095(72%)                                        |
| Net Delay                 | 2.399(28%)                                        |
| Clock Skew                | -0.049                                            |
| Slack                     | 1.422                                             |
| Clock Uncertainty         | 0.035                                             |
| Clock Pair Classification | Timed                                             |
| Clock Delay Group         | Same Clock                                        |
| Logic Levels              | 2                                                 |
| Routes                    | NA                                                |
| Logical Path              | DSP48E1/CLK-(111)-DSP48E1-(46)-DSP48E1-(2)-FDRE/D |
| Start Point Clock         | ap_clk                                            |
| End Point Clock           | ap_clk                                            |
| DSP Block                 | Seq                                               |
| RAM Registers             | None-None                                         |
| IO Crossings              | 0                                                 |
| Config Crossings          | 0                                                 |
| SLR Crossings             | 0                                                 |
| PBlocks                   | 0                                                 |
| High Fanout               | 111                                               |
| ASYNC REG                 | 0                                                 |
| Dont Touch                | 0                                                 |
| Mark Debug                | 0                                                 |
| Start Point Pin Primitive | DSP48E1/CLK                                       |
| End Point Pin Primitive   | FDRE/D                                            |
| Start Point Pin           | m37_reg_1988_reg/CLK                              |
| End Point Pin             | out_data_4_preg_reg[0]/D                          |
+---------------------------+---------------------------------------------------+
* Bounding box calculated as % of dimensions for the target device (308, 299)


2. Logic Level Distribution
---------------------------

+-----------------+-------------+----+-----+----+----+-----+----+-----+----+
| End Point Clock | Requirement |  0 |  1  |  2 |  3 |  4  |  5 |  6  |  7 |
+-----------------+-------------+----+-----+----+----+-----+----+-----+----+
| ap_clk          | 10.000ns    | 48 | 450 | 13 | 19 | 218 | 93 | 118 | 41 |
+-----------------+-------------+----+-----+----+----+-----+----+-----+----+
* Columns represent the logic levels per end point clock
** Distribution is for top worst 1000 paths


3. Placer Final Level Congestion Reporting
------------------------------------------

+-----------+------+-------+------------+--------+---------------+----------------+-----+--------+------+------+------+-----+-------+-----+------------+
| Direction | Type | Level | Congestion | Window | Combined LUTs | Avg LUT Inputs | LUT | LUTRAM | Flop | MUXF | RAMB | DSP | CARRY | SRL | Cell Names |
+-----------+------+-------+------------+--------+---------------+----------------+-----+--------+------+------+------+-----+-------+-----+------------+
* The design has not been placed, hence congestion data is not available. The command report_design_analysis -congestion should be run only after place_design has completed.


4. SLR Net Crossing Reporting
-----------------------------

+------------+-----------------------------+
| Cell Names | Number of Nets crossing SLR |
+------------+-----------------------------+
* The current part is not an SSI device


