Copyright 1986-2022 Xilinx, Inc. All Rights Reserved. Copyright 2022-2024 Advanced Micro Devices, Inc. All Rights Reserved.
---------------------------------------------------------------------------------------------------------------------------------------------
| Tool Version : Vivado v.2024.2 (lin64) Build 5239630 Fri Nov 08 22:34:34 MST 2024
| Date         : Fri Sep 26 17:57:40 2025
| Host         : DESKTOP-S15BKKL running 64-bit Ubuntu 22.04.5 LTS
| Command      : report_utilization -hierarchical -hierarchical_depth 5 -file ./report/case_1_utilization_hierarchical_routed.rpt
| Design       : bd_0_wrapper
| Device       : xc7z020clg484-1
| Speed File   : -1
| Design State : Routed
---------------------------------------------------------------------------------------------------------------------------------------------

Utilization Design Information

Table of Contents
-----------------
1. Utilization by Hierarchy

1. Utilization by Hierarchy
---------------------------

+----------------------------------------------------------+--------------------------------------------------------------+------------+------------+---------+------+-----+--------+--------+------------+
|                         Instance                         |                            Module                            | Total LUTs | Logic LUTs | LUTRAMs | SRLs | FFs | RAMB36 | RAMB18 | DSP Blocks |
+----------------------------------------------------------+--------------------------------------------------------------+------------+------------+---------+------+-----+--------+--------+------------+
| bd_0_wrapper                                             |                                                        (top) |       1599 |       1599 |       0 |    0 | 648 |      0 |      0 |         74 |
|   bd_0_i                                                 |                                                         bd_0 |       1599 |       1599 |       0 |    0 | 648 |      0 |      0 |         74 |
|     hls_inst                                             |                                              bd_0_hls_inst_0 |       1599 |       1599 |       0 |    0 | 648 |      0 |      0 |         74 |
|       (hls_inst)                                         |                                              bd_0_hls_inst_0 |          0 |          0 |       0 |    0 |   0 |      0 |      0 |          0 |
|       inst                                               |                                       bd_0_hls_inst_0_case_1 |       1599 |       1599 |       0 |    0 | 648 |      0 |      0 |         74 |
|         (inst)                                           |                                       bd_0_hls_inst_0_case_1 |         77 |         77 |       0 |    0 | 579 |      0 |      0 |         33 |
|         am_addmul_11s_10s_11s_11_4_1_U145                |          bd_0_hls_inst_0_case_1_am_addmul_11s_10s_11s_11_4_1 |         10 |         10 |       0 |    0 |   0 |      0 |      0 |          1 |
|           case_1_am_addmul_11s_10s_11s_11_4_1_DSP48_0_U  |  bd_0_hls_inst_0_case_1_am_addmul_11s_10s_11s_11_4_1_DSP48_0 |         10 |         10 |       0 |    0 |   0 |      0 |      0 |          1 |
|         am_addmul_11s_7s_9s_12_4_1_U147                  |            bd_0_hls_inst_0_case_1_am_addmul_11s_7s_9s_12_4_1 |          1 |          1 |       0 |    0 |   0 |      0 |      0 |          1 |
|           case_1_am_addmul_11s_7s_9s_12_4_1_DSP48_0_U    |    bd_0_hls_inst_0_case_1_am_addmul_11s_7s_9s_12_4_1_DSP48_0 |          1 |          1 |       0 |    0 |   0 |      0 |      0 |          1 |
|         am_addmul_6ns_6ns_6s_6_4_1_U143                  |            bd_0_hls_inst_0_case_1_am_addmul_6ns_6ns_6s_6_4_1 |         24 |         24 |       0 |    0 |  24 |      0 |      0 |          0 |
|           case_1_am_addmul_6ns_6ns_6s_6_4_1_DSP48_0_U    |    bd_0_hls_inst_0_case_1_am_addmul_6ns_6ns_6s_6_4_1_DSP48_0 |         24 |         24 |       0 |    0 |  24 |      0 |      0 |          0 |
|         am_addmul_7ns_7ns_7s_7_4_1_U144                  |            bd_0_hls_inst_0_case_1_am_addmul_7ns_7ns_7s_7_4_1 |         24 |         24 |       0 |    0 |  21 |      0 |      0 |          1 |
|           case_1_am_addmul_7ns_7ns_7s_7_4_1_DSP48_0_U    |    bd_0_hls_inst_0_case_1_am_addmul_7ns_7ns_7s_7_4_1_DSP48_0 |         24 |         24 |       0 |    0 |  21 |      0 |      0 |          1 |
|         mac_muladd_10s_10s_10s_10_4_1_U142               |         bd_0_hls_inst_0_case_1_mac_muladd_10s_10s_10s_10_4_1 |         12 |         12 |       0 |    0 |   0 |      0 |      0 |          2 |
|           case_1_mac_muladd_10s_10s_10s_10_4_1_DSP48_0_U | bd_0_hls_inst_0_case_1_mac_muladd_10s_10s_10s_10_4_1_DSP48_0 |         12 |         12 |       0 |    0 |   0 |      0 |      0 |          2 |
|         mac_muladd_7s_6s_6s_7_4_1_U146                   |             bd_0_hls_inst_0_case_1_mac_muladd_7s_6s_6s_7_4_1 |         52 |         52 |       0 |    0 |  24 |      0 |      0 |          0 |
|           case_1_mac_muladd_7s_6s_6s_7_4_1_DSP48_0_U     |     bd_0_hls_inst_0_case_1_mac_muladd_7s_6s_6s_7_4_1_DSP48_0 |         52 |         52 |       0 |    0 |  24 |      0 |      0 |          0 |
|         mul_10s_10s_10_1_1_U111                          |                    bd_0_hls_inst_0_case_1_mul_10s_10s_10_1_1 |         45 |         45 |       0 |    0 |   0 |      0 |      0 |          1 |
|         mul_10s_4s_10_1_1_U54                            |                     bd_0_hls_inst_0_case_1_mul_10s_4s_10_1_1 |         40 |         40 |       0 |    0 |   0 |      0 |      0 |          0 |
|         mul_10s_5s_10_1_1_U107                           |                     bd_0_hls_inst_0_case_1_mul_10s_5s_10_1_1 |          6 |          6 |       0 |    0 |   0 |      0 |      0 |          0 |
|         mul_10s_5s_13_1_1_U141                           |                     bd_0_hls_inst_0_case_1_mul_10s_5s_13_1_1 |         26 |         26 |       0 |    0 |   0 |      0 |      0 |          0 |
|         mul_10s_5s_13_1_1_U3                             |                   bd_0_hls_inst_0_case_1_mul_10s_5s_13_1_1_0 |         45 |         45 |       0 |    0 |   0 |      0 |      0 |          0 |
|         mul_10s_7s_14_1_1_U59                            |                     bd_0_hls_inst_0_case_1_mul_10s_7s_14_1_1 |         14 |         14 |       0 |    0 |   0 |      0 |      0 |          1 |
|         mul_10s_8s_12_1_1_U34                            |                     bd_0_hls_inst_0_case_1_mul_10s_8s_12_1_1 |         13 |         13 |       0 |    0 |   0 |      0 |      0 |          1 |
|         mul_11s_11s_11_1_1_U123                          |                    bd_0_hls_inst_0_case_1_mul_11s_11s_11_1_1 |          0 |          0 |       0 |    0 |   0 |      0 |      0 |          1 |
|         mul_11s_11s_11_1_1_U83                           |                  bd_0_hls_inst_0_case_1_mul_11s_11s_11_1_1_1 |          9 |          9 |       0 |    0 |   0 |      0 |      0 |          1 |
|         mul_11s_5s_11_1_1_U89                            |                     bd_0_hls_inst_0_case_1_mul_11s_5s_11_1_1 |         40 |         40 |       0 |    0 |   0 |      0 |      0 |          0 |
|         mul_11s_5s_12_1_1_U87                            |                     bd_0_hls_inst_0_case_1_mul_11s_5s_12_1_1 |         34 |         34 |       0 |    0 |   0 |      0 |      0 |          0 |
|         mul_11s_6s_13_1_1_U108                           |                     bd_0_hls_inst_0_case_1_mul_11s_6s_13_1_1 |          9 |          9 |       0 |    0 |   0 |      0 |      0 |          1 |
|         mul_11s_7s_11_1_1_U79                            |                     bd_0_hls_inst_0_case_1_mul_11s_7s_11_1_1 |          0 |          0 |       0 |    0 |   0 |      0 |      0 |          1 |
|         mul_12ns_2s_13_1_1_U12                           |                    bd_0_hls_inst_0_case_1_mul_12ns_2s_13_1_1 |          8 |          8 |       0 |    0 |   0 |      0 |      0 |          0 |
|         mul_12s_10s_14_1_1_U85                           |                    bd_0_hls_inst_0_case_1_mul_12s_10s_14_1_1 |          4 |          4 |       0 |    0 |   0 |      0 |      0 |          1 |
|         mul_12s_11s_15_1_1_U99                           |                    bd_0_hls_inst_0_case_1_mul_12s_11s_15_1_1 |          0 |          0 |       0 |    0 |   0 |      0 |      0 |          1 |
|         mul_12s_12s_12_1_1_U71                           |                    bd_0_hls_inst_0_case_1_mul_12s_12s_12_1_1 |          0 |          0 |       0 |    0 |   0 |      0 |      0 |          1 |
|         mul_12s_12s_12_1_1_U75                           |                  bd_0_hls_inst_0_case_1_mul_12s_12s_12_1_1_2 |          0 |          0 |       0 |    0 |   0 |      0 |      0 |          1 |
|         mul_12s_12s_13_1_1_U95                           |                    bd_0_hls_inst_0_case_1_mul_12s_12s_13_1_1 |          0 |          0 |       0 |    0 |   0 |      0 |      0 |          1 |
|         mul_12s_12s_24_1_1_U60                           |                    bd_0_hls_inst_0_case_1_mul_12s_12s_24_1_1 |          0 |          0 |       0 |    0 |   0 |      0 |      0 |          1 |
|         mul_12s_4s_12_1_1_U53                            |                     bd_0_hls_inst_0_case_1_mul_12s_4s_12_1_1 |         37 |         37 |       0 |    0 |   0 |      0 |      0 |          0 |
|         mul_12s_4s_13_1_1_U70                            |                     bd_0_hls_inst_0_case_1_mul_12s_4s_13_1_1 |         38 |         38 |       0 |    0 |   0 |      0 |      0 |          0 |
|         mul_12s_5s_13_1_1_U116                           |                     bd_0_hls_inst_0_case_1_mul_12s_5s_13_1_1 |         26 |         26 |       0 |    0 |   0 |      0 |      0 |          0 |
|         mul_12s_6s_12_1_1_U62                            |                     bd_0_hls_inst_0_case_1_mul_12s_6s_12_1_1 |          0 |          0 |       0 |    0 |   0 |      0 |      0 |          1 |
|         mul_12s_6s_12_1_1_U69                            |                   bd_0_hls_inst_0_case_1_mul_12s_6s_12_1_1_3 |          5 |          5 |       0 |    0 |   0 |      0 |      0 |          1 |
|         mul_12s_6s_16_1_1_U81                            |                     bd_0_hls_inst_0_case_1_mul_12s_6s_16_1_1 |          5 |          5 |       0 |    0 |   0 |      0 |      0 |          1 |
|         mul_12s_8s_20_1_1_U113                           |                     bd_0_hls_inst_0_case_1_mul_12s_8s_20_1_1 |          3 |          3 |       0 |    0 |   0 |      0 |      0 |          1 |
|         mul_13s_10s_15_1_1_U129                          |                    bd_0_hls_inst_0_case_1_mul_13s_10s_15_1_1 |         10 |         10 |       0 |    0 |   0 |      0 |      0 |          1 |
|         mul_13s_11s_13_1_1_U132                          |                    bd_0_hls_inst_0_case_1_mul_13s_11s_13_1_1 |          0 |          0 |       0 |    0 |   0 |      0 |      0 |          1 |
|         mul_13s_12s_13_1_1_U93                           |                    bd_0_hls_inst_0_case_1_mul_13s_12s_13_1_1 |          0 |          0 |       0 |    0 |   0 |      0 |      0 |          1 |
|         mul_13s_13s_13_1_1_U109                          |                    bd_0_hls_inst_0_case_1_mul_13s_13s_13_1_1 |          0 |          0 |       0 |    0 |   0 |      0 |      0 |          1 |
|         mul_13s_7s_13_1_1_U103                           |                     bd_0_hls_inst_0_case_1_mul_13s_7s_13_1_1 |         13 |         13 |       0 |    0 |   0 |      0 |      0 |          1 |
|         mul_13s_9s_16_1_1_U17                            |                     bd_0_hls_inst_0_case_1_mul_13s_9s_16_1_1 |          1 |          1 |       0 |    0 |   0 |      0 |      0 |          1 |
|         mul_14s_13s_14_1_1_U125                          |                    bd_0_hls_inst_0_case_1_mul_14s_13s_14_1_1 |          0 |          0 |       0 |    0 |   0 |      0 |      0 |          1 |
|         mul_14s_8s_14_1_1_U44                            |                     bd_0_hls_inst_0_case_1_mul_14s_8s_14_1_1 |          2 |          2 |       0 |    0 |   0 |      0 |      0 |          1 |
|         mul_15s_14s_15_1_1_U139                          |                    bd_0_hls_inst_0_case_1_mul_15s_14s_15_1_1 |          0 |          0 |       0 |    0 |   0 |      0 |      0 |          1 |
|         mul_16s_16s_16_1_1_U2                            |                    bd_0_hls_inst_0_case_1_mul_16s_16s_16_1_1 |          0 |          0 |       0 |    0 |   0 |      0 |      0 |          1 |
|         mul_16s_5s_16_1_1_U11                            |                     bd_0_hls_inst_0_case_1_mul_16s_5s_16_1_1 |          0 |          0 |       0 |    0 |   0 |      0 |      0 |          1 |
|         mul_2s_2s_2_1_1_U31                              |                       bd_0_hls_inst_0_case_1_mul_2s_2s_2_1_1 |          1 |          1 |       0 |    0 |   0 |      0 |      0 |          0 |
|         mul_4s_3s_7_1_1_U35                              |                       bd_0_hls_inst_0_case_1_mul_4s_3s_7_1_1 |         10 |         10 |       0 |    0 |   0 |      0 |      0 |          0 |
|         mul_4s_4s_4_1_1_U32                              |                       bd_0_hls_inst_0_case_1_mul_4s_4s_4_1_1 |          4 |          4 |       0 |    0 |   0 |      0 |      0 |          0 |
|         mul_5s_3s_5_1_1_U66                              |                       bd_0_hls_inst_0_case_1_mul_5s_3s_5_1_1 |         20 |         20 |       0 |    0 |   0 |      0 |      0 |          0 |
|         mul_5s_5s_5_1_1_U102                             |                       bd_0_hls_inst_0_case_1_mul_5s_5s_5_1_1 |          0 |          0 |       0 |    0 |   0 |      0 |      0 |          0 |
|         mul_5s_5s_5_1_1_U117                             |                     bd_0_hls_inst_0_case_1_mul_5s_5s_5_1_1_4 |         18 |         18 |       0 |    0 |   0 |      0 |      0 |          0 |
|         mul_5s_5s_5_1_1_U118                             |                     bd_0_hls_inst_0_case_1_mul_5s_5s_5_1_1_5 |          4 |          4 |       0 |    0 |   0 |      0 |      0 |          0 |
|         mul_5s_5s_5_1_1_U130                             |                     bd_0_hls_inst_0_case_1_mul_5s_5s_5_1_1_6 |          3 |          3 |       0 |    0 |   0 |      0 |      0 |          0 |
|         mul_5s_5s_5_1_1_U131                             |                     bd_0_hls_inst_0_case_1_mul_5s_5s_5_1_1_7 |          3 |          3 |       0 |    0 |   0 |      0 |      0 |          0 |
|         mul_5s_5s_5_1_1_U49                              |                     bd_0_hls_inst_0_case_1_mul_5s_5s_5_1_1_8 |         14 |         14 |       0 |    0 |   0 |      0 |      0 |          0 |
|         mul_5s_5s_5_1_1_U90                              |                     bd_0_hls_inst_0_case_1_mul_5s_5s_5_1_1_9 |         12 |         12 |       0 |    0 |   0 |      0 |      0 |          0 |
|         mul_6s_4s_6_1_1_U114                             |                       bd_0_hls_inst_0_case_1_mul_6s_4s_6_1_1 |          6 |          6 |       0 |    0 |   0 |      0 |      0 |          0 |
|         mul_6s_4s_6_1_1_U120                             |                    bd_0_hls_inst_0_case_1_mul_6s_4s_6_1_1_10 |          0 |          0 |       0 |    0 |   0 |      0 |      0 |          0 |
|         mul_6s_5s_6_1_1_U61                              |                       bd_0_hls_inst_0_case_1_mul_6s_5s_6_1_1 |         11 |         11 |       0 |    0 |   0 |      0 |      0 |          0 |
|         mul_6s_5s_6_1_1_U63                              |                    bd_0_hls_inst_0_case_1_mul_6s_5s_6_1_1_11 |         11 |         11 |       0 |    0 |   0 |      0 |      0 |          0 |
|         mul_6s_5s_6_1_1_U68                              |                    bd_0_hls_inst_0_case_1_mul_6s_5s_6_1_1_12 |          3 |          3 |       0 |    0 |   0 |      0 |      0 |          0 |
|         mul_6s_5s_9_1_1_U74                              |                       bd_0_hls_inst_0_case_1_mul_6s_5s_9_1_1 |         28 |         28 |       0 |    0 |   0 |      0 |      0 |          0 |
|         mul_6s_6s_6_1_1_U101                             |                       bd_0_hls_inst_0_case_1_mul_6s_6s_6_1_1 |          9 |          9 |       0 |    0 |   0 |      0 |      0 |          0 |
|         mul_6s_6s_6_1_1_U110                             |                    bd_0_hls_inst_0_case_1_mul_6s_6s_6_1_1_13 |         11 |         11 |       0 |    0 |   0 |      0 |      0 |          0 |
|         mul_6s_6s_6_1_1_U14                              |                    bd_0_hls_inst_0_case_1_mul_6s_6s_6_1_1_14 |         18 |         18 |       0 |    0 |   0 |      0 |      0 |          0 |
|         mul_6s_6s_6_1_1_U15                              |                    bd_0_hls_inst_0_case_1_mul_6s_6s_6_1_1_15 |         18 |         18 |       0 |    0 |   0 |      0 |      0 |          0 |
|         mul_6s_6s_6_1_1_U24                              |                    bd_0_hls_inst_0_case_1_mul_6s_6s_6_1_1_16 |         24 |         24 |       0 |    0 |   0 |      0 |      0 |          0 |
|         mul_6s_6s_6_1_1_U33                              |                    bd_0_hls_inst_0_case_1_mul_6s_6s_6_1_1_17 |         16 |         16 |       0 |    0 |   0 |      0 |      0 |          0 |
|         mul_6s_6s_6_1_1_U73                              |                    bd_0_hls_inst_0_case_1_mul_6s_6s_6_1_1_18 |         11 |         11 |       0 |    0 |   0 |      0 |      0 |          0 |
|         mul_6s_6s_6_1_1_U77                              |                    bd_0_hls_inst_0_case_1_mul_6s_6s_6_1_1_19 |         17 |         17 |       0 |    0 |   0 |      0 |      0 |          0 |
|         mul_6s_6s_9_1_1_U40                              |                       bd_0_hls_inst_0_case_1_mul_6s_6s_9_1_1 |         23 |         23 |       0 |    0 |   0 |      0 |      0 |          0 |
|         mul_7s_2s_9_1_1_U57                              |                       bd_0_hls_inst_0_case_1_mul_7s_2s_9_1_1 |          4 |          4 |       0 |    0 |   0 |      0 |      0 |          0 |
|         mul_7s_4s_7_1_1_U19                              |                       bd_0_hls_inst_0_case_1_mul_7s_4s_7_1_1 |         12 |         12 |       0 |    0 |   0 |      0 |      0 |          0 |
|         mul_7s_4s_7_1_1_U39                              |                    bd_0_hls_inst_0_case_1_mul_7s_4s_7_1_1_20 |         19 |         19 |       0 |    0 |   0 |      0 |      0 |          0 |
|         mul_7s_5s_10_1_1_U137                            |                      bd_0_hls_inst_0_case_1_mul_7s_5s_10_1_1 |          1 |          1 |       0 |    0 |   0 |      0 |      0 |          0 |
|         mul_7s_5s_12_1_1_U133                            |                      bd_0_hls_inst_0_case_1_mul_7s_5s_12_1_1 |         25 |         25 |       0 |    0 |   0 |      0 |      0 |          0 |
|         mul_7s_5s_7_1_1_U140                             |                       bd_0_hls_inst_0_case_1_mul_7s_5s_7_1_1 |          7 |          7 |       0 |    0 |   0 |      0 |      0 |          0 |
|         mul_7s_6s_7_1_1_U128                             |                       bd_0_hls_inst_0_case_1_mul_7s_6s_7_1_1 |          0 |          0 |       0 |    0 |   0 |      0 |      0 |          0 |
|         mul_7s_7s_11_1_1_U80                             |                      bd_0_hls_inst_0_case_1_mul_7s_7s_11_1_1 |         45 |         45 |       0 |    0 |   0 |      0 |      0 |          0 |
|         mul_7s_7s_7_1_1_U1                               |                       bd_0_hls_inst_0_case_1_mul_7s_7s_7_1_1 |         24 |         24 |       0 |    0 |   0 |      0 |      0 |          0 |
|         mul_7s_7s_7_1_1_U124                             |                    bd_0_hls_inst_0_case_1_mul_7s_7s_7_1_1_21 |         30 |         30 |       0 |    0 |   0 |      0 |      0 |          0 |
|         mul_7s_7s_7_1_1_U36                              |                    bd_0_hls_inst_0_case_1_mul_7s_7s_7_1_1_22 |         32 |         32 |       0 |    0 |   0 |      0 |      0 |          0 |
|         mul_7s_7s_7_1_1_U47                              |                    bd_0_hls_inst_0_case_1_mul_7s_7s_7_1_1_23 |         26 |         26 |       0 |    0 |   0 |      0 |      0 |          0 |
|         mul_7s_7s_7_1_1_U55                              |                    bd_0_hls_inst_0_case_1_mul_7s_7s_7_1_1_24 |         24 |         24 |       0 |    0 |   0 |      0 |      0 |          0 |
|         mul_7s_7s_7_1_1_U96                              |                    bd_0_hls_inst_0_case_1_mul_7s_7s_7_1_1_25 |         12 |         12 |       0 |    0 |   0 |      0 |      0 |          0 |
|         mul_8s_5s_8_1_1_U8                               |                       bd_0_hls_inst_0_case_1_mul_8s_5s_8_1_1 |         19 |         19 |       0 |    0 |   0 |      0 |      0 |          0 |
|         mul_8s_6s_8_1_1_U106                             |                       bd_0_hls_inst_0_case_1_mul_8s_6s_8_1_1 |         13 |         13 |       0 |    0 |   0 |      0 |      0 |          0 |
|         mul_8s_6s_8_1_1_U38                              |                    bd_0_hls_inst_0_case_1_mul_8s_6s_8_1_1_26 |         32 |         32 |       0 |    0 |   0 |      0 |      0 |          0 |
|         mul_8s_6s_8_1_1_U67                              |                    bd_0_hls_inst_0_case_1_mul_8s_6s_8_1_1_27 |         29 |         29 |       0 |    0 |   0 |      0 |      0 |          0 |
|         mul_8s_7s_13_1_1_U48                             |                      bd_0_hls_inst_0_case_1_mul_8s_7s_13_1_1 |         51 |         51 |       0 |    0 |   0 |      0 |      0 |          0 |
|         mul_8s_7s_8_1_1_U104                             |                       bd_0_hls_inst_0_case_1_mul_8s_7s_8_1_1 |         29 |         29 |       0 |    0 |   0 |      0 |      0 |          0 |
|         mul_8s_8s_8_1_1_U138                             |                       bd_0_hls_inst_0_case_1_mul_8s_8s_8_1_1 |         27 |         27 |       0 |    0 |   0 |      0 |      0 |          0 |
|         mul_8s_8s_8_1_1_U29                              |                    bd_0_hls_inst_0_case_1_mul_8s_8s_8_1_1_28 |         19 |         19 |       0 |    0 |   0 |      0 |      0 |          0 |
|         mul_8s_8s_8_1_1_U30                              |                    bd_0_hls_inst_0_case_1_mul_8s_8s_8_1_1_29 |         32 |         32 |       0 |    0 |   0 |      0 |      0 |          0 |
|         mul_8s_8s_8_1_1_U37                              |                    bd_0_hls_inst_0_case_1_mul_8s_8s_8_1_1_30 |         20 |         20 |       0 |    0 |   0 |      0 |      0 |          0 |
|         mul_9s_2s_10_1_1_U46                             |                      bd_0_hls_inst_0_case_1_mul_9s_2s_10_1_1 |          1 |          1 |       0 |    0 |   0 |      0 |      0 |          1 |
|         mul_9s_6s_9_1_1_U121                             |                       bd_0_hls_inst_0_case_1_mul_9s_6s_9_1_1 |         18 |         18 |       0 |    0 |   0 |      0 |      0 |          1 |
|         mul_9s_6s_9_1_1_U94                              |                    bd_0_hls_inst_0_case_1_mul_9s_6s_9_1_1_31 |          1 |          1 |       0 |    0 |   0 |      0 |      0 |          1 |
|         mul_9s_7s_9_1_1_U91                              |                       bd_0_hls_inst_0_case_1_mul_9s_7s_9_1_1 |         38 |         38 |       0 |    0 |   0 |      0 |      0 |          0 |
|         mul_9s_8s_10_1_1_U26                             |                      bd_0_hls_inst_0_case_1_mul_9s_8s_10_1_1 |         16 |         16 |       0 |    0 |   0 |      0 |      0 |          1 |
|         mul_9s_8s_11_1_1_U58                             |                      bd_0_hls_inst_0_case_1_mul_9s_8s_11_1_1 |         13 |         13 |       0 |    0 |   0 |      0 |      0 |          1 |
|         mul_9s_9s_14_1_1_U105                            |                      bd_0_hls_inst_0_case_1_mul_9s_9s_14_1_1 |          0 |          0 |       0 |    0 |   0 |      0 |      0 |          1 |
|         mul_9s_9s_14_1_1_U115                            |                   bd_0_hls_inst_0_case_1_mul_9s_9s_14_1_1_32 |          7 |          7 |       0 |    0 |   0 |      0 |      0 |          1 |
|         mul_9s_9s_9_1_1_U122                             |                       bd_0_hls_inst_0_case_1_mul_9s_9s_9_1_1 |          0 |          0 |       0 |    0 |   0 |      0 |      0 |          1 |
|         mul_9s_9s_9_1_1_U76                              |                    bd_0_hls_inst_0_case_1_mul_9s_9s_9_1_1_33 |         32 |         32 |       0 |    0 |   0 |      0 |      0 |          0 |
|         mul_9s_9s_9_1_1_U97                              |                    bd_0_hls_inst_0_case_1_mul_9s_9s_9_1_1_34 |         33 |         33 |       0 |    0 |   0 |      0 |      0 |          0 |
+----------------------------------------------------------+--------------------------------------------------------------+------------+------------+---------+------+-----+--------+--------+------------+
* Note: The sum of lower-level cells may be larger than their parent cells total, due to cross-hierarchy LUT combining


