  **** HLS Build v2025.1 6135595
Sourcing Tcl script '/home/jjh/RL_test/HLS_Optimization/RL_solution/mu_2/3/script.tcl'
INFO: [HLS 200-1510] Running: open_project -reset project_tmp 
WARNING: [HLS 200-2182] The 'project_tmp' project will not automatically appear within Vitis IDE workspaces and is meant only for TCL batch use.  Please use open_component instead of open_project/open_solution to generate Vitis IDE compatible component files and directory structure.
Resolution: For help on HLS 200-2182 see docs.xilinx.com/access/sources/dita/topic?Doc_Version=2025.1%20English&url=ug1448-hls-guidance&resourceid=200-2182.html
INFO: [HLS 200-10] Creating and opening solution '/home/jjh/RL_test/HLS_Optimization/RL_solution/mu_2/3/project_tmp'.
INFO: [HLS 200-1510] Running: set_top case_3 
INFO: [HLS 200-1510] Running: add_files case_3.cc 
INFO: [HLS 200-10] Adding design file 'case_3.cc' to the project
INFO: [HLS 200-1510] Running: open_solution solution_tmp -flow_target vivado 
INFO: [HLS 200-10] Creating and opening solution '/home/jjh/RL_test/HLS_Optimization/RL_solution/mu_2/3/project_tmp/solution_tmp'.
INFO: [HLS 200-1505] Using flow_target 'vivado'
Resolution: For help on HLS 200-1505 see docs.xilinx.com/access/sources/dita/topic?Doc_Version=2025.1%20English&url=ug1448-hls-guidance&resourceid=200-1505.html
INFO: [HLS 200-1510] Running: set_part xc7z020clg400-1 
INFO: [HLS 200-1611] Setting target device to 'xc7z020-clg400-1'
INFO: [HLS 200-1510] Running: create_clock -period 10 -name default 
INFO: [SYN 201-201] Setting up clock 'default' with a period of 10ns.
INFO: [HLS 200-1510] Running: source ./directive.tcl
INFO: [HLS 200-1510] Running: set_directive_bind_op -op mul -impl fabric case_3 m44 
INFO: [HLS 200-1510] Running: csynth_design 
INFO: [HLS 200-111] Finished File checks and directory preparation: CPU user time: 0.84 seconds. CPU system time: 0.05 seconds. Elapsed time: 0.9 seconds; current allocated memory: 247.770 MB.
INFO: [HLS 200-10] Analyzing design file 'case_3.cc' ... 
INFO: [HLS 200-111] Finished Source Code Analysis and Preprocessing: CPU user time: 5.21 seconds. CPU system time: 0.56 seconds. Elapsed time: 5.77 seconds; current allocated memory: 249.754 MB.
INFO: [HLS 200-777] Using interface defaults for 'Vivado' flow target.
