

================================================================
== Synthesis Summary Report of 'case_9'
================================================================
+ General Information: 
    * Date:           Tue Sep 16 17:30:25 2025
    * Version:        2024.2 (Build 5238294 on Nov  8 2024)
    * Project:        project_tmp
    * Solution:       solution_tmp (Vivado IP Flow Target)
    * Product family: zynq
    * Target device:  xc7z020-clg484-1
    

+ Performance & Resource Estimates: 
    
    PS: '+' for module; 'o' for loop; '*' for dataflow
    +----------+------+------+---------+---------+----------+---------+------+----------+------+---------+-----------+-----------+-----+
    |  Modules | Issue|      | Latency | Latency | Iteration|         | Trip |          |      |         |           |           |     |
    |  & Loops | Type | Slack| (cycles)|   (ns)  |  Latency | Interval| Count| Pipelined| BRAM |   DSP   |     FF    |    LUT    | URAM|
    +----------+------+------+---------+---------+----------+---------+------+----------+------+---------+-----------+-----------+-----+
    |+ case_9  |     -|  0.02|       36|  360.000|         -|       37|     -|        no|     -|  15 (6%)|  1196 (1%)|  3664 (6%)|    -|
    +----------+------+------+---------+---------+----------+---------+------+----------+------+---------+-----------+-----------+-----+


================================================================
== HW Interfaces
================================================================
* Other Ports
+-------------+---------+-----------+----------+
| Port        | Mode    | Direction | Bitwidth |
+-------------+---------+-----------+----------+
| in_data_0   | ap_none | in        | 16       |
| in_data_1   | ap_none | in        | 16       |
| in_data_10  | ap_none | in        | 16       |
| in_data_11  | ap_none | in        | 16       |
| in_data_2   | ap_none | in        | 16       |
| in_data_3   | ap_none | in        | 16       |
| in_data_4   | ap_none | in        | 16       |
| in_data_5   | ap_none | in        | 16       |
| in_data_6   | ap_none | in        | 16       |
| in_data_7   | ap_none | in        | 16       |
| in_data_8   | ap_none | in        | 16       |
| in_data_9   | ap_none | in        | 16       |
| out_data_0  | ap_vld  | out       | 16       |
| out_data_1  | ap_vld  | out       | 16       |
| out_data_10 | ap_vld  | out       | 16       |
| out_data_11 | ap_vld  | out       | 16       |
| out_data_12 | ap_vld  | out       | 16       |
| out_data_13 | ap_vld  | out       | 16       |
| out_data_14 | ap_vld  | out       | 16       |
| out_data_15 | ap_vld  | out       | 16       |
| out_data_16 | ap_vld  | out       | 16       |
| out_data_17 | ap_vld  | out       | 16       |
| out_data_18 | ap_vld  | out       | 16       |
| out_data_19 | ap_vld  | out       | 16       |
| out_data_2  | ap_vld  | out       | 16       |
| out_data_20 | ap_vld  | out       | 16       |
| out_data_3  | ap_vld  | out       | 16       |
| out_data_4  | ap_vld  | out       | 16       |
| out_data_5  | ap_vld  | out       | 16       |
| out_data_6  | ap_vld  | out       | 16       |
| out_data_7  | ap_vld  | out       | 16       |
| out_data_8  | ap_vld  | out       | 16       |
| out_data_9  | ap_vld  | out       | 16       |
+-------------+---------+-----------+----------+

* TOP LEVEL CONTROL
+-----------+------------+-----------------------------------+
| Interface | Type       | Ports                             |
+-----------+------------+-----------------------------------+
| ap_clk    | clock      | ap_clk                            |
| ap_rst    | reset      | ap_rst                            |
| ap_ctrl   | ap_ctrl_hs | ap_done ap_idle ap_ready ap_start |
+-----------+------------+-----------------------------------+


================================================================
== SW I/O Information
================================================================
* Top Function Arguments
+----------+-----------+-------------+
| Argument | Direction | Datatype    |
+----------+-----------+-------------+
| in_data  | in        | ap_int<16>* |
| out_data | out       | ap_int<16>* |
+----------+-----------+-------------+

* SW-to-HW Mapping
+----------+--------------------+---------+
| Argument | HW Interface       | HW Type |
+----------+--------------------+---------+
| in_data  | in_data_0          | port    |
| in_data  | in_data_1          | port    |
| in_data  | in_data_2          | port    |
| in_data  | in_data_3          | port    |
| in_data  | in_data_4          | port    |
| in_data  | in_data_5          | port    |
| in_data  | in_data_6          | port    |
| in_data  | in_data_7          | port    |
| in_data  | in_data_8          | port    |
| in_data  | in_data_9          | port    |
| in_data  | in_data_10         | port    |
| in_data  | in_data_11         | port    |
| out_data | out_data_0         | port    |
| out_data | out_data_0_ap_vld  | port    |
| out_data | out_data_1         | port    |
| out_data | out_data_1_ap_vld  | port    |
| out_data | out_data_2         | port    |
| out_data | out_data_2_ap_vld  | port    |
| out_data | out_data_3         | port    |
| out_data | out_data_3_ap_vld  | port    |
| out_data | out_data_4         | port    |
| out_data | out_data_4_ap_vld  | port    |
| out_data | out_data_5         | port    |
| out_data | out_data_5_ap_vld  | port    |
| out_data | out_data_6         | port    |
| out_data | out_data_6_ap_vld  | port    |
| out_data | out_data_7         | port    |
| out_data | out_data_7_ap_vld  | port    |
| out_data | out_data_8         | port    |
| out_data | out_data_8_ap_vld  | port    |
| out_data | out_data_9         | port    |
| out_data | out_data_9_ap_vld  | port    |
| out_data | out_data_10        | port    |
| out_data | out_data_10_ap_vld | port    |
| out_data | out_data_11        | port    |
| out_data | out_data_11_ap_vld | port    |
| out_data | out_data_12        | port    |
| out_data | out_data_12_ap_vld | port    |
| out_data | out_data_13        | port    |
| out_data | out_data_13_ap_vld | port    |
| out_data | out_data_14        | port    |
| out_data | out_data_14_ap_vld | port    |
| out_data | out_data_15        | port    |
| out_data | out_data_15_ap_vld | port    |
| out_data | out_data_16        | port    |
| out_data | out_data_16_ap_vld | port    |
| out_data | out_data_17        | port    |
| out_data | out_data_17_ap_vld | port    |
| out_data | out_data_18        | port    |
| out_data | out_data_18_ap_vld | port    |
| out_data | out_data_19        | port    |
| out_data | out_data_19_ap_vld | port    |
| out_data | out_data_20        | port    |
| out_data | out_data_20_ap_vld | port    |
+----------+--------------------+---------+


================================================================
== Bind Op Report
================================================================
+-----------------------------------+-----+--------+-------------+-----+-----------+---------+
| Name                              | DSP | Pragma | Variable    | Op  | Impl      | Latency |
+-----------------------------------+-----+--------+-------------+-----+-----------+---------+
| + case_9                          | 15  |        |             |     |           |         |
|   mul_6s_6s_6_1_1_U1              |     |        | m14         | mul | auto      | 0       |
|   mac_muladd_6s_6s_6s_6_4_1_U132  | 1   |        | m15         | mul | dsp_slice | 3       |
|   mul_2s_2s_3_1_1_U2              |     |        | mul_ln207   | mul | auto      | 0       |
|   mul_3s_3s_3_1_1_U5              |     |        | m16         | mul | auto      | 0       |
|   mul_8s_7s_10_1_1_U3             |     |        | m17         | mul | auto      | 0       |
|   mul_12s_8s_12_1_1_U4            | 1   |        | m18         | mul | auto      | 0       |
|   mul_15s_12s_15_1_1_U6           | 1   |        | m19         | mul | auto      | 0       |
|   mul_2s_2s_2_1_1_U7              |     |        | m20         | mul | auto      | 0       |
|   mul_6s_6s_6_1_1_U8              |     |        | m21         | mul | auto      | 0       |
|   mul_10s_3s_11_1_1_U9            |     |        | m22         | mul | auto      | 0       |
|   mul_15s_10s_16_1_1_U11          | 1   |        | m23         | mul | auto      | 0       |
|   mul_5s_2s_5_1_1_U10             |     |        | m25         | mul | auto      | 0       |
|   mac_muladd_6s_6s_6s_6_4_1_U132  | 1   |        | add_ln228   | add | dsp_slice | 3       |
|   mul_6s_6s_6_1_1_U12             |     |        | m27         | mul | auto      | 0       |
|   mul_13s_11s_13_1_1_U13          | 1   |        | m28         | mul | auto      | 0       |
|   am_addmul_6ns_6ns_6s_6_4_1_U134 | 1   |        | add_ln233   | add | dsp_slice | 3       |
|   mul_6s_6s_6_1_1_U14             |     |        | m32         | mul | auto      | 0       |
|   mul_16s_13s_16_1_1_U15          | 1   |        | mul_ln224   | mul | auto      | 0       |
|   mul_5s_5s_5_1_1_U16             |     |        | mul_ln229   | mul | auto      | 0       |
|   mul_5s_5s_5_1_1_U18             |     |        | mul_ln229_1 | mul | auto      | 0       |
|   mul_6s_6s_6_1_1_U17             |     |        | mul_ln226   | mul | auto      | 0       |
|   mul_6s_6s_6_1_1_U19             |     |        | m35         | mul | auto      | 0       |
|   mul_5s_5s_5_1_1_U20             |     |        | m36         | mul | auto      | 0       |
|   mul_6s_5s_6_1_1_U21             |     |        | m37         | mul | auto      | 0       |
|   mac_muladd_5s_5s_5s_5_4_1_U133  | 1   |        | mul_ln229_2 | mul | dsp_slice | 3       |
|   mac_muladd_5s_5s_5s_5_4_1_U133  | 1   |        | m38         | add | dsp_slice | 3       |
|   mul_7s_6s_7_1_1_U24             |     |        | m40         | mul | auto      | 0       |
|   mul_6s_5s_6_1_1_U25             |     |        | mul_ln233   | mul | auto      | 0       |
|   am_addmul_6ns_6ns_6s_6_4_1_U134 | 1   |        | m42         | mul | dsp_slice | 3       |
|   mul_5s_5s_5_1_1_U22             |     |        | mul_ln234   | mul | auto      | 0       |
|   mul_5s_5s_5_1_1_U23             |     |        | m43         | mul | auto      | 0       |
|   mul_5s_5s_5_1_1_U26             |     |        | m44         | mul | auto      | 0       |
|   mul_6s_6s_6_1_1_U27             |     |        | m45         | mul | auto      | 0       |
|   mul_5s_5s_5_1_1_U29             |     |        | m46         | mul | auto      | 0       |
|   mul_4s_4s_4_1_1_U28             |     |        | m47         | mul | auto      | 0       |
|   add_ln244_fu_600_p2             |     |        | add_ln244   | add | fabric    | 0       |
|   mul_7s_5s_7_1_1_U30             |     |        | m50         | mul | auto      | 0       |
|   mul_4s_4s_4_1_1_U34             |     |        | m51         | mul | auto      | 0       |
|   mul_2s_2s_2_1_1_U31             |     |        | mul_ln244   | mul | auto      | 0       |
|   mul_2s_2s_2_1_1_U32             |     |        | m53         | mul | auto      | 0       |
|   mul_7s_5s_8_1_1_U35             |     |        | m54         | mul | auto      | 0       |
|   mul_2s_2s_2_1_1_U36             |     |        | mul_ln246   | mul | auto      | 0       |
|   mul_2s_2s_2_1_1_U37             |     |        | m55         | mul | auto      | 0       |
|   mul_5s_4s_6_1_1_U33             |     |        | m56         | mul | auto      | 0       |
|   mul_4s_2s_6_1_1_U42             |     |        | m57         | mul | auto      | 0       |
|   mul_3s_3s_3_1_1_U38             |     |        | m58         | mul | auto      | 0       |
|   mul_7s_4s_9_1_1_U43             |     |        | m59         | mul | auto      | 0       |
|   mul_4s_4s_5_1_1_U44             |     |        | mul_ln252   | mul | auto      | 0       |
|   mul_5s_5s_5_1_1_U45             |     |        | m61         | mul | auto      | 0       |
|   mul_2s_2s_4_1_1_U39             |     |        | m62         | mul | auto      | 0       |
|   mul_2s_2s_2_1_1_U40             |     |        | m63         | mul | auto      | 0       |
|   mul_2s_2s_2_1_1_U41             |     |        | m64         | mul | auto      | 0       |
|   mul_3s_2s_3_1_1_U46             |     |        | m65         | mul | auto      | 0       |
|   mul_3s_2s_3_1_1_U47             |     |        | m66         | mul | auto      | 0       |
|   mul_6s_2s_6_1_1_U48             |     |        | m67         | mul | auto      | 0       |
|   mul_4s_2s_4_1_1_U49             |     |        | m68         | mul | auto      | 0       |
|   mul_9s_5s_10_1_1_U50            |     |        | m69         | mul | auto      | 0       |
|   mul_4s_3s_4_1_1_U51             |     |        | m70         | mul | auto      | 0       |
|   mul_3s_3s_3_1_1_U52             |     |        | m71         | mul | auto      | 0       |
|   mul_4s_4s_8_1_1_U53             |     |        | m72         | mul | auto      | 0       |
|   m73_fu_736_p2                   |     |        | m73         | add | fabric    | 0       |
|   mul_3s_3s_3_1_1_U54             |     |        | m74         | mul | auto      | 0       |
|   mul_3s_3s_3_1_1_U55             |     |        | m75         | mul | auto      | 0       |
|   mul_8s_6s_12_1_1_U58            |     |        | mul_ln267   | mul | auto      | 0       |
|   mul_4s_3s_7_1_1_U59             |     |        | m77         | mul | auto      | 0       |
|   mul_2s_2s_2_1_1_U56             |     |        | m79         | mul | auto      | 0       |
|   mul_7s_3s_10_1_1_U60            |     |        | mul_ln271   | mul | auto      | 0       |
|   mul_3s_3s_3_1_1_U57             |     |        | mul_ln273   | mul | auto      | 0       |
|   mul_3s_3s_3_1_1_U61             |     |        | m82         | mul | auto      | 0       |
|   mul_7s_3s_7_1_1_U62             |     |        | m83         | mul | auto      | 0       |
|   mul_7s_7s_7_1_1_U63             |     |        | m85         | mul | auto      | 0       |
|   mul_7s_7s_7_1_1_U67             |     |        | m86         | mul | auto      | 0       |
|   mul_3s_3s_3_1_1_U64             |     |        | m87         | mul | auto      | 0       |
|   mul_7s_7s_7_1_1_U68             |     |        | m88         | mul | auto      | 0       |
|   mul_6s_6s_6_1_1_U65             |     |        | m90         | mul | auto      | 0       |
|   mul_7s_7s_7_1_1_U69             |     |        | mul_ln283   | mul | auto      | 0       |
|   mul_7s_6s_7_1_1_U66             |     |        | mul_ln290   | mul | auto      | 0       |
|   mul_7s_7s_7_1_1_U70             |     |        | m92         | mul | auto      | 0       |
|   m93_fu_1016_p2                  |     |        | m93         | add | fabric    | 0       |
|   mul_6s_6s_6_1_1_U71             |     |        | m95         | mul | auto      | 0       |
|   mul_6s_6s_6_1_1_U72             |     |        | m96         | mul | auto      | 0       |
|   mul_6s_6s_7_1_1_U75             |     |        | m97         | mul | auto      | 0       |
|   mul_2s_2s_2_1_1_U76             |     |        | mul_ln289   | mul | auto      | 0       |
|   m100_fu_1126_p2                 |     |        | m100        | add | fabric    | 0       |
|   mul_6s_6s_6_1_1_U77             |     |        | m101        | mul | auto      | 0       |
|   mul_3s_3s_3_1_1_U73             |     |        | mul_ln294   | mul | auto      | 0       |
|   mul_3s_3s_3_1_1_U74             |     |        | mul_ln303   | mul | auto      | 0       |
|   mul_7s_7s_10_1_1_U79            |     |        | m104        | mul | auto      | 0       |
|   mul_4s_4s_4_1_1_U78             |     |        | m105        | mul | auto      | 0       |
|   m106_fu_1157_p2                 |     |        | m106        | add | fabric    | 0       |
|   mul_6s_3s_7_1_1_U82             |     |        | m107        | mul | auto      | 0       |
|   mul_6s_6s_6_1_1_U80             |     |        | m108        | mul | auto      | 0       |
|   mul_6s_4s_8_1_1_U81             |     |        | mul_ln301   | mul | auto      | 0       |
|   mul_8s_6s_8_1_1_U83             |     |        | m110        | mul | auto      | 0       |
|   mul_7s_6s_13_1_1_U85            |     |        | m111        | mul | auto      | 0       |
|   m112_fu_1189_p2                 |     |        | m112        | add | fabric    | 0       |
|   mul_7s_6s_7_1_1_U84             |     |        | m113        | mul | auto      | 0       |
|   mul_7s_4s_7_1_1_U86             |     |        | m114        | mul | auto      | 0       |
|   mul_7s_4s_7_1_1_U87             |     |        | mul_ln330   | mul | auto      | 0       |
|   mul_10s_4s_10_1_1_U90           |     |        | m116        | mul | auto      | 0       |
|   mul_7s_4s_10_1_1_U88            |     |        | m117        | mul | auto      | 0       |
|   mul_5s_5s_5_1_1_U89             |     |        | m118        | mul | auto      | 0       |
|   mul_10s_7s_16_1_1_U91           |     |        | m119        | mul | auto      | 0       |
|   mul_5s_4s_6_1_1_U92             |     |        | m120        | mul | auto      | 0       |
|   mul_12s_10s_12_1_1_U93          | 1   |        | m121        | mul | auto      | 0       |
|   mul_9s_6s_9_1_1_U94             |     |        | m122        | mul | auto      | 0       |
|   mul_9s_4s_11_1_1_U96            |     |        | m123        | mul | auto      | 0       |
|   mul_10s_10s_10_1_1_U95          |     |        | m124        | mul | auto      | 0       |
|   mul_7s_7s_7_1_1_U97             |     |        | m125        | mul | auto      | 0       |
|   mul_7s_7s_7_1_1_U99             |     |        | m127        | mul | auto      | 0       |
|   mul_13s_9s_13_1_1_U100          | 1   |        | m128        | mul | auto      | 0       |
|   mul_10s_9s_10_1_1_U98           |     |        | m129        | mul | auto      | 0       |
|   mul_10s_6s_10_1_1_U101          |     |        | m131        | mul | auto      | 0       |
|   mul_10s_9s_10_1_1_U102          |     |        | m133        | mul | auto      | 0       |
|   mul_10s_10s_10_1_1_U103         |     |        | m134        | mul | auto      | 0       |
|   mul_13s_10s_13_1_1_U107         | 1   |        | m135        | mul | auto      | 0       |
|   mul_6s_6s_6_1_1_U104            |     |        | m137        | mul | auto      | 0       |
|   mul_8s_8s_8_1_1_U105            |     |        | m138        | mul | auto      | 0       |
|   mul_7s_7s_7_1_1_U106            |     |        | mul_ln330_2 | mul | auto      | 0       |
|   mul_7s_7s_7_1_1_U108            |     |        | m139        | mul | auto      | 0       |
|   mul_11s_7s_11_1_1_U110          | 1   |        | m140        | mul | auto      | 0       |
|   mul_7s_7s_7_1_1_U109            |     |        | m141        | mul | auto      | 0       |
|   m143_fu_1523_p2                 |     |        | m143        | add | fabric    | 0       |
|   mul_8s_7s_8_1_1_U112            |     |        | mul_ln335   | mul | auto      | 0       |
|   mul_8s_8s_8_1_1_U114            |     |        | m144        | mul | auto      | 0       |
|   add_ln336_fu_1538_p2            |     |        | add_ln336   | add | fabric    | 0       |
|   mul_9s_8s_9_1_1_U113            |     |        | m146        | mul | auto      | 0       |
|   mul_9s_8s_17_1_1_U115           |     |        | mul_ln338   | mul | auto      | 0       |
|   mul_14s_4s_14_1_1_U111          |     |        | m148        | mul | auto      | 0       |
|   mul_7s_7s_12_1_1_U116           |     |        | m149        | mul | auto      | 0       |
|   m151_fu_1626_p2                 |     |        | m151        | add | fabric    | 0       |
|   mul_4s_4s_4_1_1_U117            |     |        | m152        | mul | auto      | 0       |
|   mul_7s_6s_8_1_1_U118            |     |        | m153        | mul | auto      | 0       |
|   mul_11s_11s_11_1_1_U121         | 1   |        | m154        | mul | auto      | 0       |
|   mul_11s_4s_11_1_1_U119          |     |        | m155        | mul | auto      | 0       |
|   mac_muladd_6s_6s_4s_6_4_1_U135  | 1   |        | mul_ln353   | mul | dsp_slice | 3       |
|   mul_11s_4s_11_1_1_U122          |     |        | m157        | mul | auto      | 0       |
|   m159_fu_1711_p2                 |     |        | m159        | add | fabric    | 0       |
|   mul_4s_4s_4_1_1_U123            |     |        | m160        | mul | auto      | 0       |
|   mul_9s_8s_9_1_1_U120            |     |        | m161        | mul | auto      | 0       |
|   mac_muladd_6s_6s_4s_6_4_1_U135  | 1   |        | m162        | add | dsp_slice | 3       |
|   m163_fu_1718_p2                 |     |        | m163        | add | fabric    | 0       |
|   mul_6s_4s_8_1_1_U124            |     |        | m164        | mul | auto      | 0       |
|   mul_6s_6s_6_1_1_U125            |     |        | mul_ln356   | mul | auto      | 0       |
|   mul_6s_6s_6_1_1_U128            |     |        | m165        | mul | auto      | 0       |
|   mul_11s_6s_11_1_1_U129          | 1   |        | m166        | mul | auto      | 0       |
|   add_ln359_fu_1803_p2            |     |        | add_ln359   | add | fabric    | 0       |
|   m169_fu_1754_p2                 |     |        | m169        | add | fabric    | 0       |
|   m170_fu_1822_p2                 |     |        | m170        | add | fabric    | 0       |
|   mul_9s_7s_9_1_1_U126            |     |        | mul_ln362   | mul | auto      | 0       |
|   mul_9s_9s_9_1_1_U130            |     |        | m171        | mul | auto      | 0       |
|   mul_9s_6s_10_1_1_U131           |     |        | m172        | mul | auto      | 0       |
|   mul_9s_6s_11_1_1_U127           |     |        | m173        | mul | auto      | 0       |
+-----------------------------------+-----+--------+-------------+-----+-----------+---------+


================================================================
== Storage Report
================================================================
  No bind storage info in design

================================================================
== Pragma Report
================================================================
* Valid Pragma Syntax
+-----------------+----------------------------+---------------------------------------------+
| Type            | Options                    | Location                                    |
+-----------------+----------------------------+---------------------------------------------+
| array_partition | variable=in_data complete  | HLS/case_1/case_1.cc:12 in case_1, in_data  |
| array_partition | variable=out_data complete | HLS/case_1/case_1.cc:13 in case_1, out_data |
| array_partition | variable=in_data complete  | HLS/case_2/case_2.cc:12 in case_2, in_data  |
| array_partition | variable=out_data complete | HLS/case_2/case_2.cc:13 in case_2, out_data |
| array_partition | variable=in_data complete  | HLS/case_3/case_3.cc:12 in case_3, in_data  |
| array_partition | variable=out_data complete | HLS/case_3/case_3.cc:13 in case_3, out_data |
| array_partition | variable=in_data complete  | HLS/case_4/case_4.cc:12 in case_4, in_data  |
| array_partition | variable=out_data complete | HLS/case_4/case_4.cc:13 in case_4, out_data |
| array_partition | variable=in_data complete  | HLS/case_5/case_5.cc:12 in case_5, in_data  |
| array_partition | variable=out_data complete | HLS/case_5/case_5.cc:13 in case_5, out_data |
| array_partition | variable=in_data complete  | HLS/case_6/case_6.cc:12 in case_6, in_data  |
| array_partition | variable=out_data complete | HLS/case_6/case_6.cc:13 in case_6, out_data |
| array_partition | variable=in_data complete  | HLS/case_7/case_7.cc:12 in case_7, in_data  |
| array_partition | variable=out_data complete | HLS/case_7/case_7.cc:13 in case_7, out_data |
| array_partition | variable=in_data complete  | HLS/case_8/case_8.cc:12 in case_8, in_data  |
| array_partition | variable=out_data complete | HLS/case_8/case_8.cc:13 in case_8, out_data |
| array_partition | variable=in_data complete  | HLS/case_9/case_9.cc:12 in case_9, in_data  |
| array_partition | variable=out_data complete | HLS/case_9/case_9.cc:13 in case_9, out_data |
+-----------------+----------------------------+---------------------------------------------+


