

================================================================
== Synthesis Summary Report of 'case_11'
================================================================
+ General Information: 
    * Date:           Tue Dec 23 15:16:02 2025
    * Version:        2025.1 (Build 6135595 on May 21 2025)
    * Project:        project_tmp
    * Solution:       solution_tmp (Vivado IP Flow Target)
    * Product family: zynq
    * Target device:  xc7z020-clg484-1
    

+ Performance & Resource Estimates: 
    
    PS: '+' for module; 'o' for loop; '*' for dataflow
    +-----------+------+------+---------+---------+----------+---------+------+----------+------+----------+-----------+-----------+-----+
    |  Modules  | Issue|      |      Latency      | Iteration|         | Trip |          |      |          |           |           |     |
    |  & Loops  | Type | Slack| (cycles)|   (ns)  |  Latency | Interval| Count| Pipelined| BRAM |    DSP   |     FF    |    LUT    | URAM|
    +-----------+------+------+---------+---------+----------+---------+------+----------+------+----------+-----------+-----------+-----+
    |+ case_11  |     -|  0.07|       25|  250.000|         -|       26|     -|        no|     -|  32 (14%)|  1749 (1%)|  3770 (7%)|    -|
    +-----------+------+------+---------+---------+----------+---------+------+----------+------+----------+-----------+-----------+-----+


================================================================
== HW Interfaces
================================================================
* Other Ports
+-------------+---------+-----------+----------+
| Port        | Mode    | Direction | Bitwidth |
+-------------+---------+-----------+----------+
| in_data_0   | ap_none | in        | 16       |
| in_data_1   | ap_none | in        | 16       |
| in_data_10  | ap_none | in        | 16       |
| in_data_11  | ap_none | in        | 16       |
| in_data_12  | ap_none | in        | 16       |
| in_data_13  | ap_none | in        | 16       |
| in_data_14  | ap_none | in        | 16       |
| in_data_15  | ap_none | in        | 16       |
| in_data_16  | ap_none | in        | 16       |
| in_data_17  | ap_none | in        | 16       |
| in_data_18  | ap_none | in        | 16       |
| in_data_19  | ap_none | in        | 16       |
| in_data_2   | ap_none | in        | 16       |
| in_data_20  | ap_none | in        | 16       |
| in_data_21  | ap_none | in        | 16       |
| in_data_22  | ap_none | in        | 16       |
| in_data_23  | ap_none | in        | 16       |
| in_data_3   | ap_none | in        | 16       |
| in_data_4   | ap_none | in        | 16       |
| in_data_5   | ap_none | in        | 16       |
| in_data_6   | ap_none | in        | 16       |
| in_data_7   | ap_none | in        | 16       |
| in_data_8   | ap_none | in        | 16       |
| in_data_9   | ap_none | in        | 16       |
| out_data_0  | ap_none | out       | 16       |
| out_data_1  | ap_none | out       | 16       |
| out_data_10 | ap_none | out       | 16       |
| out_data_11 | ap_none | out       | 16       |
| out_data_12 | ap_none | out       | 16       |
| out_data_13 | ap_none | out       | 16       |
| out_data_14 | ap_none | out       | 16       |
| out_data_15 | ap_none | out       | 16       |
| out_data_16 | ap_none | out       | 16       |
| out_data_17 | ap_none | out       | 16       |
| out_data_18 | ap_none | out       | 16       |
| out_data_19 | ap_none | out       | 16       |
| out_data_2  | ap_none | out       | 16       |
| out_data_20 | ap_none | out       | 16       |
| out_data_21 | ap_none | out       | 16       |
| out_data_22 | ap_none | out       | 16       |
| out_data_23 | ap_none | out       | 16       |
| out_data_24 | ap_none | out       | 16       |
| out_data_3  | ap_none | out       | 16       |
| out_data_4  | ap_none | out       | 16       |
| out_data_5  | ap_none | out       | 16       |
| out_data_6  | ap_none | out       | 16       |
| out_data_7  | ap_none | out       | 16       |
| out_data_8  | ap_none | out       | 16       |
| out_data_9  | ap_none | out       | 16       |
+-------------+---------+-----------+----------+

* TOP LEVEL CONTROL
+-----------+------------+-----------------------------------+
| Interface | Type       | Ports                             |
+-----------+------------+-----------------------------------+
| ap_clk    | clock      | ap_clk                            |
| ap_rst    | reset      | ap_rst                            |
| ap_ctrl   | ap_ctrl_hs | ap_done ap_idle ap_ready ap_start |
+-----------+------------+-----------------------------------+


================================================================
== SW I/O Information
================================================================
* Top Function Arguments
+----------+-----------+-------------+
| Argument | Direction | Datatype    |
+----------+-----------+-------------+
| in_data  | in        | ap_int<16>* |
| out_data | out       | ap_int<16>* |
+----------+-----------+-------------+

* SW-to-HW Mapping
+----------+--------------+---------+
| Argument | HW Interface | HW Type |
+----------+--------------+---------+
| in_data  | in_data_0    | port    |
| in_data  | in_data_1    | port    |
| in_data  | in_data_2    | port    |
| in_data  | in_data_3    | port    |
| in_data  | in_data_4    | port    |
| in_data  | in_data_5    | port    |
| in_data  | in_data_6    | port    |
| in_data  | in_data_7    | port    |
| in_data  | in_data_8    | port    |
| in_data  | in_data_9    | port    |
| in_data  | in_data_10   | port    |
| in_data  | in_data_11   | port    |
| in_data  | in_data_12   | port    |
| in_data  | in_data_13   | port    |
| in_data  | in_data_14   | port    |
| in_data  | in_data_15   | port    |
| in_data  | in_data_16   | port    |
| in_data  | in_data_17   | port    |
| in_data  | in_data_18   | port    |
| in_data  | in_data_19   | port    |
| in_data  | in_data_20   | port    |
| in_data  | in_data_21   | port    |
| in_data  | in_data_22   | port    |
| in_data  | in_data_23   | port    |
| out_data | out_data_0   | port    |
| out_data | out_data_1   | port    |
| out_data | out_data_2   | port    |
| out_data | out_data_3   | port    |
| out_data | out_data_4   | port    |
| out_data | out_data_5   | port    |
| out_data | out_data_6   | port    |
| out_data | out_data_7   | port    |
| out_data | out_data_8   | port    |
| out_data | out_data_9   | port    |
| out_data | out_data_10  | port    |
| out_data | out_data_11  | port    |
| out_data | out_data_12  | port    |
| out_data | out_data_13  | port    |
| out_data | out_data_14  | port    |
| out_data | out_data_15  | port    |
| out_data | out_data_16  | port    |
| out_data | out_data_17  | port    |
| out_data | out_data_18  | port    |
| out_data | out_data_19  | port    |
| out_data | out_data_20  | port    |
| out_data | out_data_21  | port    |
| out_data | out_data_22  | port    |
| out_data | out_data_23  | port    |
| out_data | out_data_24  | port    |
+----------+--------------+---------+


================================================================
== Bind Op Report
================================================================
+------------------------------------------+-----+--------+-------------+-----+-----------+---------+
| Name                                     | DSP | Pragma | Variable    | Op  | Impl      | Latency |
+------------------------------------------+-----+--------+-------------+-----+-----------+---------+
| + case_11                                | 32  |        |             |     |           |         |
|   m25_fu_428_p2                          |     |        | m25         | add | fabric    | 0       |
|   mul_6s_6s_6_1_1_U1                     |     |        | mul_ln229   | mul | auto      | 0       |
|   mul_6s_6s_6_1_1_U2                     |     |        | m27         | mul | auto      | 0       |
|   m28_fu_495_p2                          |     |        | m28         | add | fabric    | 0       |
|   mul_14s_6s_16_1_1_U3                   | 1   |        | m29         | mul | auto      | 0       |
|   mul_11s_3s_14_1_1_U9                   |     |        | m30         | mul | auto      | 0       |
|   am_addmul_9s_5s_9s_9_4_1_U110          | 1   |        | m31         | add | dsp_slice | 3       |
|   mul_7s_5s_7_1_1_U5                     |     |        | m32         | mul | auto      | 0       |
|   mul_7s_7s_7_1_1_U10                    |     |        | m33         | mul | auto      | 0       |
|   mul_12ns_7s_13_1_1_U17                 | 1   |        | mul_ln236   | mul | auto      | 0       |
|   mul_12s_12s_12_1_1_U6                  | 1   |        | m35         | mul | auto      | 0       |
|   am_addmul_12s_11s_12s_12_4_1_U111      | 1   |        | m36         | add | dsp_slice | 3       |
|   mul_5s_5s_5_1_1_U4                     |     |        | m37         | mul | auto      | 0       |
|   am_addmul_12s_11s_12s_12_4_1_U111      | 1   |        | m38         | mul | dsp_slice | 3       |
|   mul_3s_3s_3_1_1_U11                    |     |        | m39         | mul | auto      | 0       |
|   mul_12s_7s_12_1_1_U7                   | 1   |        | m40         | mul | auto      | 0       |
|   mul_5s_5s_5_1_1_U8                     |     |        | m41         | mul | auto      | 0       |
|   mul_12s_12s_12_1_1_U22                 | 1   |        | m42         | mul | auto      | 0       |
|   mul_7s_7s_7_1_1_U13                    |     |        | m43         | mul | auto      | 0       |
|   mul_14s_7s_14_1_1_U12                  | 1   |        | m44         | mul | auto      | 0       |
|   m46_fu_779_p2                          |     |        | m46         | add | fabric    | 0       |
|   mul_7s_5s_11_1_1_U14                   |     |        | m47         | mul | auto      | 0       |
|   mul_10s_10s_10_1_1_U15                 |     |        | m48         | mul | auto      | 0       |
|   mul_11s_10s_12_1_1_U18                 | 1   |        | m49         | mul | auto      | 0       |
|   am_addmul_9s_5s_9s_9_4_1_U110          | 1   |        | m51         | mul | dsp_slice | 3       |
|   mul_9s_9s_9_1_1_U23                    |     |        | m52         | mul | auto      | 0       |
|   mul_11s_7s_15_1_1_U19                  | 1   |        | m53         | mul | auto      | 0       |
|   m54_fu_857_p2                          |     |        | m54         | add | fabric    | 0       |
|   mul_9s_9s_9_1_1_U20                    |     |        | m55         | mul | auto      | 0       |
|   mul_6s_6s_6_1_1_U24                    |     |        | m56         | mul | auto      | 0       |
|   mul_12s_9s_12_1_1_U25                  | 1   |        | m57         | mul | auto      | 0       |
|   mul_9s_9s_9_1_1_U26                    |     |        | m58         | mul | auto      | 0       |
|   ama_addmuladd_9ns_9ns_9s_5s_9_4_1_U112 | 1   |        | add_ln294   | add | dsp_slice | 3       |
|   mul_6s_5s_6_1_1_U27                    |     |        | m60         | mul | auto      | 0       |
|   mul_14s_12s_14_1_1_U16                 | 1   |        | m61         | mul | auto      | 0       |
|   mul_12s_12s_12_1_1_U30                 | 1   |        | m63         | mul | auto      | 0       |
|   mul_5s_5s_5_1_1_U31                    |     |        | m64         | mul | auto      | 0       |
|   mul_7s_7s_7_1_1_U35                    |     |        | m65         | mul | auto      | 0       |
|   mul_8s_8s_8_1_1_U28                    |     |        | m66         | mul | auto      | 0       |
|   mul_14s_10s_14_1_1_U21                 | 1   |        | m67         | mul | auto      | 0       |
|   mul_7s_6s_7_1_1_U32                    |     |        | m68         | mul | auto      | 0       |
|   mul_10s_9s_10_1_1_U29                  |     |        | mul_ln271   | mul | auto      | 0       |
|   mul_10s_10s_10_1_1_U33                 |     |        | m69         | mul | auto      | 0       |
|   am_addmul_10s_7s_11s_11_4_1_U113       | 1   |        | add_ln272   | add | dsp_slice | 3       |
|   mul_11s_7s_11_1_1_U36                  | 1   |        | m71         | mul | auto      | 0       |
|   mul_9s_7s_9_1_1_U37                    |     |        | mul_ln294   | mul | auto      | 0       |
|   ama_addmuladd_9ns_9ns_9s_5s_9_4_1_U112 | 1   |        | mul_ln294_1 | mul | dsp_slice | 3       |
|   mul_6s_6s_12_1_1_U34                   |     |        | m73         | mul | auto      | 0       |
|   m74_fu_1003_p2                         |     |        | m74         | add | fabric    | 0       |
|   mul_8s_8s_8_1_1_U38                    |     |        | m75         | mul | auto      | 0       |
|   m76_fu_1062_p2                         |     |        | m76         | add | fabric    | 0       |
|   mul_12s_7s_12_1_1_U39                  | 1   |        | m77         | mul | auto      | 0       |
|   am_addmul_10s_7s_11s_11_4_1_U113       | 1   |        | m78         | mul | dsp_slice | 3       |
|   mul_5s_5s_5_1_1_U44                    |     |        | m79         | mul | auto      | 0       |
|   m80_fu_1012_p2                         |     |        | m80         | add | fabric    | 0       |
|   mul_9s_7s_10_1_1_U41                   |     |        | m81         | mul | auto      | 0       |
|   mul_8s_7s_8_1_1_U40                    |     |        | mul_ln290   | mul | auto      | 0       |
|   mul_8s_8s_8_1_1_U42                    |     |        | mul_ln300   | mul | auto      | 0       |
|   mul_6s_6s_6_1_1_U45                    |     |        | m84         | mul | auto      | 0       |
|   mul_12s_6s_18_1_1_U51                  | 1   |        | mul_ln287   | mul | auto      | 0       |
|   mul_7s_7s_7_1_1_U46                    |     |        | m86         | mul | auto      | 0       |
|   mul_7s_5s_7_1_1_U47                    |     |        | m87         | mul | auto      | 0       |
|   mul_8s_8s_8_1_1_U43                    |     |        | m88         | mul | auto      | 0       |
|   mul_5s_5s_5_1_1_U48                    |     |        | m89         | mul | auto      | 0       |
|   mul_7s_7s_7_1_1_U49                    |     |        | m90         | mul | auto      | 0       |
|   mul_9s_8s_9_1_1_U52                    |     |        | m91         | mul | auto      | 0       |
|   ama_addmuladd_9ns_9ns_9s_5s_9_4_1_U112 | 1   |        | m92         | add | dsp_slice | 3       |
|   mul_12s_10s_16_1_1_U55                 | 1   |        | mul_ln295   | mul | auto      | 0       |
|   mul_10s_7s_15_1_1_U50                  |     |        | m94         | mul | auto      | 0       |
|   mul_6s_6s_6_1_1_U56                    |     |        | m95         | mul | auto      | 0       |
|   mul_11s_11s_11_1_1_U57                 | 1   |        | m96         | mul | auto      | 0       |
|   m98_fu_1200_p2                         |     |        | m98         | add | fabric    | 0       |
|   mul_6s_6s_6_1_1_U53                    |     |        | m99         | mul | auto      | 0       |
|   am_addmul_8s_7s_6s_8_4_1_U114          | 1   |        | add_ln302   | add | dsp_slice | 3       |
|   mul_7s_6s_7_1_1_U59                    |     |        | mul_ln314   | mul | auto      | 0       |
|   mul_9s_8s_9_1_1_U58                    |     |        | mul_ln306   | mul | auto      | 0       |
|   mul_9s_9s_9_1_1_U60                    |     |        | m104        | mul | auto      | 0       |
|   mul_9s_6s_9_1_1_U54                    |     |        | m105        | mul | auto      | 0       |
|   mul_9s_9s_14_1_1_U63                   |     |        | m106        | mul | auto      | 0       |
|   add_ln309_fu_1290_p2                   |     |        | add_ln309   | add | fabric    | 0       |
|   mul_9s_8s_9_1_1_U67                    |     |        | mul_ln320   | mul | auto      | 0       |
|   mul_9s_6s_10_1_1_U64                   |     |        | mul_ln330   | mul | auto      | 0       |
|   mul_7s_7s_7_1_1_U65                    |     |        | m112        | mul | auto      | 0       |
|   add_ln315_fu_1318_p2                   |     |        | add_ln315   | add | fabric    | 0       |
|   m114_fu_1253_p2                        |     |        | m114        | add | fabric    | 0       |
|   am_addmul_8s_7s_6s_8_4_1_U114          | 1   |        | mul_ln327   | mul | dsp_slice | 3       |
|   m116_fu_1327_p2                        |     |        | m116        | add | fabric    | 0       |
|   mul_4s_4s_4_1_1_U61                    |     |        | mul_ln319   | mul | auto      | 0       |
|   mul_4s_4s_4_1_1_U62                    |     |        | m117        | mul | auto      | 0       |
|   mul_9s_9s_9_1_1_U71                    |     |        | m118        | mul | auto      | 0       |
|   mul_11s_6s_17_1_1_U72                  | 1   |        | mul_ln322   | mul | auto      | 0       |
|   mul_8s_8s_8_1_1_U73                    |     |        | m125        | mul | auto      | 0       |
|   mul_6s_4s_6_1_1_U68                    |     |        | m126        | mul | auto      | 0       |
|   mul_6s_6s_6_1_1_U74                    |     |        | mul_ln329   | mul | auto      | 0       |
|   mul_6s_6s_6_1_1_U79                    |     |        | m127        | mul | auto      | 0       |
|   mul_10s_6s_10_1_1_U69                  |     |        | m128        | mul | auto      | 0       |
|   mul_7s_6s_7_1_1_U80                    |     |        | mul_ln340   | mul | auto      | 0       |
|   mul_7s_7s_7_1_1_U81                    |     |        | mul_ln332   | mul | auto      | 0       |
|   mul_7s_7s_7_1_1_U85                    |     |        | m130        | mul | auto      | 0       |
|   m131_fu_1385_p2                        |     |        | m131        | add | fabric    | 0       |
|   mul_10s_6s_10_1_1_U75                  |     |        | m133        | mul | auto      | 0       |
|   m135_fu_1507_p2                        |     |        | m135        | add | fabric    | 0       |
|   am_addmul_7s_6s_7s_7_4_1_U115          | 1   |        | add_ln338   | add | dsp_slice | 3       |
|   mul_7s_7s_7_1_1_U70                    |     |        | mul_ln338   | mul | auto      | 0       |
|   am_addmul_7s_6s_7s_7_4_1_U115          | 1   |        | m136        | mul | dsp_slice | 3       |
|   add_ln345_fu_1511_p2                   |     |        | add_ln345   | add | fabric    | 0       |
|   mul_13s_11s_13_1_1_U82                 | 1   |        | m140        | mul | auto      | 0       |
|   mul_5s_5s_5_1_1_U76                    |     |        | mul_ln344   | mul | auto      | 0       |
|   am_addmul_5ns_5ns_5s_5_4_1_U116        | 1   |        | add_ln344   | add | dsp_slice | 3       |
|   am_addmul_5ns_5ns_5s_5_4_1_U116        | 1   |        | m142        | mul | dsp_slice | 3       |
|   mul_4s_4s_4_1_1_U88                    |     |        | m143        | mul | auto      | 0       |
|   mul_12s_6s_12_1_1_U86                  | 1   |        | m144        | mul | auto      | 0       |
|   mul_4s_4s_4_1_1_U83                    |     |        | m145        | mul | auto      | 0       |
|   m146_fu_1532_p2                        |     |        | m146        | add | fabric    | 0       |
|   m147_fu_1541_p2                        |     |        | m147        | add | fabric    | 0       |
|   mul_8s_8s_8_1_1_U84                    |     |        | mul_ln358   | mul | auto      | 0       |
|   am_addmul_7s_7s_7s_7_4_1_U117          | 1   |        | m149        | add | dsp_slice | 3       |
|   am_addmul_7s_7s_7s_7_4_1_U117          | 1   |        | m150        | mul | dsp_slice | 3       |
|   mul_5s_5s_5_1_1_U89                    |     |        | m151        | mul | auto      | 0       |
|   mul_7s_7s_7_1_1_U87                    |     |        | m152        | mul | auto      | 0       |
|   mul_4s_4s_4_1_1_U66                    |     |        | mul_ln355   | mul | auto      | 0       |
|   mul_4s_4s_4_1_1_U77                    |     |        | mul_ln355_1 | mul | auto      | 0       |
|   mul_4s_4s_4_1_1_U78                    |     |        | m153        | mul | auto      | 0       |
|   mac_muladd_6s_4s_6ns_6_4_1_U119        | 1   |        | m154        | mul | dsp_slice | 3       |
|   mul_10s_10s_10_1_1_U90                 |     |        | mul_ln363   | mul | auto      | 0       |
|   mul_12s_4s_12_1_1_U94                  |     |        | m158        | mul | auto      | 0       |
|   mul_3s_3s_3_1_1_U95                    |     |        | mul_ln362   | mul | auto      | 0       |
|   mul_3s_3s_3_1_1_U96                    |     |        | m160        | mul | auto      | 0       |
|   mul_10s_10s_10_1_1_U97                 |     |        | m161        | mul | auto      | 0       |
|   mul_10s_5s_14_1_1_U102                 |     |        | m162        | mul | auto      | 0       |
|   mul_3s_3s_3_1_1_U91                    |     |        | mul_ln380   | mul | auto      | 0       |
|   mul_3s_3s_3_1_1_U92                    |     |        | mul_ln380_1 | mul | auto      | 0       |
|   mul_7s_4s_7_1_1_U98                    |     |        | mul_ln367   | mul | auto      | 0       |
|   am_addmul_7s_6s_7s_7_4_1_U118          | 1   |        | add_ln367   | add | dsp_slice | 3       |
|   am_addmul_7s_6s_7s_7_4_1_U118          | 1   |        | mul_ln367_1 | mul | dsp_slice | 3       |
|   mul_9s_5s_9_1_1_U99                    |     |        | mul_ln377   | mul | auto      | 0       |
|   mac_muladd_6s_4s_6ns_6_4_1_U119        | 1   |        | m167        | add | dsp_slice | 3       |
|   mul_7s_6s_7_1_1_U103                   |     |        | mul_ln371   | mul | auto      | 0       |
|   mul_7s_7s_7_1_1_U105                   |     |        | m169        | mul | auto      | 0       |
|   mul_2s_2s_2_1_1_U100                   |     |        | m170        | mul | auto      | 0       |
|   mul_7s_4s_8_1_1_U93                    |     |        | mul_ln374   | mul | auto      | 0       |
|   mul_8s_8s_8_1_1_U101                   |     |        | m172        | mul | auto      | 0       |
|   mul_8s_5s_9_1_1_U104                   |     |        | mul_ln377_1 | mul | auto      | 0       |
|   mul_9s_9s_9_1_1_U106                   |     |        | m175        | mul | auto      | 0       |
|   mul_9s_7s_9_1_1_U107                   |     |        | m176        | mul | auto      | 0       |
|   am_addmul_8s_4s_8s_8_4_1_U121          | 1   |        | add_ln379   | add | dsp_slice | 3       |
|   am_addmul_8s_4s_8s_8_4_1_U121          | 1   |        | mul_ln379   | mul | dsp_slice | 3       |
|   mul_8s_8s_8_1_1_U109                   |     |        | m177        | mul | auto      | 0       |
|   m178_fu_1740_p2                        |     |        | m178        | add | fabric    | 0       |
|   mul_9s_2s_9_1_1_U108                   |     |        | m179        | mul | auto      | 0       |
|   mac_muladd_7s_7s_7ns_7_4_1_U120        | 1   |        | mul_ln382   | mul | dsp_slice | 3       |
|   mac_muladd_7s_7s_7ns_7_4_1_U120        | 1   |        | m180        | add | dsp_slice | 3       |
+------------------------------------------+-----+--------+-------------+-----+-----------+---------+


================================================================
== Storage Report
================================================================
  No bind storage info in design

================================================================
== Pragma Report
================================================================
* Valid Pragma Syntax
+-----------------+----------------------------+-------------------------------------------------+
| Type            | Options                    | Location                                        |
+-----------------+----------------------------+-------------------------------------------------+
| ARRAY_PARTITION | variable=in_data complete  | CASE/case_11/case_11.cc:12 in case_11, in_data  |
| ARRAY_PARTITION | variable=out_data complete | CASE/case_11/case_11.cc:13 in case_11, out_data |
| INTERFACE       | ap_none port=in_data       | CASE/case_11/case_11.cc:14 in case_11, in_data  |
| INTERFACE       | ap_none port=out_data      | CASE/case_11/case_11.cc:15 in case_11, out_data |
| INTERFACE       | ap_ctrl_hs port=return     | CASE/case_11/case_11.cc:16 in case_11, return   |
+-----------------+----------------------------+-------------------------------------------------+


