Copyright 1986-2022 Xilinx, Inc. All Rights Reserved. Copyright 2022-2025 Advanced Micro Devices, Inc. All Rights Reserved.
---------------------------------------------------------------------------------------------------------------------------------------------
| Tool Version : Vivado v.2025.1 (lin64) Build 6140274 Wed May 21 22:58:25 MDT 2025
| Date         : Tue Dec 23 15:22:01 2025
| Host         : woong-Super-Server running 64-bit Ubuntu 24.04.3 LTS
| Command      : report_drc -file bd_0_wrapper_drc_routed.rpt -pb bd_0_wrapper_drc_routed.pb -rpx bd_0_wrapper_drc_routed.rpx
| Design       : bd_0_wrapper
| Device       : xc7z020clg484-1
| Speed File   : -1
| Design State : Fully Routed
---------------------------------------------------------------------------------------------------------------------------------------------

Report DRC

Table of Contents
-----------------
1. REPORT SUMMARY
2. REPORT DETAILS

1. REPORT SUMMARY
-----------------
            Netlist: netlist
          Floorplan: checkpoint_bd_0_wrapper
      Design limits: <entire design considered>
           Ruledeck: default
             Max checks: <unlimited>
             Checks found: 130
+--------+----------+------------------------+--------+
| Rule   | Severity | Description            | Checks |
+--------+----------+------------------------+--------+
| DPIP-1 | Warning  | Input pipelining       | 42     |
| DPOP-1 | Warning  | PREG Output pipelining | 35     |
| DPOP-2 | Warning  | MREG Output pipelining | 52     |
| ZPS7-1 | Warning  | PS7 block required     | 1      |
+--------+----------+------------------------+--------+

2. REPORT DETAILS
-----------------
DPIP-1#1 Warning
Input pipelining  
DSP bd_0_i/hls_inst/inst/am_addmul_10s_7s_11s_11_4_1_U113/case_11_am_addmul_10s_7s_11s_11_4_1_DSP48_0_U/p_reg_reg input bd_0_i/hls_inst/inst/am_addmul_10s_7s_11s_11_4_1_U113/case_11_am_addmul_10s_7s_11s_11_4_1_DSP48_0_U/p_reg_reg/A[29:0] is not pipelined. Pipelining DSP48 input will improve performance.
Related violations: <none>

DPIP-1#2 Warning
Input pipelining  
DSP bd_0_i/hls_inst/inst/am_addmul_12s_11s_12s_12_4_1_U111/case_11_am_addmul_12s_11s_12s_12_4_1_DSP48_0_U/ad_reg_reg input bd_0_i/hls_inst/inst/am_addmul_12s_11s_12s_12_4_1_U111/case_11_am_addmul_12s_11s_12s_12_4_1_DSP48_0_U/ad_reg_reg/C[47:0] is not pipelined. Pipelining DSP48 input will improve performance.
Related violations: <none>

DPIP-1#3 Warning
Input pipelining  
DSP bd_0_i/hls_inst/inst/am_addmul_12s_11s_12s_12_4_1_U111/case_11_am_addmul_12s_11s_12s_12_4_1_DSP48_0_U/p_reg_reg input bd_0_i/hls_inst/inst/am_addmul_12s_11s_12s_12_4_1_U111/case_11_am_addmul_12s_11s_12s_12_4_1_DSP48_0_U/p_reg_reg/A[29:0] is not pipelined. Pipelining DSP48 input will improve performance.
Related violations: <none>

DPIP-1#4 Warning
Input pipelining  
DSP bd_0_i/hls_inst/inst/am_addmul_8s_7s_6s_8_4_1_U114/case_11_am_addmul_8s_7s_6s_8_4_1_DSP48_0_U/ad_reg_reg input bd_0_i/hls_inst/inst/am_addmul_8s_7s_6s_8_4_1_U114/case_11_am_addmul_8s_7s_6s_8_4_1_DSP48_0_U/ad_reg_reg/A[29:0] is not pipelined. Pipelining DSP48 input will improve performance.
Related violations: <none>

DPIP-1#5 Warning
Input pipelining  
DSP bd_0_i/hls_inst/inst/am_addmul_8s_7s_6s_8_4_1_U114/case_11_am_addmul_8s_7s_6s_8_4_1_DSP48_0_U/ad_reg_reg input bd_0_i/hls_inst/inst/am_addmul_8s_7s_6s_8_4_1_U114/case_11_am_addmul_8s_7s_6s_8_4_1_DSP48_0_U/ad_reg_reg/C[47:0] is not pipelined. Pipelining DSP48 input will improve performance.
Related violations: <none>

DPIP-1#6 Warning
Input pipelining  
DSP bd_0_i/hls_inst/inst/am_addmul_8s_7s_6s_8_4_1_U114/case_11_am_addmul_8s_7s_6s_8_4_1_DSP48_0_U/p_reg_reg input bd_0_i/hls_inst/inst/am_addmul_8s_7s_6s_8_4_1_U114/case_11_am_addmul_8s_7s_6s_8_4_1_DSP48_0_U/p_reg_reg/A[29:0] is not pipelined. Pipelining DSP48 input will improve performance.
Related violations: <none>

DPIP-1#7 Warning
Input pipelining  
DSP bd_0_i/hls_inst/inst/ama_addmuladd_9ns_9ns_9s_5s_9_4_1_U112/case_11_ama_addmuladd_9ns_9ns_9s_5s_9_4_1_DSP48_0_U/p_reg_reg input bd_0_i/hls_inst/inst/ama_addmuladd_9ns_9ns_9s_5s_9_4_1_U112/case_11_ama_addmuladd_9ns_9ns_9s_5s_9_4_1_DSP48_0_U/p_reg_reg/A[29:0] is not pipelined. Pipelining DSP48 input will improve performance.
Related violations: <none>

DPIP-1#8 Warning
Input pipelining  
DSP bd_0_i/hls_inst/inst/ama_addmuladd_9ns_9ns_9s_5s_9_4_1_U112/case_11_ama_addmuladd_9ns_9ns_9s_5s_9_4_1_DSP48_0_U/p_reg_reg input bd_0_i/hls_inst/inst/ama_addmuladd_9ns_9ns_9s_5s_9_4_1_U112/case_11_ama_addmuladd_9ns_9ns_9s_5s_9_4_1_DSP48_0_U/p_reg_reg/B[17:0] is not pipelined. Pipelining DSP48 input will improve performance.
Related violations: <none>

DPIP-1#9 Warning
Input pipelining  
DSP bd_0_i/hls_inst/inst/ama_addmuladd_9ns_9ns_9s_5s_9_4_1_U112/case_11_ama_addmuladd_9ns_9ns_9s_5s_9_4_1_DSP48_0_U/p_reg_reg input bd_0_i/hls_inst/inst/ama_addmuladd_9ns_9ns_9s_5s_9_4_1_U112/case_11_ama_addmuladd_9ns_9ns_9s_5s_9_4_1_DSP48_0_U/p_reg_reg/C[47:0] is not pipelined. Pipelining DSP48 input will improve performance.
Related violations: <none>

DPIP-1#10 Warning
Input pipelining  
DSP bd_0_i/hls_inst/inst/m105_reg_2449_reg input bd_0_i/hls_inst/inst/m105_reg_2449_reg/A[29:0] is not pipelined. Pipelining DSP48 input will improve performance.
Related violations: <none>

DPIP-1#11 Warning
Input pipelining  
DSP bd_0_i/hls_inst/inst/m116_fu_1327_p2 input bd_0_i/hls_inst/inst/m116_fu_1327_p2/B[17:0] is not pipelined. Pipelining DSP48 input will improve performance.
Related violations: <none>

DPIP-1#12 Warning
Input pipelining  
DSP bd_0_i/hls_inst/inst/m131_reg_2634_reg input bd_0_i/hls_inst/inst/m131_reg_2634_reg/A[29:0] is not pipelined. Pipelining DSP48 input will improve performance.
Related violations: <none>

DPIP-1#13 Warning
Input pipelining  
DSP bd_0_i/hls_inst/inst/m135_fu_1507_p2 input bd_0_i/hls_inst/inst/m135_fu_1507_p2/A[29:0] is not pipelined. Pipelining DSP48 input will improve performance.
Related violations: <none>

DPIP-1#14 Warning
Input pipelining  
DSP bd_0_i/hls_inst/inst/m34_reg_2126_reg input bd_0_i/hls_inst/inst/m34_reg_2126_reg/A[29:0] is not pipelined. Pipelining DSP48 input will improve performance.
Related violations: <none>

DPIP-1#15 Warning
Input pipelining  
DSP bd_0_i/hls_inst/inst/m37_reg_1988_reg input bd_0_i/hls_inst/inst/m37_reg_1988_reg/A[29:0] is not pipelined. Pipelining DSP48 input will improve performance.
Related violations: <none>

DPIP-1#16 Warning
Input pipelining  
DSP bd_0_i/hls_inst/inst/m42_reg_2157_reg input bd_0_i/hls_inst/inst/m42_reg_2157_reg/B[17:0] is not pipelined. Pipelining DSP48 input will improve performance.
Related violations: <none>

DPIP-1#17 Warning
Input pipelining  
DSP bd_0_i/hls_inst/inst/m46_fu_779_p2 input bd_0_i/hls_inst/inst/m46_fu_779_p2/A[29:0] is not pipelined. Pipelining DSP48 input will improve performance.
Related violations: <none>

DPIP-1#18 Warning
Input pipelining  
DSP bd_0_i/hls_inst/inst/m46_fu_779_p2 input bd_0_i/hls_inst/inst/m46_fu_779_p2/C[47:0] is not pipelined. Pipelining DSP48 input will improve performance.
Related violations: <none>

DPIP-1#19 Warning
Input pipelining  
DSP bd_0_i/hls_inst/inst/m54_fu_857_p2 input bd_0_i/hls_inst/inst/m54_fu_857_p2/B[17:0] is not pipelined. Pipelining DSP48 input will improve performance.
Related violations: <none>

DPIP-1#20 Warning
Input pipelining  
DSP bd_0_i/hls_inst/inst/m54_fu_857_p2 input bd_0_i/hls_inst/inst/m54_fu_857_p2/C[47:0] is not pipelined. Pipelining DSP48 input will improve performance.
Related violations: <none>

DPIP-1#21 Warning
Input pipelining  
DSP bd_0_i/hls_inst/inst/m57_reg_2182_reg input bd_0_i/hls_inst/inst/m57_reg_2182_reg/A[29:0] is not pipelined. Pipelining DSP48 input will improve performance.
Related violations: <none>

DPIP-1#22 Warning
Input pipelining  
DSP bd_0_i/hls_inst/inst/m58_reg_2187_reg input bd_0_i/hls_inst/inst/m58_reg_2187_reg/A[29:0] is not pipelined. Pipelining DSP48 input will improve performance.
Related violations: <none>

DPIP-1#23 Warning
Input pipelining  
DSP bd_0_i/hls_inst/inst/m74_fu_1003_p2 input bd_0_i/hls_inst/inst/m74_fu_1003_p2/A[29:0] is not pipelined. Pipelining DSP48 input will improve performance.
Related violations: <none>

DPIP-1#24 Warning
Input pipelining  
DSP bd_0_i/hls_inst/inst/m81_reg_2341_reg input bd_0_i/hls_inst/inst/m81_reg_2341_reg/A[29:0] is not pipelined. Pipelining DSP48 input will improve performance.
Related violations: <none>

DPIP-1#25 Warning
Input pipelining  
DSP bd_0_i/hls_inst/inst/m91_reg_2422_reg input bd_0_i/hls_inst/inst/m91_reg_2422_reg/A[29:0] is not pipelined. Pipelining DSP48 input will improve performance.
Related violations: <none>

DPIP-1#26 Warning
Input pipelining  
DSP bd_0_i/hls_inst/inst/mul_10s_10s_10_1_1_U33/tmp_product input bd_0_i/hls_inst/inst/mul_10s_10s_10_1_1_U33/tmp_product/A[29:0] is not pipelined. Pipelining DSP48 input will improve performance.
Related violations: <none>

DPIP-1#27 Warning
Input pipelining  
DSP bd_0_i/hls_inst/inst/mul_10s_6s_10_1_1_U69/tmp_product input bd_0_i/hls_inst/inst/mul_10s_6s_10_1_1_U69/tmp_product/A[29:0] is not pipelined. Pipelining DSP48 input will improve performance.
Related violations: <none>

DPIP-1#28 Warning
Input pipelining  
DSP bd_0_i/hls_inst/inst/mul_10s_7s_15_1_1_U50/tmp_product input bd_0_i/hls_inst/inst/mul_10s_7s_15_1_1_U50/tmp_product/A[29:0] is not pipelined. Pipelining DSP48 input will improve performance.
Related violations: <none>

DPIP-1#29 Warning
Input pipelining  
DSP bd_0_i/hls_inst/inst/mul_10s_7s_15_1_1_U50/tmp_product input bd_0_i/hls_inst/inst/mul_10s_7s_15_1_1_U50/tmp_product/B[17:0] is not pipelined. Pipelining DSP48 input will improve performance.
Related violations: <none>

DPIP-1#30 Warning
Input pipelining  
DSP bd_0_i/hls_inst/inst/mul_12s_12s_12_1_1_U30/tmp_product input bd_0_i/hls_inst/inst/mul_12s_12s_12_1_1_U30/tmp_product/A[29:0] is not pipelined. Pipelining DSP48 input will improve performance.
Related violations: <none>

DPIP-1#31 Warning
Input pipelining  
DSP bd_0_i/hls_inst/inst/mul_12s_12s_12_1_1_U30/tmp_product input bd_0_i/hls_inst/inst/mul_12s_12s_12_1_1_U30/tmp_product/B[17:0] is not pipelined. Pipelining DSP48 input will improve performance.
Related violations: <none>

DPIP-1#32 Warning
Input pipelining  
DSP bd_0_i/hls_inst/inst/mul_14s_6s_16_1_1_U3/tmp_product input bd_0_i/hls_inst/inst/mul_14s_6s_16_1_1_U3/tmp_product/A[29:0] is not pipelined. Pipelining DSP48 input will improve performance.
Related violations: <none>

DPIP-1#33 Warning
Input pipelining  
DSP bd_0_i/hls_inst/inst/mul_9s_8s_9_1_1_U58/tmp_product input bd_0_i/hls_inst/inst/mul_9s_8s_9_1_1_U58/tmp_product/A[29:0] is not pipelined. Pipelining DSP48 input will improve performance.
Related violations: <none>

DPIP-1#34 Warning
Input pipelining  
DSP bd_0_i/hls_inst/inst/mul_9s_8s_9_1_1_U58/tmp_product input bd_0_i/hls_inst/inst/mul_9s_8s_9_1_1_U58/tmp_product/B[17:0] is not pipelined. Pipelining DSP48 input will improve performance.
Related violations: <none>

DPIP-1#35 Warning
Input pipelining  
DSP bd_0_i/hls_inst/inst/mul_9s_8s_9_1_1_U67/tmp_product input bd_0_i/hls_inst/inst/mul_9s_8s_9_1_1_U67/tmp_product/A[29:0] is not pipelined. Pipelining DSP48 input will improve performance.
Related violations: <none>

DPIP-1#36 Warning
Input pipelining  
DSP bd_0_i/hls_inst/inst/mul_9s_9s_9_1_1_U20/tmp_product input bd_0_i/hls_inst/inst/mul_9s_9s_9_1_1_U20/tmp_product/B[17:0] is not pipelined. Pipelining DSP48 input will improve performance.
Related violations: <none>

DPIP-1#37 Warning
Input pipelining  
DSP bd_0_i/hls_inst/inst/mul_9s_9s_9_1_1_U23/tmp_product input bd_0_i/hls_inst/inst/mul_9s_9s_9_1_1_U23/tmp_product/A[29:0] is not pipelined. Pipelining DSP48 input will improve performance.
Related violations: <none>

DPIP-1#38 Warning
Input pipelining  
DSP bd_0_i/hls_inst/inst/mul_9s_9s_9_1_1_U71/tmp_product input bd_0_i/hls_inst/inst/mul_9s_9s_9_1_1_U71/tmp_product/B[17:0] is not pipelined. Pipelining DSP48 input will improve performance.
Related violations: <none>

DPIP-1#39 Warning
Input pipelining  
DSP bd_0_i/hls_inst/inst/mul_ln271_reg_2214_reg input bd_0_i/hls_inst/inst/mul_ln271_reg_2214_reg/A[29:0] is not pipelined. Pipelining DSP48 input will improve performance.
Related violations: <none>

DPIP-1#40 Warning
Input pipelining  
DSP bd_0_i/hls_inst/inst/mul_ln330_reg_2568_reg input bd_0_i/hls_inst/inst/mul_ln330_reg_2568_reg/A[29:0] is not pipelined. Pipelining DSP48 input will improve performance.
Related violations: <none>

DPIP-1#41 Warning
Input pipelining  
DSP bd_0_i/hls_inst/inst/trunc_ln320_reg_2563_reg input bd_0_i/hls_inst/inst/trunc_ln320_reg_2563_reg/B[17:0] is not pipelined. Pipelining DSP48 input will improve performance.
Related violations: <none>

DPIP-1#42 Warning
Input pipelining  
DSP bd_0_i/hls_inst/inst/trunc_ln355_3_reg_2650_reg input bd_0_i/hls_inst/inst/trunc_ln355_3_reg_2650_reg/A[29:0] is not pipelined. Pipelining DSP48 input will improve performance.
Related violations: <none>

DPOP-1#1 Warning
PREG Output pipelining  
DSP bd_0_i/hls_inst/inst/m114_fu_1253_p2 output bd_0_i/hls_inst/inst/m114_fu_1253_p2/P[47:0] is not pipelined (PREG=0). Pipelining the DSP48 output will improve performance and often saves power so it is suggested whenever possible to fully pipeline this function.  If this DSP48 function was inferred, it is suggested to describe an additional register stage after this function.  If the DSP48 was instantiated in the design, it is suggested to set the PREG attribute to 1.
Related violations: <none>

DPOP-1#2 Warning
PREG Output pipelining  
DSP bd_0_i/hls_inst/inst/m116_fu_1327_p2 output bd_0_i/hls_inst/inst/m116_fu_1327_p2/P[47:0] is not pipelined (PREG=0). Pipelining the DSP48 output will improve performance and often saves power so it is suggested whenever possible to fully pipeline this function.  If this DSP48 function was inferred, it is suggested to describe an additional register stage after this function.  If the DSP48 was instantiated in the design, it is suggested to set the PREG attribute to 1.
Related violations: <none>

DPOP-1#3 Warning
PREG Output pipelining  
DSP bd_0_i/hls_inst/inst/m147_fu_1541_p2 output bd_0_i/hls_inst/inst/m147_fu_1541_p2/P[47:0] is not pipelined (PREG=0). Pipelining the DSP48 output will improve performance and often saves power so it is suggested whenever possible to fully pipeline this function.  If this DSP48 function was inferred, it is suggested to describe an additional register stage after this function.  If the DSP48 was instantiated in the design, it is suggested to set the PREG attribute to 1.
Related violations: <none>

DPOP-1#4 Warning
PREG Output pipelining  
DSP bd_0_i/hls_inst/inst/m46_fu_779_p2 output bd_0_i/hls_inst/inst/m46_fu_779_p2/P[47:0] is not pipelined (PREG=0). Pipelining the DSP48 output will improve performance and often saves power so it is suggested whenever possible to fully pipeline this function.  If this DSP48 function was inferred, it is suggested to describe an additional register stage after this function.  If the DSP48 was instantiated in the design, it is suggested to set the PREG attribute to 1.
Related violations: <none>

DPOP-1#5 Warning
PREG Output pipelining  
DSP bd_0_i/hls_inst/inst/m74_fu_1003_p2 output bd_0_i/hls_inst/inst/m74_fu_1003_p2/P[47:0] is not pipelined (PREG=0). Pipelining the DSP48 output will improve performance and often saves power so it is suggested whenever possible to fully pipeline this function.  If this DSP48 function was inferred, it is suggested to describe an additional register stage after this function.  If the DSP48 was instantiated in the design, it is suggested to set the PREG attribute to 1.
Related violations: <none>

DPOP-1#6 Warning
PREG Output pipelining  
DSP bd_0_i/hls_inst/inst/mul_10s_10s_10_1_1_U15/tmp_product output bd_0_i/hls_inst/inst/mul_10s_10s_10_1_1_U15/tmp_product/P[47:0] is not pipelined (PREG=0). Pipelining the DSP48 output will improve performance and often saves power so it is suggested whenever possible to fully pipeline this function.  If this DSP48 function was inferred, it is suggested to describe an additional register stage after this function.  If the DSP48 was instantiated in the design, it is suggested to set the PREG attribute to 1.
Related violations: <none>

DPOP-1#7 Warning
PREG Output pipelining  
DSP bd_0_i/hls_inst/inst/mul_10s_10s_10_1_1_U33/tmp_product output bd_0_i/hls_inst/inst/mul_10s_10s_10_1_1_U33/tmp_product/P[47:0] is not pipelined (PREG=0). Pipelining the DSP48 output will improve performance and often saves power so it is suggested whenever possible to fully pipeline this function.  If this DSP48 function was inferred, it is suggested to describe an additional register stage after this function.  If the DSP48 was instantiated in the design, it is suggested to set the PREG attribute to 1.
Related violations: <none>

DPOP-1#8 Warning
PREG Output pipelining  
DSP bd_0_i/hls_inst/inst/mul_10s_10s_10_1_1_U90/tmp_product output bd_0_i/hls_inst/inst/mul_10s_10s_10_1_1_U90/tmp_product/P[47:0] is not pipelined (PREG=0). Pipelining the DSP48 output will improve performance and often saves power so it is suggested whenever possible to fully pipeline this function.  If this DSP48 function was inferred, it is suggested to describe an additional register stage after this function.  If the DSP48 was instantiated in the design, it is suggested to set the PREG attribute to 1.
Related violations: <none>

DPOP-1#9 Warning
PREG Output pipelining  
DSP bd_0_i/hls_inst/inst/mul_10s_6s_10_1_1_U69/tmp_product output bd_0_i/hls_inst/inst/mul_10s_6s_10_1_1_U69/tmp_product/P[47:0] is not pipelined (PREG=0). Pipelining the DSP48 output will improve performance and often saves power so it is suggested whenever possible to fully pipeline this function.  If this DSP48 function was inferred, it is suggested to describe an additional register stage after this function.  If the DSP48 was instantiated in the design, it is suggested to set the PREG attribute to 1.
Related violations: <none>

DPOP-1#10 Warning
PREG Output pipelining  
DSP bd_0_i/hls_inst/inst/mul_10s_6s_10_1_1_U75/tmp_product output bd_0_i/hls_inst/inst/mul_10s_6s_10_1_1_U75/tmp_product/P[47:0] is not pipelined (PREG=0). Pipelining the DSP48 output will improve performance and often saves power so it is suggested whenever possible to fully pipeline this function.  If this DSP48 function was inferred, it is suggested to describe an additional register stage after this function.  If the DSP48 was instantiated in the design, it is suggested to set the PREG attribute to 1.
Related violations: <none>

DPOP-1#11 Warning
PREG Output pipelining  
DSP bd_0_i/hls_inst/inst/mul_10s_7s_15_1_1_U50/tmp_product output bd_0_i/hls_inst/inst/mul_10s_7s_15_1_1_U50/tmp_product/P[47:0] is not pipelined (PREG=0). Pipelining the DSP48 output will improve performance and often saves power so it is suggested whenever possible to fully pipeline this function.  If this DSP48 function was inferred, it is suggested to describe an additional register stage after this function.  If the DSP48 was instantiated in the design, it is suggested to set the PREG attribute to 1.
Related violations: <none>

DPOP-1#12 Warning
PREG Output pipelining  
DSP bd_0_i/hls_inst/inst/mul_11s_10s_12_1_1_U18/tmp_product output bd_0_i/hls_inst/inst/mul_11s_10s_12_1_1_U18/tmp_product/P[47:0] is not pipelined (PREG=0). Pipelining the DSP48 output will improve performance and often saves power so it is suggested whenever possible to fully pipeline this function.  If this DSP48 function was inferred, it is suggested to describe an additional register stage after this function.  If the DSP48 was instantiated in the design, it is suggested to set the PREG attribute to 1.
Related violations: <none>

DPOP-1#13 Warning
PREG Output pipelining  
DSP bd_0_i/hls_inst/inst/mul_11s_11s_11_1_1_U57/tmp_product output bd_0_i/hls_inst/inst/mul_11s_11s_11_1_1_U57/tmp_product/P[47:0] is not pipelined (PREG=0). Pipelining the DSP48 output will improve performance and often saves power so it is suggested whenever possible to fully pipeline this function.  If this DSP48 function was inferred, it is suggested to describe an additional register stage after this function.  If the DSP48 was instantiated in the design, it is suggested to set the PREG attribute to 1.
Related violations: <none>

DPOP-1#14 Warning
PREG Output pipelining  
DSP bd_0_i/hls_inst/inst/mul_11s_6s_17_1_1_U72/tmp_product output bd_0_i/hls_inst/inst/mul_11s_6s_17_1_1_U72/tmp_product/P[47:0] is not pipelined (PREG=0). Pipelining the DSP48 output will improve performance and often saves power so it is suggested whenever possible to fully pipeline this function.  If this DSP48 function was inferred, it is suggested to describe an additional register stage after this function.  If the DSP48 was instantiated in the design, it is suggested to set the PREG attribute to 1.
Related violations: <none>

DPOP-1#15 Warning
PREG Output pipelining  
DSP bd_0_i/hls_inst/inst/mul_11s_7s_11_1_1_U36/tmp_product output bd_0_i/hls_inst/inst/mul_11s_7s_11_1_1_U36/tmp_product/P[47:0] is not pipelined (PREG=0). Pipelining the DSP48 output will improve performance and often saves power so it is suggested whenever possible to fully pipeline this function.  If this DSP48 function was inferred, it is suggested to describe an additional register stage after this function.  If the DSP48 was instantiated in the design, it is suggested to set the PREG attribute to 1.
Related violations: <none>

DPOP-1#16 Warning
PREG Output pipelining  
DSP bd_0_i/hls_inst/inst/mul_11s_7s_15_1_1_U19/tmp_product output bd_0_i/hls_inst/inst/mul_11s_7s_15_1_1_U19/tmp_product/P[47:0] is not pipelined (PREG=0). Pipelining the DSP48 output will improve performance and often saves power so it is suggested whenever possible to fully pipeline this function.  If this DSP48 function was inferred, it is suggested to describe an additional register stage after this function.  If the DSP48 was instantiated in the design, it is suggested to set the PREG attribute to 1.
Related violations: <none>

DPOP-1#17 Warning
PREG Output pipelining  
DSP bd_0_i/hls_inst/inst/mul_12s_10s_16_1_1_U55/tmp_product output bd_0_i/hls_inst/inst/mul_12s_10s_16_1_1_U55/tmp_product/P[47:0] is not pipelined (PREG=0). Pipelining the DSP48 output will improve performance and often saves power so it is suggested whenever possible to fully pipeline this function.  If this DSP48 function was inferred, it is suggested to describe an additional register stage after this function.  If the DSP48 was instantiated in the design, it is suggested to set the PREG attribute to 1.
Related violations: <none>

DPOP-1#18 Warning
PREG Output pipelining  
DSP bd_0_i/hls_inst/inst/mul_12s_12s_12_1_1_U30/tmp_product output bd_0_i/hls_inst/inst/mul_12s_12s_12_1_1_U30/tmp_product/P[47:0] is not pipelined (PREG=0). Pipelining the DSP48 output will improve performance and often saves power so it is suggested whenever possible to fully pipeline this function.  If this DSP48 function was inferred, it is suggested to describe an additional register stage after this function.  If the DSP48 was instantiated in the design, it is suggested to set the PREG attribute to 1.
Related violations: <none>

DPOP-1#19 Warning
PREG Output pipelining  
DSP bd_0_i/hls_inst/inst/mul_12s_6s_12_1_1_U86/tmp_product output bd_0_i/hls_inst/inst/mul_12s_6s_12_1_1_U86/tmp_product/P[47:0] is not pipelined (PREG=0). Pipelining the DSP48 output will improve performance and often saves power so it is suggested whenever possible to fully pipeline this function.  If this DSP48 function was inferred, it is suggested to describe an additional register stage after this function.  If the DSP48 was instantiated in the design, it is suggested to set the PREG attribute to 1.
Related violations: <none>

DPOP-1#20 Warning
PREG Output pipelining  
DSP bd_0_i/hls_inst/inst/mul_12s_6s_18_1_1_U51/tmp_product output bd_0_i/hls_inst/inst/mul_12s_6s_18_1_1_U51/tmp_product/P[47:0] is not pipelined (PREG=0). Pipelining the DSP48 output will improve performance and often saves power so it is suggested whenever possible to fully pipeline this function.  If this DSP48 function was inferred, it is suggested to describe an additional register stage after this function.  If the DSP48 was instantiated in the design, it is suggested to set the PREG attribute to 1.
Related violations: <none>

DPOP-1#21 Warning
PREG Output pipelining  
DSP bd_0_i/hls_inst/inst/mul_12s_7s_12_1_1_U39/tmp_product output bd_0_i/hls_inst/inst/mul_12s_7s_12_1_1_U39/tmp_product/P[47:0] is not pipelined (PREG=0). Pipelining the DSP48 output will improve performance and often saves power so it is suggested whenever possible to fully pipeline this function.  If this DSP48 function was inferred, it is suggested to describe an additional register stage after this function.  If the DSP48 was instantiated in the design, it is suggested to set the PREG attribute to 1.
Related violations: <none>

DPOP-1#22 Warning
PREG Output pipelining  
DSP bd_0_i/hls_inst/inst/mul_12s_7s_12_1_1_U7/tmp_product output bd_0_i/hls_inst/inst/mul_12s_7s_12_1_1_U7/tmp_product/P[47:0] is not pipelined (PREG=0). Pipelining the DSP48 output will improve performance and often saves power so it is suggested whenever possible to fully pipeline this function.  If this DSP48 function was inferred, it is suggested to describe an additional register stage after this function.  If the DSP48 was instantiated in the design, it is suggested to set the PREG attribute to 1.
Related violations: <none>

DPOP-1#23 Warning
PREG Output pipelining  
DSP bd_0_i/hls_inst/inst/mul_13s_11s_13_1_1_U82/tmp_product output bd_0_i/hls_inst/inst/mul_13s_11s_13_1_1_U82/tmp_product/P[47:0] is not pipelined (PREG=0). Pipelining the DSP48 output will improve performance and often saves power so it is suggested whenever possible to fully pipeline this function.  If this DSP48 function was inferred, it is suggested to describe an additional register stage after this function.  If the DSP48 was instantiated in the design, it is suggested to set the PREG attribute to 1.
Related violations: <none>

DPOP-1#24 Warning
PREG Output pipelining  
DSP bd_0_i/hls_inst/inst/mul_14s_10s_14_1_1_U21/tmp_product output bd_0_i/hls_inst/inst/mul_14s_10s_14_1_1_U21/tmp_product/P[47:0] is not pipelined (PREG=0). Pipelining the DSP48 output will improve performance and often saves power so it is suggested whenever possible to fully pipeline this function.  If this DSP48 function was inferred, it is suggested to describe an additional register stage after this function.  If the DSP48 was instantiated in the design, it is suggested to set the PREG attribute to 1.
Related violations: <none>

DPOP-1#25 Warning
PREG Output pipelining  
DSP bd_0_i/hls_inst/inst/mul_14s_12s_14_1_1_U16/tmp_product output bd_0_i/hls_inst/inst/mul_14s_12s_14_1_1_U16/tmp_product/P[47:0] is not pipelined (PREG=0). Pipelining the DSP48 output will improve performance and often saves power so it is suggested whenever possible to fully pipeline this function.  If this DSP48 function was inferred, it is suggested to describe an additional register stage after this function.  If the DSP48 was instantiated in the design, it is suggested to set the PREG attribute to 1.
Related violations: <none>

DPOP-1#26 Warning
PREG Output pipelining  
DSP bd_0_i/hls_inst/inst/mul_14s_6s_16_1_1_U3/tmp_product output bd_0_i/hls_inst/inst/mul_14s_6s_16_1_1_U3/tmp_product/P[47:0] is not pipelined (PREG=0). Pipelining the DSP48 output will improve performance and often saves power so it is suggested whenever possible to fully pipeline this function.  If this DSP48 function was inferred, it is suggested to describe an additional register stage after this function.  If the DSP48 was instantiated in the design, it is suggested to set the PREG attribute to 1.
Related violations: <none>

DPOP-1#27 Warning
PREG Output pipelining  
DSP bd_0_i/hls_inst/inst/mul_14s_7s_14_1_1_U12/tmp_product output bd_0_i/hls_inst/inst/mul_14s_7s_14_1_1_U12/tmp_product/P[47:0] is not pipelined (PREG=0). Pipelining the DSP48 output will improve performance and often saves power so it is suggested whenever possible to fully pipeline this function.  If this DSP48 function was inferred, it is suggested to describe an additional register stage after this function.  If the DSP48 was instantiated in the design, it is suggested to set the PREG attribute to 1.
Related violations: <none>

DPOP-1#28 Warning
PREG Output pipelining  
DSP bd_0_i/hls_inst/inst/mul_5s_5s_5_1_1_U48/tmp_product output bd_0_i/hls_inst/inst/mul_5s_5s_5_1_1_U48/tmp_product/P[47:0] is not pipelined (PREG=0). Pipelining the DSP48 output will improve performance and often saves power so it is suggested whenever possible to fully pipeline this function.  If this DSP48 function was inferred, it is suggested to describe an additional register stage after this function.  If the DSP48 was instantiated in the design, it is suggested to set the PREG attribute to 1.
Related violations: <none>

DPOP-1#29 Warning
PREG Output pipelining  
DSP bd_0_i/hls_inst/inst/mul_9s_7s_9_1_1_U107/tmp_product output bd_0_i/hls_inst/inst/mul_9s_7s_9_1_1_U107/tmp_product/P[47:0] is not pipelined (PREG=0). Pipelining the DSP48 output will improve performance and often saves power so it is suggested whenever possible to fully pipeline this function.  If this DSP48 function was inferred, it is suggested to describe an additional register stage after this function.  If the DSP48 was instantiated in the design, it is suggested to set the PREG attribute to 1.
Related violations: <none>

DPOP-1#30 Warning
PREG Output pipelining  
DSP bd_0_i/hls_inst/inst/mul_9s_8s_9_1_1_U58/tmp_product output bd_0_i/hls_inst/inst/mul_9s_8s_9_1_1_U58/tmp_product/P[47:0] is not pipelined (PREG=0). Pipelining the DSP48 output will improve performance and often saves power so it is suggested whenever possible to fully pipeline this function.  If this DSP48 function was inferred, it is suggested to describe an additional register stage after this function.  If the DSP48 was instantiated in the design, it is suggested to set the PREG attribute to 1.
Related violations: <none>

DPOP-1#31 Warning
PREG Output pipelining  
DSP bd_0_i/hls_inst/inst/mul_9s_8s_9_1_1_U67/tmp_product output bd_0_i/hls_inst/inst/mul_9s_8s_9_1_1_U67/tmp_product/P[47:0] is not pipelined (PREG=0). Pipelining the DSP48 output will improve performance and often saves power so it is suggested whenever possible to fully pipeline this function.  If this DSP48 function was inferred, it is suggested to describe an additional register stage after this function.  If the DSP48 was instantiated in the design, it is suggested to set the PREG attribute to 1.
Related violations: <none>

DPOP-1#32 Warning
PREG Output pipelining  
DSP bd_0_i/hls_inst/inst/mul_9s_9s_9_1_1_U20/tmp_product output bd_0_i/hls_inst/inst/mul_9s_9s_9_1_1_U20/tmp_product/P[47:0] is not pipelined (PREG=0). Pipelining the DSP48 output will improve performance and often saves power so it is suggested whenever possible to fully pipeline this function.  If this DSP48 function was inferred, it is suggested to describe an additional register stage after this function.  If the DSP48 was instantiated in the design, it is suggested to set the PREG attribute to 1.
Related violations: <none>

DPOP-1#33 Warning
PREG Output pipelining  
DSP bd_0_i/hls_inst/inst/mul_9s_9s_9_1_1_U23/tmp_product output bd_0_i/hls_inst/inst/mul_9s_9s_9_1_1_U23/tmp_product/P[47:0] is not pipelined (PREG=0). Pipelining the DSP48 output will improve performance and often saves power so it is suggested whenever possible to fully pipeline this function.  If this DSP48 function was inferred, it is suggested to describe an additional register stage after this function.  If the DSP48 was instantiated in the design, it is suggested to set the PREG attribute to 1.
Related violations: <none>

DPOP-1#34 Warning
PREG Output pipelining  
DSP bd_0_i/hls_inst/inst/mul_9s_9s_9_1_1_U60/tmp_product output bd_0_i/hls_inst/inst/mul_9s_9s_9_1_1_U60/tmp_product/P[47:0] is not pipelined (PREG=0). Pipelining the DSP48 output will improve performance and often saves power so it is suggested whenever possible to fully pipeline this function.  If this DSP48 function was inferred, it is suggested to describe an additional register stage after this function.  If the DSP48 was instantiated in the design, it is suggested to set the PREG attribute to 1.
Related violations: <none>

DPOP-1#35 Warning
PREG Output pipelining  
DSP bd_0_i/hls_inst/inst/mul_9s_9s_9_1_1_U71/tmp_product output bd_0_i/hls_inst/inst/mul_9s_9s_9_1_1_U71/tmp_product/P[47:0] is not pipelined (PREG=0). Pipelining the DSP48 output will improve performance and often saves power so it is suggested whenever possible to fully pipeline this function.  If this DSP48 function was inferred, it is suggested to describe an additional register stage after this function.  If the DSP48 was instantiated in the design, it is suggested to set the PREG attribute to 1.
Related violations: <none>

DPOP-2#1 Warning
MREG Output pipelining  
DSP bd_0_i/hls_inst/inst/ama_addmuladd_9ns_9ns_9s_5s_9_4_1_U112/case_11_ama_addmuladd_9ns_9ns_9s_5s_9_4_1_DSP48_0_U/b_reg_reg multiplier stage bd_0_i/hls_inst/inst/ama_addmuladd_9ns_9ns_9s_5s_9_4_1_U112/case_11_ama_addmuladd_9ns_9ns_9s_5s_9_4_1_DSP48_0_U/b_reg_reg/P[47:0] is not pipelined (MREG=0). Pipelining the multiplier function will improve performance and will save significant power so it is suggested whenever possible to fully pipeline this function.  If this multiplier was inferred, it is suggested to describe an additional register stage after this function.  If there is no registered adder/accumulator following the multiply function, two pipeline stages are suggested to allow both the MREG and PREG registers to be used.  If the DSP48 was instantiated in the design, it is suggested to set both the MREG and PREG attributes to 1 when performing multiply functions.
Related violations: <none>

DPOP-2#2 Warning
MREG Output pipelining  
DSP bd_0_i/hls_inst/inst/m105_reg_2449_reg multiplier stage bd_0_i/hls_inst/inst/m105_reg_2449_reg/P[47:0] is not pipelined (MREG=0). Pipelining the multiplier function will improve performance and will save significant power so it is suggested whenever possible to fully pipeline this function.  If this multiplier was inferred, it is suggested to describe an additional register stage after this function.  If there is no registered adder/accumulator following the multiply function, two pipeline stages are suggested to allow both the MREG and PREG registers to be used.  If the DSP48 was instantiated in the design, it is suggested to set both the MREG and PREG attributes to 1 when performing multiply functions.
Related violations: <none>

DPOP-2#3 Warning
MREG Output pipelining  
DSP bd_0_i/hls_inst/inst/m116_fu_1327_p2 multiplier stage bd_0_i/hls_inst/inst/m116_fu_1327_p2/P[47:0] is not pipelined (MREG=0). Pipelining the multiplier function will improve performance and will save significant power so it is suggested whenever possible to fully pipeline this function.  If this multiplier was inferred, it is suggested to describe an additional register stage after this function.  If there is no registered adder/accumulator following the multiply function, two pipeline stages are suggested to allow both the MREG and PREG registers to be used.  If the DSP48 was instantiated in the design, it is suggested to set both the MREG and PREG attributes to 1 when performing multiply functions.
Related violations: <none>

DPOP-2#4 Warning
MREG Output pipelining  
DSP bd_0_i/hls_inst/inst/m131_reg_2634_reg multiplier stage bd_0_i/hls_inst/inst/m131_reg_2634_reg/P[47:0] is not pipelined (MREG=0). Pipelining the multiplier function will improve performance and will save significant power so it is suggested whenever possible to fully pipeline this function.  If this multiplier was inferred, it is suggested to describe an additional register stage after this function.  If there is no registered adder/accumulator following the multiply function, two pipeline stages are suggested to allow both the MREG and PREG registers to be used.  If the DSP48 was instantiated in the design, it is suggested to set both the MREG and PREG attributes to 1 when performing multiply functions.
Related violations: <none>

DPOP-2#5 Warning
MREG Output pipelining  
DSP bd_0_i/hls_inst/inst/m161_reg_2864_reg multiplier stage bd_0_i/hls_inst/inst/m161_reg_2864_reg/P[47:0] is not pipelined (MREG=0). Pipelining the multiplier function will improve performance and will save significant power so it is suggested whenever possible to fully pipeline this function.  If this multiplier was inferred, it is suggested to describe an additional register stage after this function.  If there is no registered adder/accumulator following the multiply function, two pipeline stages are suggested to allow both the MREG and PREG registers to be used.  If the DSP48 was instantiated in the design, it is suggested to set both the MREG and PREG attributes to 1 when performing multiply functions.
Related violations: <none>

DPOP-2#6 Warning
MREG Output pipelining  
DSP bd_0_i/hls_inst/inst/m175_reg_2929_reg multiplier stage bd_0_i/hls_inst/inst/m175_reg_2929_reg/P[47:0] is not pipelined (MREG=0). Pipelining the multiplier function will improve performance and will save significant power so it is suggested whenever possible to fully pipeline this function.  If this multiplier was inferred, it is suggested to describe an additional register stage after this function.  If there is no registered adder/accumulator following the multiply function, two pipeline stages are suggested to allow both the MREG and PREG registers to be used.  If the DSP48 was instantiated in the design, it is suggested to set both the MREG and PREG attributes to 1 when performing multiply functions.
Related violations: <none>

DPOP-2#7 Warning
MREG Output pipelining  
DSP bd_0_i/hls_inst/inst/m34_reg_2126_reg multiplier stage bd_0_i/hls_inst/inst/m34_reg_2126_reg/P[47:0] is not pipelined (MREG=0). Pipelining the multiplier function will improve performance and will save significant power so it is suggested whenever possible to fully pipeline this function.  If this multiplier was inferred, it is suggested to describe an additional register stage after this function.  If there is no registered adder/accumulator following the multiply function, two pipeline stages are suggested to allow both the MREG and PREG registers to be used.  If the DSP48 was instantiated in the design, it is suggested to set both the MREG and PREG attributes to 1 when performing multiply functions.
Related violations: <none>

DPOP-2#8 Warning
MREG Output pipelining  
DSP bd_0_i/hls_inst/inst/m37_reg_1988_reg multiplier stage bd_0_i/hls_inst/inst/m37_reg_1988_reg/P[47:0] is not pipelined (MREG=0). Pipelining the multiplier function will improve performance and will save significant power so it is suggested whenever possible to fully pipeline this function.  If this multiplier was inferred, it is suggested to describe an additional register stage after this function.  If there is no registered adder/accumulator following the multiply function, two pipeline stages are suggested to allow both the MREG and PREG registers to be used.  If the DSP48 was instantiated in the design, it is suggested to set both the MREG and PREG attributes to 1 when performing multiply functions.
Related violations: <none>

DPOP-2#9 Warning
MREG Output pipelining  
DSP bd_0_i/hls_inst/inst/m42_reg_2157_reg multiplier stage bd_0_i/hls_inst/inst/m42_reg_2157_reg/P[47:0] is not pipelined (MREG=0). Pipelining the multiplier function will improve performance and will save significant power so it is suggested whenever possible to fully pipeline this function.  If this multiplier was inferred, it is suggested to describe an additional register stage after this function.  If there is no registered adder/accumulator following the multiply function, two pipeline stages are suggested to allow both the MREG and PREG registers to be used.  If the DSP48 was instantiated in the design, it is suggested to set both the MREG and PREG attributes to 1 when performing multiply functions.
Related violations: <none>

DPOP-2#10 Warning
MREG Output pipelining  
DSP bd_0_i/hls_inst/inst/m54_fu_857_p2 multiplier stage bd_0_i/hls_inst/inst/m54_fu_857_p2/P[47:0] is not pipelined (MREG=0). Pipelining the multiplier function will improve performance and will save significant power so it is suggested whenever possible to fully pipeline this function.  If this multiplier was inferred, it is suggested to describe an additional register stage after this function.  If there is no registered adder/accumulator following the multiply function, two pipeline stages are suggested to allow both the MREG and PREG registers to be used.  If the DSP48 was instantiated in the design, it is suggested to set both the MREG and PREG attributes to 1 when performing multiply functions.
Related violations: <none>

DPOP-2#11 Warning
MREG Output pipelining  
DSP bd_0_i/hls_inst/inst/m57_reg_2182_reg multiplier stage bd_0_i/hls_inst/inst/m57_reg_2182_reg/P[47:0] is not pipelined (MREG=0). Pipelining the multiplier function will improve performance and will save significant power so it is suggested whenever possible to fully pipeline this function.  If this multiplier was inferred, it is suggested to describe an additional register stage after this function.  If there is no registered adder/accumulator following the multiply function, two pipeline stages are suggested to allow both the MREG and PREG registers to be used.  If the DSP48 was instantiated in the design, it is suggested to set both the MREG and PREG attributes to 1 when performing multiply functions.
Related violations: <none>

DPOP-2#12 Warning
MREG Output pipelining  
DSP bd_0_i/hls_inst/inst/m58_reg_2187_reg multiplier stage bd_0_i/hls_inst/inst/m58_reg_2187_reg/P[47:0] is not pipelined (MREG=0). Pipelining the multiplier function will improve performance and will save significant power so it is suggested whenever possible to fully pipeline this function.  If this multiplier was inferred, it is suggested to describe an additional register stage after this function.  If there is no registered adder/accumulator following the multiply function, two pipeline stages are suggested to allow both the MREG and PREG registers to be used.  If the DSP48 was instantiated in the design, it is suggested to set both the MREG and PREG attributes to 1 when performing multiply functions.
Related violations: <none>

DPOP-2#13 Warning
MREG Output pipelining  
DSP bd_0_i/hls_inst/inst/m81_reg_2341_reg multiplier stage bd_0_i/hls_inst/inst/m81_reg_2341_reg/P[47:0] is not pipelined (MREG=0). Pipelining the multiplier function will improve performance and will save significant power so it is suggested whenever possible to fully pipeline this function.  If this multiplier was inferred, it is suggested to describe an additional register stage after this function.  If there is no registered adder/accumulator following the multiply function, two pipeline stages are suggested to allow both the MREG and PREG registers to be used.  If the DSP48 was instantiated in the design, it is suggested to set both the MREG and PREG attributes to 1 when performing multiply functions.
Related violations: <none>

DPOP-2#14 Warning
MREG Output pipelining  
DSP bd_0_i/hls_inst/inst/m90_reg_2394_reg multiplier stage bd_0_i/hls_inst/inst/m90_reg_2394_reg/P[47:0] is not pipelined (MREG=0). Pipelining the multiplier function will improve performance and will save significant power so it is suggested whenever possible to fully pipeline this function.  If this multiplier was inferred, it is suggested to describe an additional register stage after this function.  If there is no registered adder/accumulator following the multiply function, two pipeline stages are suggested to allow both the MREG and PREG registers to be used.  If the DSP48 was instantiated in the design, it is suggested to set both the MREG and PREG attributes to 1 when performing multiply functions.
Related violations: <none>

DPOP-2#15 Warning
MREG Output pipelining  
DSP bd_0_i/hls_inst/inst/m91_reg_2422_reg multiplier stage bd_0_i/hls_inst/inst/m91_reg_2422_reg/P[47:0] is not pipelined (MREG=0). Pipelining the multiplier function will improve performance and will save significant power so it is suggested whenever possible to fully pipeline this function.  If this multiplier was inferred, it is suggested to describe an additional register stage after this function.  If there is no registered adder/accumulator following the multiply function, two pipeline stages are suggested to allow both the MREG and PREG registers to be used.  If the DSP48 was instantiated in the design, it is suggested to set both the MREG and PREG attributes to 1 when performing multiply functions.
Related violations: <none>

DPOP-2#16 Warning
MREG Output pipelining  
DSP bd_0_i/hls_inst/inst/m95_reg_2460_reg multiplier stage bd_0_i/hls_inst/inst/m95_reg_2460_reg/P[47:0] is not pipelined (MREG=0). Pipelining the multiplier function will improve performance and will save significant power so it is suggested whenever possible to fully pipeline this function.  If this multiplier was inferred, it is suggested to describe an additional register stage after this function.  If there is no registered adder/accumulator following the multiply function, two pipeline stages are suggested to allow both the MREG and PREG registers to be used.  If the DSP48 was instantiated in the design, it is suggested to set both the MREG and PREG attributes to 1 when performing multiply functions.
Related violations: <none>

DPOP-2#17 Warning
MREG Output pipelining  
DSP bd_0_i/hls_inst/inst/mac_muladd_7s_7s_7ns_7_4_1_U120/case_11_mac_muladd_7s_7s_7ns_7_4_1_DSP48_0_U/p_reg_reg multiplier stage bd_0_i/hls_inst/inst/mac_muladd_7s_7s_7ns_7_4_1_U120/case_11_mac_muladd_7s_7s_7ns_7_4_1_DSP48_0_U/p_reg_reg/P[47:0] is not pipelined (MREG=0). Pipelining the multiplier function will improve performance and will save significant power so it is suggested whenever possible to fully pipeline this function.  If this multiplier was inferred, it is suggested to describe an additional register stage after this function.  If there is no registered adder/accumulator following the multiply function, two pipeline stages are suggested to allow both the MREG and PREG registers to be used.  If the DSP48 was instantiated in the design, it is suggested to set both the MREG and PREG attributes to 1 when performing multiply functions.
Related violations: <none>

DPOP-2#18 Warning
MREG Output pipelining  
DSP bd_0_i/hls_inst/inst/mul_10s_10s_10_1_1_U15/tmp_product multiplier stage bd_0_i/hls_inst/inst/mul_10s_10s_10_1_1_U15/tmp_product/P[47:0] is not pipelined (MREG=0). Pipelining the multiplier function will improve performance and will save significant power so it is suggested whenever possible to fully pipeline this function.  If this multiplier was inferred, it is suggested to describe an additional register stage after this function.  If there is no registered adder/accumulator following the multiply function, two pipeline stages are suggested to allow both the MREG and PREG registers to be used.  If the DSP48 was instantiated in the design, it is suggested to set both the MREG and PREG attributes to 1 when performing multiply functions.
Related violations: <none>

DPOP-2#19 Warning
MREG Output pipelining  
DSP bd_0_i/hls_inst/inst/mul_10s_10s_10_1_1_U33/tmp_product multiplier stage bd_0_i/hls_inst/inst/mul_10s_10s_10_1_1_U33/tmp_product/P[47:0] is not pipelined (MREG=0). Pipelining the multiplier function will improve performance and will save significant power so it is suggested whenever possible to fully pipeline this function.  If this multiplier was inferred, it is suggested to describe an additional register stage after this function.  If there is no registered adder/accumulator following the multiply function, two pipeline stages are suggested to allow both the MREG and PREG registers to be used.  If the DSP48 was instantiated in the design, it is suggested to set both the MREG and PREG attributes to 1 when performing multiply functions.
Related violations: <none>

DPOP-2#20 Warning
MREG Output pipelining  
DSP bd_0_i/hls_inst/inst/mul_10s_10s_10_1_1_U90/tmp_product multiplier stage bd_0_i/hls_inst/inst/mul_10s_10s_10_1_1_U90/tmp_product/P[47:0] is not pipelined (MREG=0). Pipelining the multiplier function will improve performance and will save significant power so it is suggested whenever possible to fully pipeline this function.  If this multiplier was inferred, it is suggested to describe an additional register stage after this function.  If there is no registered adder/accumulator following the multiply function, two pipeline stages are suggested to allow both the MREG and PREG registers to be used.  If the DSP48 was instantiated in the design, it is suggested to set both the MREG and PREG attributes to 1 when performing multiply functions.
Related violations: <none>

DPOP-2#21 Warning
MREG Output pipelining  
DSP bd_0_i/hls_inst/inst/mul_10s_6s_10_1_1_U69/tmp_product multiplier stage bd_0_i/hls_inst/inst/mul_10s_6s_10_1_1_U69/tmp_product/P[47:0] is not pipelined (MREG=0). Pipelining the multiplier function will improve performance and will save significant power so it is suggested whenever possible to fully pipeline this function.  If this multiplier was inferred, it is suggested to describe an additional register stage after this function.  If there is no registered adder/accumulator following the multiply function, two pipeline stages are suggested to allow both the MREG and PREG registers to be used.  If the DSP48 was instantiated in the design, it is suggested to set both the MREG and PREG attributes to 1 when performing multiply functions.
Related violations: <none>

DPOP-2#22 Warning
MREG Output pipelining  
DSP bd_0_i/hls_inst/inst/mul_10s_6s_10_1_1_U75/tmp_product multiplier stage bd_0_i/hls_inst/inst/mul_10s_6s_10_1_1_U75/tmp_product/P[47:0] is not pipelined (MREG=0). Pipelining the multiplier function will improve performance and will save significant power so it is suggested whenever possible to fully pipeline this function.  If this multiplier was inferred, it is suggested to describe an additional register stage after this function.  If there is no registered adder/accumulator following the multiply function, two pipeline stages are suggested to allow both the MREG and PREG registers to be used.  If the DSP48 was instantiated in the design, it is suggested to set both the MREG and PREG attributes to 1 when performing multiply functions.
Related violations: <none>

DPOP-2#23 Warning
MREG Output pipelining  
DSP bd_0_i/hls_inst/inst/mul_10s_7s_15_1_1_U50/tmp_product multiplier stage bd_0_i/hls_inst/inst/mul_10s_7s_15_1_1_U50/tmp_product/P[47:0] is not pipelined (MREG=0). Pipelining the multiplier function will improve performance and will save significant power so it is suggested whenever possible to fully pipeline this function.  If this multiplier was inferred, it is suggested to describe an additional register stage after this function.  If there is no registered adder/accumulator following the multiply function, two pipeline stages are suggested to allow both the MREG and PREG registers to be used.  If the DSP48 was instantiated in the design, it is suggested to set both the MREG and PREG attributes to 1 when performing multiply functions.
Related violations: <none>

DPOP-2#24 Warning
MREG Output pipelining  
DSP bd_0_i/hls_inst/inst/mul_11s_10s_12_1_1_U18/tmp_product multiplier stage bd_0_i/hls_inst/inst/mul_11s_10s_12_1_1_U18/tmp_product/P[47:0] is not pipelined (MREG=0). Pipelining the multiplier function will improve performance and will save significant power so it is suggested whenever possible to fully pipeline this function.  If this multiplier was inferred, it is suggested to describe an additional register stage after this function.  If there is no registered adder/accumulator following the multiply function, two pipeline stages are suggested to allow both the MREG and PREG registers to be used.  If the DSP48 was instantiated in the design, it is suggested to set both the MREG and PREG attributes to 1 when performing multiply functions.
Related violations: <none>

DPOP-2#25 Warning
MREG Output pipelining  
DSP bd_0_i/hls_inst/inst/mul_11s_11s_11_1_1_U57/tmp_product multiplier stage bd_0_i/hls_inst/inst/mul_11s_11s_11_1_1_U57/tmp_product/P[47:0] is not pipelined (MREG=0). Pipelining the multiplier function will improve performance and will save significant power so it is suggested whenever possible to fully pipeline this function.  If this multiplier was inferred, it is suggested to describe an additional register stage after this function.  If there is no registered adder/accumulator following the multiply function, two pipeline stages are suggested to allow both the MREG and PREG registers to be used.  If the DSP48 was instantiated in the design, it is suggested to set both the MREG and PREG attributes to 1 when performing multiply functions.
Related violations: <none>

DPOP-2#26 Warning
MREG Output pipelining  
DSP bd_0_i/hls_inst/inst/mul_11s_6s_17_1_1_U72/tmp_product multiplier stage bd_0_i/hls_inst/inst/mul_11s_6s_17_1_1_U72/tmp_product/P[47:0] is not pipelined (MREG=0). Pipelining the multiplier function will improve performance and will save significant power so it is suggested whenever possible to fully pipeline this function.  If this multiplier was inferred, it is suggested to describe an additional register stage after this function.  If there is no registered adder/accumulator following the multiply function, two pipeline stages are suggested to allow both the MREG and PREG registers to be used.  If the DSP48 was instantiated in the design, it is suggested to set both the MREG and PREG attributes to 1 when performing multiply functions.
Related violations: <none>

DPOP-2#27 Warning
MREG Output pipelining  
DSP bd_0_i/hls_inst/inst/mul_11s_7s_11_1_1_U36/tmp_product multiplier stage bd_0_i/hls_inst/inst/mul_11s_7s_11_1_1_U36/tmp_product/P[47:0] is not pipelined (MREG=0). Pipelining the multiplier function will improve performance and will save significant power so it is suggested whenever possible to fully pipeline this function.  If this multiplier was inferred, it is suggested to describe an additional register stage after this function.  If there is no registered adder/accumulator following the multiply function, two pipeline stages are suggested to allow both the MREG and PREG registers to be used.  If the DSP48 was instantiated in the design, it is suggested to set both the MREG and PREG attributes to 1 when performing multiply functions.
Related violations: <none>

DPOP-2#28 Warning
MREG Output pipelining  
DSP bd_0_i/hls_inst/inst/mul_11s_7s_15_1_1_U19/tmp_product multiplier stage bd_0_i/hls_inst/inst/mul_11s_7s_15_1_1_U19/tmp_product/P[47:0] is not pipelined (MREG=0). Pipelining the multiplier function will improve performance and will save significant power so it is suggested whenever possible to fully pipeline this function.  If this multiplier was inferred, it is suggested to describe an additional register stage after this function.  If there is no registered adder/accumulator following the multiply function, two pipeline stages are suggested to allow both the MREG and PREG registers to be used.  If the DSP48 was instantiated in the design, it is suggested to set both the MREG and PREG attributes to 1 when performing multiply functions.
Related violations: <none>

DPOP-2#29 Warning
MREG Output pipelining  
DSP bd_0_i/hls_inst/inst/mul_12s_10s_16_1_1_U55/tmp_product multiplier stage bd_0_i/hls_inst/inst/mul_12s_10s_16_1_1_U55/tmp_product/P[47:0] is not pipelined (MREG=0). Pipelining the multiplier function will improve performance and will save significant power so it is suggested whenever possible to fully pipeline this function.  If this multiplier was inferred, it is suggested to describe an additional register stage after this function.  If there is no registered adder/accumulator following the multiply function, two pipeline stages are suggested to allow both the MREG and PREG registers to be used.  If the DSP48 was instantiated in the design, it is suggested to set both the MREG and PREG attributes to 1 when performing multiply functions.
Related violations: <none>

DPOP-2#30 Warning
MREG Output pipelining  
DSP bd_0_i/hls_inst/inst/mul_12s_12s_12_1_1_U30/tmp_product multiplier stage bd_0_i/hls_inst/inst/mul_12s_12s_12_1_1_U30/tmp_product/P[47:0] is not pipelined (MREG=0). Pipelining the multiplier function will improve performance and will save significant power so it is suggested whenever possible to fully pipeline this function.  If this multiplier was inferred, it is suggested to describe an additional register stage after this function.  If there is no registered adder/accumulator following the multiply function, two pipeline stages are suggested to allow both the MREG and PREG registers to be used.  If the DSP48 was instantiated in the design, it is suggested to set both the MREG and PREG attributes to 1 when performing multiply functions.
Related violations: <none>

DPOP-2#31 Warning
MREG Output pipelining  
DSP bd_0_i/hls_inst/inst/mul_12s_6s_12_1_1_U86/tmp_product multiplier stage bd_0_i/hls_inst/inst/mul_12s_6s_12_1_1_U86/tmp_product/P[47:0] is not pipelined (MREG=0). Pipelining the multiplier function will improve performance and will save significant power so it is suggested whenever possible to fully pipeline this function.  If this multiplier was inferred, it is suggested to describe an additional register stage after this function.  If there is no registered adder/accumulator following the multiply function, two pipeline stages are suggested to allow both the MREG and PREG registers to be used.  If the DSP48 was instantiated in the design, it is suggested to set both the MREG and PREG attributes to 1 when performing multiply functions.
Related violations: <none>

DPOP-2#32 Warning
MREG Output pipelining  
DSP bd_0_i/hls_inst/inst/mul_12s_6s_18_1_1_U51/tmp_product multiplier stage bd_0_i/hls_inst/inst/mul_12s_6s_18_1_1_U51/tmp_product/P[47:0] is not pipelined (MREG=0). Pipelining the multiplier function will improve performance and will save significant power so it is suggested whenever possible to fully pipeline this function.  If this multiplier was inferred, it is suggested to describe an additional register stage after this function.  If there is no registered adder/accumulator following the multiply function, two pipeline stages are suggested to allow both the MREG and PREG registers to be used.  If the DSP48 was instantiated in the design, it is suggested to set both the MREG and PREG attributes to 1 when performing multiply functions.
Related violations: <none>

DPOP-2#33 Warning
MREG Output pipelining  
DSP bd_0_i/hls_inst/inst/mul_12s_7s_12_1_1_U39/tmp_product multiplier stage bd_0_i/hls_inst/inst/mul_12s_7s_12_1_1_U39/tmp_product/P[47:0] is not pipelined (MREG=0). Pipelining the multiplier function will improve performance and will save significant power so it is suggested whenever possible to fully pipeline this function.  If this multiplier was inferred, it is suggested to describe an additional register stage after this function.  If there is no registered adder/accumulator following the multiply function, two pipeline stages are suggested to allow both the MREG and PREG registers to be used.  If the DSP48 was instantiated in the design, it is suggested to set both the MREG and PREG attributes to 1 when performing multiply functions.
Related violations: <none>

DPOP-2#34 Warning
MREG Output pipelining  
DSP bd_0_i/hls_inst/inst/mul_12s_7s_12_1_1_U7/tmp_product multiplier stage bd_0_i/hls_inst/inst/mul_12s_7s_12_1_1_U7/tmp_product/P[47:0] is not pipelined (MREG=0). Pipelining the multiplier function will improve performance and will save significant power so it is suggested whenever possible to fully pipeline this function.  If this multiplier was inferred, it is suggested to describe an additional register stage after this function.  If there is no registered adder/accumulator following the multiply function, two pipeline stages are suggested to allow both the MREG and PREG registers to be used.  If the DSP48 was instantiated in the design, it is suggested to set both the MREG and PREG attributes to 1 when performing multiply functions.
Related violations: <none>

DPOP-2#35 Warning
MREG Output pipelining  
DSP bd_0_i/hls_inst/inst/mul_13s_11s_13_1_1_U82/tmp_product multiplier stage bd_0_i/hls_inst/inst/mul_13s_11s_13_1_1_U82/tmp_product/P[47:0] is not pipelined (MREG=0). Pipelining the multiplier function will improve performance and will save significant power so it is suggested whenever possible to fully pipeline this function.  If this multiplier was inferred, it is suggested to describe an additional register stage after this function.  If there is no registered adder/accumulator following the multiply function, two pipeline stages are suggested to allow both the MREG and PREG registers to be used.  If the DSP48 was instantiated in the design, it is suggested to set both the MREG and PREG attributes to 1 when performing multiply functions.
Related violations: <none>

DPOP-2#36 Warning
MREG Output pipelining  
DSP bd_0_i/hls_inst/inst/mul_14s_10s_14_1_1_U21/tmp_product multiplier stage bd_0_i/hls_inst/inst/mul_14s_10s_14_1_1_U21/tmp_product/P[47:0] is not pipelined (MREG=0). Pipelining the multiplier function will improve performance and will save significant power so it is suggested whenever possible to fully pipeline this function.  If this multiplier was inferred, it is suggested to describe an additional register stage after this function.  If there is no registered adder/accumulator following the multiply function, two pipeline stages are suggested to allow both the MREG and PREG registers to be used.  If the DSP48 was instantiated in the design, it is suggested to set both the MREG and PREG attributes to 1 when performing multiply functions.
Related violations: <none>

DPOP-2#37 Warning
MREG Output pipelining  
DSP bd_0_i/hls_inst/inst/mul_14s_12s_14_1_1_U16/tmp_product multiplier stage bd_0_i/hls_inst/inst/mul_14s_12s_14_1_1_U16/tmp_product/P[47:0] is not pipelined (MREG=0). Pipelining the multiplier function will improve performance and will save significant power so it is suggested whenever possible to fully pipeline this function.  If this multiplier was inferred, it is suggested to describe an additional register stage after this function.  If there is no registered adder/accumulator following the multiply function, two pipeline stages are suggested to allow both the MREG and PREG registers to be used.  If the DSP48 was instantiated in the design, it is suggested to set both the MREG and PREG attributes to 1 when performing multiply functions.
Related violations: <none>

DPOP-2#38 Warning
MREG Output pipelining  
DSP bd_0_i/hls_inst/inst/mul_14s_6s_16_1_1_U3/tmp_product multiplier stage bd_0_i/hls_inst/inst/mul_14s_6s_16_1_1_U3/tmp_product/P[47:0] is not pipelined (MREG=0). Pipelining the multiplier function will improve performance and will save significant power so it is suggested whenever possible to fully pipeline this function.  If this multiplier was inferred, it is suggested to describe an additional register stage after this function.  If there is no registered adder/accumulator following the multiply function, two pipeline stages are suggested to allow both the MREG and PREG registers to be used.  If the DSP48 was instantiated in the design, it is suggested to set both the MREG and PREG attributes to 1 when performing multiply functions.
Related violations: <none>

DPOP-2#39 Warning
MREG Output pipelining  
DSP bd_0_i/hls_inst/inst/mul_14s_7s_14_1_1_U12/tmp_product multiplier stage bd_0_i/hls_inst/inst/mul_14s_7s_14_1_1_U12/tmp_product/P[47:0] is not pipelined (MREG=0). Pipelining the multiplier function will improve performance and will save significant power so it is suggested whenever possible to fully pipeline this function.  If this multiplier was inferred, it is suggested to describe an additional register stage after this function.  If there is no registered adder/accumulator following the multiply function, two pipeline stages are suggested to allow both the MREG and PREG registers to be used.  If the DSP48 was instantiated in the design, it is suggested to set both the MREG and PREG attributes to 1 when performing multiply functions.
Related violations: <none>

DPOP-2#40 Warning
MREG Output pipelining  
DSP bd_0_i/hls_inst/inst/mul_5s_5s_5_1_1_U48/tmp_product multiplier stage bd_0_i/hls_inst/inst/mul_5s_5s_5_1_1_U48/tmp_product/P[47:0] is not pipelined (MREG=0). Pipelining the multiplier function will improve performance and will save significant power so it is suggested whenever possible to fully pipeline this function.  If this multiplier was inferred, it is suggested to describe an additional register stage after this function.  If there is no registered adder/accumulator following the multiply function, two pipeline stages are suggested to allow both the MREG and PREG registers to be used.  If the DSP48 was instantiated in the design, it is suggested to set both the MREG and PREG attributes to 1 when performing multiply functions.
Related violations: <none>

DPOP-2#41 Warning
MREG Output pipelining  
DSP bd_0_i/hls_inst/inst/mul_9s_7s_9_1_1_U107/tmp_product multiplier stage bd_0_i/hls_inst/inst/mul_9s_7s_9_1_1_U107/tmp_product/P[47:0] is not pipelined (MREG=0). Pipelining the multiplier function will improve performance and will save significant power so it is suggested whenever possible to fully pipeline this function.  If this multiplier was inferred, it is suggested to describe an additional register stage after this function.  If there is no registered adder/accumulator following the multiply function, two pipeline stages are suggested to allow both the MREG and PREG registers to be used.  If the DSP48 was instantiated in the design, it is suggested to set both the MREG and PREG attributes to 1 when performing multiply functions.
Related violations: <none>

DPOP-2#42 Warning
MREG Output pipelining  
DSP bd_0_i/hls_inst/inst/mul_9s_8s_9_1_1_U58/tmp_product multiplier stage bd_0_i/hls_inst/inst/mul_9s_8s_9_1_1_U58/tmp_product/P[47:0] is not pipelined (MREG=0). Pipelining the multiplier function will improve performance and will save significant power so it is suggested whenever possible to fully pipeline this function.  If this multiplier was inferred, it is suggested to describe an additional register stage after this function.  If there is no registered adder/accumulator following the multiply function, two pipeline stages are suggested to allow both the MREG and PREG registers to be used.  If the DSP48 was instantiated in the design, it is suggested to set both the MREG and PREG attributes to 1 when performing multiply functions.
Related violations: <none>

DPOP-2#43 Warning
MREG Output pipelining  
DSP bd_0_i/hls_inst/inst/mul_9s_8s_9_1_1_U67/tmp_product multiplier stage bd_0_i/hls_inst/inst/mul_9s_8s_9_1_1_U67/tmp_product/P[47:0] is not pipelined (MREG=0). Pipelining the multiplier function will improve performance and will save significant power so it is suggested whenever possible to fully pipeline this function.  If this multiplier was inferred, it is suggested to describe an additional register stage after this function.  If there is no registered adder/accumulator following the multiply function, two pipeline stages are suggested to allow both the MREG and PREG registers to be used.  If the DSP48 was instantiated in the design, it is suggested to set both the MREG and PREG attributes to 1 when performing multiply functions.
Related violations: <none>

DPOP-2#44 Warning
MREG Output pipelining  
DSP bd_0_i/hls_inst/inst/mul_9s_9s_9_1_1_U20/tmp_product multiplier stage bd_0_i/hls_inst/inst/mul_9s_9s_9_1_1_U20/tmp_product/P[47:0] is not pipelined (MREG=0). Pipelining the multiplier function will improve performance and will save significant power so it is suggested whenever possible to fully pipeline this function.  If this multiplier was inferred, it is suggested to describe an additional register stage after this function.  If there is no registered adder/accumulator following the multiply function, two pipeline stages are suggested to allow both the MREG and PREG registers to be used.  If the DSP48 was instantiated in the design, it is suggested to set both the MREG and PREG attributes to 1 when performing multiply functions.
Related violations: <none>

DPOP-2#45 Warning
MREG Output pipelining  
DSP bd_0_i/hls_inst/inst/mul_9s_9s_9_1_1_U23/tmp_product multiplier stage bd_0_i/hls_inst/inst/mul_9s_9s_9_1_1_U23/tmp_product/P[47:0] is not pipelined (MREG=0). Pipelining the multiplier function will improve performance and will save significant power so it is suggested whenever possible to fully pipeline this function.  If this multiplier was inferred, it is suggested to describe an additional register stage after this function.  If there is no registered adder/accumulator following the multiply function, two pipeline stages are suggested to allow both the MREG and PREG registers to be used.  If the DSP48 was instantiated in the design, it is suggested to set both the MREG and PREG attributes to 1 when performing multiply functions.
Related violations: <none>

DPOP-2#46 Warning
MREG Output pipelining  
DSP bd_0_i/hls_inst/inst/mul_9s_9s_9_1_1_U60/tmp_product multiplier stage bd_0_i/hls_inst/inst/mul_9s_9s_9_1_1_U60/tmp_product/P[47:0] is not pipelined (MREG=0). Pipelining the multiplier function will improve performance and will save significant power so it is suggested whenever possible to fully pipeline this function.  If this multiplier was inferred, it is suggested to describe an additional register stage after this function.  If there is no registered adder/accumulator following the multiply function, two pipeline stages are suggested to allow both the MREG and PREG registers to be used.  If the DSP48 was instantiated in the design, it is suggested to set both the MREG and PREG attributes to 1 when performing multiply functions.
Related violations: <none>

DPOP-2#47 Warning
MREG Output pipelining  
DSP bd_0_i/hls_inst/inst/mul_9s_9s_9_1_1_U71/tmp_product multiplier stage bd_0_i/hls_inst/inst/mul_9s_9s_9_1_1_U71/tmp_product/P[47:0] is not pipelined (MREG=0). Pipelining the multiplier function will improve performance and will save significant power so it is suggested whenever possible to fully pipeline this function.  If this multiplier was inferred, it is suggested to describe an additional register stage after this function.  If there is no registered adder/accumulator following the multiply function, two pipeline stages are suggested to allow both the MREG and PREG registers to be used.  If the DSP48 was instantiated in the design, it is suggested to set both the MREG and PREG attributes to 1 when performing multiply functions.
Related violations: <none>

DPOP-2#48 Warning
MREG Output pipelining  
DSP bd_0_i/hls_inst/inst/mul_ln271_reg_2214_reg multiplier stage bd_0_i/hls_inst/inst/mul_ln271_reg_2214_reg/P[47:0] is not pipelined (MREG=0). Pipelining the multiplier function will improve performance and will save significant power so it is suggested whenever possible to fully pipeline this function.  If this multiplier was inferred, it is suggested to describe an additional register stage after this function.  If there is no registered adder/accumulator following the multiply function, two pipeline stages are suggested to allow both the MREG and PREG registers to be used.  If the DSP48 was instantiated in the design, it is suggested to set both the MREG and PREG attributes to 1 when performing multiply functions.
Related violations: <none>

DPOP-2#49 Warning
MREG Output pipelining  
DSP bd_0_i/hls_inst/inst/mul_ln330_reg_2568_reg multiplier stage bd_0_i/hls_inst/inst/mul_ln330_reg_2568_reg/P[47:0] is not pipelined (MREG=0). Pipelining the multiplier function will improve performance and will save significant power so it is suggested whenever possible to fully pipeline this function.  If this multiplier was inferred, it is suggested to describe an additional register stage after this function.  If there is no registered adder/accumulator following the multiply function, two pipeline stages are suggested to allow both the MREG and PREG registers to be used.  If the DSP48 was instantiated in the design, it is suggested to set both the MREG and PREG attributes to 1 when performing multiply functions.
Related violations: <none>

DPOP-2#50 Warning
MREG Output pipelining  
DSP bd_0_i/hls_inst/inst/trunc_ln299_1_reg_2470_reg multiplier stage bd_0_i/hls_inst/inst/trunc_ln299_1_reg_2470_reg/P[47:0] is not pipelined (MREG=0). Pipelining the multiplier function will improve performance and will save significant power so it is suggested whenever possible to fully pipeline this function.  If this multiplier was inferred, it is suggested to describe an additional register stage after this function.  If there is no registered adder/accumulator following the multiply function, two pipeline stages are suggested to allow both the MREG and PREG registers to be used.  If the DSP48 was instantiated in the design, it is suggested to set both the MREG and PREG attributes to 1 when performing multiply functions.
Related violations: <none>

DPOP-2#51 Warning
MREG Output pipelining  
DSP bd_0_i/hls_inst/inst/trunc_ln320_reg_2563_reg multiplier stage bd_0_i/hls_inst/inst/trunc_ln320_reg_2563_reg/P[47:0] is not pipelined (MREG=0). Pipelining the multiplier function will improve performance and will save significant power so it is suggested whenever possible to fully pipeline this function.  If this multiplier was inferred, it is suggested to describe an additional register stage after this function.  If there is no registered adder/accumulator following the multiply function, two pipeline stages are suggested to allow both the MREG and PREG registers to be used.  If the DSP48 was instantiated in the design, it is suggested to set both the MREG and PREG attributes to 1 when performing multiply functions.
Related violations: <none>

DPOP-2#52 Warning
MREG Output pipelining  
DSP bd_0_i/hls_inst/inst/trunc_ln355_3_reg_2650_reg multiplier stage bd_0_i/hls_inst/inst/trunc_ln355_3_reg_2650_reg/P[47:0] is not pipelined (MREG=0). Pipelining the multiplier function will improve performance and will save significant power so it is suggested whenever possible to fully pipeline this function.  If this multiplier was inferred, it is suggested to describe an additional register stage after this function.  If there is no registered adder/accumulator following the multiply function, two pipeline stages are suggested to allow both the MREG and PREG registers to be used.  If the DSP48 was instantiated in the design, it is suggested to set both the MREG and PREG attributes to 1 when performing multiply functions.
Related violations: <none>

ZPS7-1#1 Warning
PS7 block required  
The PS7 cell must be used in this Zynq design in order to enable correct default configuration.
Related violations: <none>


