
*** Running vivado
    with args -log bd_0_wrapper.vdi -applog -m64 -product Vivado -messageDb vivado.pb -mode batch -source bd_0_wrapper.tcl -notrace


****** Vivado v2025.1 (64-bit)
  **** SW Build 6140274 on Wed May 21 22:58:25 MDT 2025
  **** IP Build 6138677 on Thu May 22 03:10:11 MDT 2025
  **** SharedData Build 6139179 on Tue May 20 17:58:58 MDT 2025
  **** Start of session at: Tue Dec 23 15:20:38 2025
    ** Copyright 1986-2022 Xilinx, Inc. All Rights Reserved.
    ** Copyright 2022-2025 Advanced Micro Devices, Inc. All Rights Reserved.

source bd_0_wrapper.tcl -notrace
Command: open_checkpoint /home/jjh/RL_test/HLS_Optimization/synthetic_case_generation/project_tmp/solution_tmp/impl/verilog/project.runs/impl_1/bd_0_wrapper.dcp
INFO: [Device 21-403] Loading part xc7z020clg484-1
Netlist sorting complete. Time (s): cpu = 00:00:00.04 ; elapsed = 00:00:00.04 . Memory (MB): peak = 1717.688 ; gain = 0.000 ; free physical = 92125 ; free virtual = 118319
INFO: [Netlist 29-17] Analyzing 305 Unisim elements for replacement
INFO: [Netlist 29-28] Unisim Transformation completed in 0 CPU seconds
INFO: [Project 1-479] Netlist was created with Vivado 2025.1
INFO: [Project 1-570] Preparing netlist for logic optimization
Read ShapeDB Complete: Time (s): cpu = 00:00:00.01 ; elapsed = 00:00:00.01 . Memory (MB): peak = 1785.500 ; gain = 1.000 ; free physical = 92026 ; free virtual = 118220
INFO: [Timing 38-478] Restoring timing data from binary archive.
INFO: [Timing 38-479] Binary timing data restore complete.
INFO: [Project 1-856] Restoring constraints from binary archive.
INFO: [Project 1-853] Binary constraint restore complete.
Netlist sorting complete. Time (s): cpu = 00:00:00.01 ; elapsed = 00:00:00 . Memory (MB): peak = 2355.031 ; gain = 0.000 ; free physical = 91504 ; free virtual = 117698
INFO: [Project 1-111] Unisim Transformation Summary:
No Unisim elements were transformed.

INFO: [Project 1-604] Checkpoint was created with Vivado v2025.1 (64-bit) build 6140274
open_checkpoint: Time (s): cpu = 00:00:29 ; elapsed = 00:00:19 . Memory (MB): peak = 2355.066 ; gain = 924.016 ; free physical = 91504 ; free virtual = 117698
INFO: [IP_Flow 19-234] Refreshing IP repositories
INFO: [IP_Flow 19-1700] Loaded user IP repository '/home/jjh/RL_test/HLS_Optimization/synthetic_case_generation/project_tmp/solution_tmp/impl/ip'.
INFO: [IP_Flow 19-2313] Loaded Vivado IP repository '/tools/Xilinx/2025.1/Vivado/data/ip'.
Command: opt_design
Attempting to get a license for feature 'Implementation' and/or device 'xc7z020'
INFO: [Common 17-349] Got license for feature 'Implementation' and/or device 'xc7z020'
Running DRC as a precondition to command opt_design

Starting DRC Task
INFO: [DRC 23-27] Running DRC with 8 threads
WARNING: [DRC 23-814] Not all possible (connectivity based) DRCs may have been run because this design is seen as Out of Context.
INFO: [Project 1-461] DRC finished with 0 Errors
INFO: [Project 1-462] Please refer to the DRC report (report_drc) for more information.

Time (s): cpu = 00:00:01 ; elapsed = 00:00:00.71 . Memory (MB): peak = 2489.703 ; gain = 125.766 ; free physical = 91430 ; free virtual = 117625

Starting Cache Timing Information Task
Ending Cache Timing Information Task | Checksum: 9335d38a

Time (s): cpu = 00:00:00.01 ; elapsed = 00:00:00.01 . Memory (MB): peak = 2489.703 ; gain = 0.000 ; free physical = 91430 ; free virtual = 117625

Starting Logic Optimization Task

Phase 1 Initialization

Phase 1.1 Core Generation And Design Setup
Phase 1.1 Core Generation And Design Setup | Checksum: 9335d38a

Time (s): cpu = 00:00:00.01 ; elapsed = 00:00:00.01 . Memory (MB): peak = 2749.688 ; gain = 0.000 ; free physical = 91115 ; free virtual = 117310

Phase 1.2 Setup Constraints And Sort Netlist
Phase 1.2 Setup Constraints And Sort Netlist | Checksum: 9335d38a

Time (s): cpu = 00:00:00.01 ; elapsed = 00:00:00.01 . Memory (MB): peak = 2749.688 ; gain = 0.000 ; free physical = 91115 ; free virtual = 117310
Phase 1 Initialization | Checksum: 9335d38a

Time (s): cpu = 00:00:00.01 ; elapsed = 00:00:00.01 . Memory (MB): peak = 2749.688 ; gain = 0.000 ; free physical = 91115 ; free virtual = 117310

Phase 2 Timer Update And Timing Data Collection

Phase 2.1 Timer Update
Phase 2.1 Timer Update | Checksum: 9335d38a

Time (s): cpu = 00:00:00.25 ; elapsed = 00:00:00.1 . Memory (MB): peak = 2749.688 ; gain = 0.000 ; free physical = 91115 ; free virtual = 117310

Phase 2.2 Timing Data Collection
Phase 2.2 Timing Data Collection | Checksum: 9335d38a

Time (s): cpu = 00:00:00.26 ; elapsed = 00:00:00.11 . Memory (MB): peak = 2749.688 ; gain = 0.000 ; free physical = 91113 ; free virtual = 117308
Phase 2 Timer Update And Timing Data Collection | Checksum: 9335d38a

Time (s): cpu = 00:00:00.26 ; elapsed = 00:00:00.12 . Memory (MB): peak = 2749.688 ; gain = 0.000 ; free physical = 91113 ; free virtual = 117308

Phase 3 Retarget
INFO: [Opt 31-1851] Number of loadless carry chains removed were: 0
INFO: [Opt 31-1834] Total Chains To Be Transformed Were: 0 AND Number of Transformed insts Created are: 0
INFO: [Opt 31-138] Pushed 0 inverter(s) to 0 load pin(s).
INFO: [Opt 31-49] Retargeted 0 cell(s).
Phase 3 Retarget | Checksum: 9335d38a

Time (s): cpu = 00:00:00.37 ; elapsed = 00:00:00.24 . Memory (MB): peak = 2749.688 ; gain = 0.000 ; free physical = 91111 ; free virtual = 117306
Retarget | Checksum: 9335d38a
INFO: [Opt 31-389] Phase Retarget created 0 cells and removed 0 cells

Phase 4 Constant propagation
INFO: [Opt 31-138] Pushed 0 inverter(s) to 0 load pin(s).
Phase 4 Constant propagation | Checksum: dedabb88

Time (s): cpu = 00:00:00.45 ; elapsed = 00:00:00.32 . Memory (MB): peak = 2749.688 ; gain = 0.000 ; free physical = 91111 ; free virtual = 117306
Constant propagation | Checksum: dedabb88
INFO: [Opt 31-389] Phase Constant propagation created 0 cells and removed 0 cells

Phase 5 Sweep
INFO: [Constraints 18-11670] Building netlist checker database with flags, 0x8
Done building netlist checker database: Time (s): cpu = 00:00:00.01 ; elapsed = 00:00:00 . Memory (MB): peak = 2749.688 ; gain = 0.000 ; free physical = 91111 ; free virtual = 117306
INFO: [Constraints 18-11670] Building netlist checker database with flags, 0x8
Done building netlist checker database: Time (s): cpu = 00:00:00 ; elapsed = 00:00:00 . Memory (MB): peak = 2749.688 ; gain = 0.000 ; free physical = 91111 ; free virtual = 117306
Phase 5 Sweep | Checksum: 1051e4d33

Time (s): cpu = 00:00:00.55 ; elapsed = 00:00:00.43 . Memory (MB): peak = 2749.688 ; gain = 0.000 ; free physical = 91111 ; free virtual = 117306
Sweep | Checksum: 1051e4d33
INFO: [Opt 31-389] Phase Sweep created 0 cells and removed 0 cells

Phase 6 BUFG optimization
Phase 6 BUFG optimization | Checksum: 1051e4d33

Time (s): cpu = 00:00:00.57 ; elapsed = 00:00:00.45 . Memory (MB): peak = 2781.703 ; gain = 32.016 ; free physical = 91111 ; free virtual = 117306
BUFG optimization | Checksum: 1051e4d33
INFO: [Opt 31-662] Phase BUFG optimization created 0 cells of which 0 are BUFGs and removed 0 cells.

Phase 7 Shift Register Optimization
INFO: [Opt 31-1064] SRL Remap converted 0 SRLs to 0 registers and converted 0 registers of register chains to 0 SRLs
Phase 7 Shift Register Optimization | Checksum: 1051e4d33

Time (s): cpu = 00:00:00.58 ; elapsed = 00:00:00.45 . Memory (MB): peak = 2781.703 ; gain = 32.016 ; free physical = 91111 ; free virtual = 117306
Shift Register Optimization | Checksum: 1051e4d33
INFO: [Opt 31-389] Phase Shift Register Optimization created 0 cells and removed 0 cells

Phase 8 Post Processing Netlist
Phase 8 Post Processing Netlist | Checksum: 1051e4d33

Time (s): cpu = 00:00:00.59 ; elapsed = 00:00:00.46 . Memory (MB): peak = 2781.703 ; gain = 32.016 ; free physical = 91111 ; free virtual = 117306
Post Processing Netlist | Checksum: 1051e4d33
INFO: [Opt 31-389] Phase Post Processing Netlist created 0 cells and removed 0 cells

Phase 9 Finalization

Phase 9.1 Finalizing Design Cores and Updating Shapes
Phase 9.1 Finalizing Design Cores and Updating Shapes | Checksum: 11cb39630

Time (s): cpu = 00:00:00.74 ; elapsed = 00:00:00.61 . Memory (MB): peak = 2781.703 ; gain = 32.016 ; free physical = 91111 ; free virtual = 117306

Phase 9.2 Verifying Netlist Connectivity

Starting Connectivity Check Task

Time (s): cpu = 00:00:00 ; elapsed = 00:00:00.01 . Memory (MB): peak = 2781.703 ; gain = 0.000 ; free physical = 91111 ; free virtual = 117306
Phase 9.2 Verifying Netlist Connectivity | Checksum: 11cb39630

Time (s): cpu = 00:00:00.75 ; elapsed = 00:00:00.62 . Memory (MB): peak = 2781.703 ; gain = 32.016 ; free physical = 91111 ; free virtual = 117306
Phase 9 Finalization | Checksum: 11cb39630

Time (s): cpu = 00:00:00.75 ; elapsed = 00:00:00.62 . Memory (MB): peak = 2781.703 ; gain = 32.016 ; free physical = 91111 ; free virtual = 117306
Opt_design Change Summary
=========================


-------------------------------------------------------------------------------------------------------------------------
|  Phase                        |  #Cells created  |  #Cells Removed  |  #Constrained objects preventing optimizations  |
-------------------------------------------------------------------------------------------------------------------------
|  Retarget                     |               0  |               0  |                                              0  |
|  Constant propagation         |               0  |               0  |                                              0  |
|  Sweep                        |               0  |               0  |                                              0  |
|  BUFG optimization            |               0  |               0  |                                              0  |
|  Shift Register Optimization  |               0  |               0  |                                              0  |
|  Post Processing Netlist      |               0  |               0  |                                              0  |
-------------------------------------------------------------------------------------------------------------------------


Ending Logic Optimization Task | Checksum: 11cb39630

Time (s): cpu = 00:00:00.75 ; elapsed = 00:00:00.62 . Memory (MB): peak = 2781.703 ; gain = 32.016 ; free physical = 91111 ; free virtual = 117306

Starting Power Optimization Task
INFO: [Pwropt 34-132] Skipping clock gating for clocks with a period < 2.00 ns.
Ending Power Optimization Task | Checksum: 11cb39630

Time (s): cpu = 00:00:00.01 ; elapsed = 00:00:00 . Memory (MB): peak = 2781.703 ; gain = 0.000 ; free physical = 91111 ; free virtual = 117306

Starting Final Cleanup Task
Ending Final Cleanup Task | Checksum: 11cb39630

Time (s): cpu = 00:00:00 ; elapsed = 00:00:00 . Memory (MB): peak = 2781.703 ; gain = 0.000 ; free physical = 91111 ; free virtual = 117306

Starting Netlist Obfuscation Task
Netlist sorting complete. Time (s): cpu = 00:00:00 ; elapsed = 00:00:00 . Memory (MB): peak = 2781.703 ; gain = 0.000 ; free physical = 91111 ; free virtual = 117306
Ending Netlist Obfuscation Task | Checksum: 11cb39630

Time (s): cpu = 00:00:00 ; elapsed = 00:00:00 . Memory (MB): peak = 2781.703 ; gain = 0.000 ; free physical = 91111 ; free virtual = 117306
INFO: [Common 17-83] Releasing license: Implementation
34 Infos, 1 Warnings, 0 Critical Warnings and 0 Errors encountered.
opt_design completed successfully
opt_design: Time (s): cpu = 00:00:06 ; elapsed = 00:00:05 . Memory (MB): peak = 2781.703 ; gain = 417.766 ; free physical = 91111 ; free virtual = 117306
INFO: [Vivado 12-24828] Executing command : report_drc -file bd_0_wrapper_drc_opted.rpt -pb bd_0_wrapper_drc_opted.pb -rpx bd_0_wrapper_drc_opted.rpx
Command: report_drc -file bd_0_wrapper_drc_opted.rpt -pb bd_0_wrapper_drc_opted.pb -rpx bd_0_wrapper_drc_opted.rpx
INFO: [IP_Flow 19-1839] IP Catalog is up to date.
INFO: [DRC 23-27] Running DRC with 8 threads
WARNING: [DRC 23-814] Not all possible (connectivity based) DRCs may have been run because this design is seen as Out of Context.
INFO: [Vivado_Tcl 2-168] The results of DRC are in file /home/jjh/RL_test/HLS_Optimization/synthetic_case_generation/project_tmp/solution_tmp/impl/verilog/project.runs/impl_1/bd_0_wrapper_drc_opted.rpt.
report_drc completed successfully
INFO: [Timing 38-35] Done setting XDC timing constraints.
INFO: [Timing 38-480] Writing timing data to binary archive.
Write ShapeDB Complete: Time (s): cpu = 00:00:00.03 ; elapsed = 00:00:00.01 . Memory (MB): peak = 2795.578 ; gain = 0.000 ; free physical = 91094 ; free virtual = 117289
INFO: [Common 17-1381] The checkpoint '/home/jjh/RL_test/HLS_Optimization/synthetic_case_generation/project_tmp/solution_tmp/impl/verilog/project.runs/impl_1/bd_0_wrapper_opt.dcp' has been generated.
Command: place_design
Attempting to get a license for feature 'Implementation' and/or device 'xc7z020'
INFO: [Common 17-349] Got license for feature 'Implementation' and/or device 'xc7z020'
INFO: [Common 17-83] Releasing license: Implementation
INFO: [DRC 23-27] Running DRC with 8 threads
WARNING: [DRC 23-814] Not all possible (connectivity based) DRCs may have been run because this design is seen as Out of Context.
INFO: [Vivado_Tcl 4-198] DRC finished with 0 Errors
INFO: [Vivado_Tcl 4-199] Please refer to the DRC report (report_drc) for more information.
Running DRC as a precondition to command place_design
INFO: [DRC 23-27] Running DRC with 8 threads
WARNING: [DRC 23-814] Not all possible (connectivity based) DRCs may have been run because this design is seen as Out of Context.
INFO: [Vivado_Tcl 4-198] DRC finished with 0 Errors
INFO: [Vivado_Tcl 4-199] Please refer to the DRC report (report_drc) for more information.
INFO: [Place 30-611] Multithreading enabled for place_design using a maximum of 8 CPUs

Starting Placer Task

Phase 1 Placer Initialization

Phase 1.1 Placer Initialization Netlist Sorting
Netlist sorting complete. Time (s): cpu = 00:00:00 ; elapsed = 00:00:00 . Memory (MB): peak = 2847.766 ; gain = 0.000 ; free physical = 91060 ; free virtual = 117256
Phase 1.1 Placer Initialization Netlist Sorting | Checksum: 631a6e1d

Time (s): cpu = 00:00:00.01 ; elapsed = 00:00:00.01 . Memory (MB): peak = 2847.766 ; gain = 0.000 ; free physical = 91060 ; free virtual = 117256
Netlist sorting complete. Time (s): cpu = 00:00:00 ; elapsed = 00:00:00 . Memory (MB): peak = 2847.766 ; gain = 0.000 ; free physical = 91060 ; free virtual = 117256

Phase 1.2 IO Placement/ Clock Placement/ Build Placer Device
Phase 1.2 IO Placement/ Clock Placement/ Build Placer Device | Checksum: de4c65ab

Time (s): cpu = 00:00:00.64 ; elapsed = 00:00:00.31 . Memory (MB): peak = 2903.793 ; gain = 56.027 ; free physical = 91059 ; free virtual = 117254

Phase 1.3 Build Placer Netlist Model
Phase 1.3 Build Placer Netlist Model | Checksum: e5374edf

Time (s): cpu = 00:00:02 ; elapsed = 00:00:01 . Memory (MB): peak = 2942.836 ; gain = 95.070 ; free physical = 91059 ; free virtual = 117254

Phase 1.4 Constrain Clocks/Macros
Phase 1.4 Constrain Clocks/Macros | Checksum: e5374edf

Time (s): cpu = 00:00:02 ; elapsed = 00:00:01 . Memory (MB): peak = 2942.836 ; gain = 95.070 ; free physical = 91059 ; free virtual = 117254
Phase 1 Placer Initialization | Checksum: e5374edf

Time (s): cpu = 00:00:02 ; elapsed = 00:00:01 . Memory (MB): peak = 2942.836 ; gain = 95.070 ; free physical = 91059 ; free virtual = 117254

Phase 2 Global Placement

Phase 2.1 Floorplanning
Phase 2.1 Floorplanning | Checksum: 14b3f7037

Time (s): cpu = 00:00:03 ; elapsed = 00:00:01 . Memory (MB): peak = 2942.836 ; gain = 95.070 ; free physical = 91095 ; free virtual = 117291

Phase 2.2 Update Timing before SLR Path Opt
Phase 2.2 Update Timing before SLR Path Opt | Checksum: 18036b228

Time (s): cpu = 00:00:04 ; elapsed = 00:00:02 . Memory (MB): peak = 2942.836 ; gain = 95.070 ; free physical = 91096 ; free virtual = 117291

Phase 2.3 Post-Processing in Floorplanning
Phase 2.3 Post-Processing in Floorplanning | Checksum: 18036b228

Time (s): cpu = 00:00:04 ; elapsed = 00:00:02 . Memory (MB): peak = 2942.836 ; gain = 95.070 ; free physical = 91096 ; free virtual = 117291

Phase 2.4 Global Place Phase1
Phase 2.4 Global Place Phase1 | Checksum: 232b88ac5

Time (s): cpu = 00:00:19 ; elapsed = 00:00:06 . Memory (MB): peak = 2942.836 ; gain = 95.070 ; free physical = 91142 ; free virtual = 117338

Phase 2.5 Global Place Phase2

Phase 2.5.1 UpdateTiming Before Physical Synthesis
Phase 2.5.1 UpdateTiming Before Physical Synthesis | Checksum: 220381c2e

Time (s): cpu = 00:00:20 ; elapsed = 00:00:06 . Memory (MB): peak = 2942.836 ; gain = 95.070 ; free physical = 91142 ; free virtual = 117338

Phase 2.5.2 Physical Synthesis In Placer
INFO: [Physopt 32-1035] Found 0 LUTNM shape to break, 123 LUT instances to create LUTNM shape
INFO: [Physopt 32-1044] Break lutnm for timing: one critical 0, two critical 0, total 0, new lutff created 0
INFO: [Physopt 32-1138] End 1 Pass. Optimized 51 nets or LUTs. Breaked 0 LUT, combined 51 existing LUTs and moved 0 existing LUT
INFO: [Physopt 32-65] No nets found for high-fanout optimization.
INFO: [Physopt 32-232] Optimized 0 net. Created 0 new instance.
INFO: [Physopt 32-775] End 1 Pass. Optimized 0 net or cell. Created 0 new cell, deleted 0 existing cell and moved 0 existing cell
INFO: [Physopt 32-670] No setup violation found.  DSP Register Optimization was not performed.
INFO: [Physopt 32-670] No setup violation found.  Shift Register to Pipeline Optimization was not performed.
INFO: [Physopt 32-670] No setup violation found.  Shift Register Optimization was not performed.
INFO: [Physopt 32-670] No setup violation found.  BRAM Register Optimization was not performed.
INFO: [Physopt 32-670] No setup violation found.  URAM Register Optimization was not performed.
INFO: [Physopt 32-949] No candidate nets found for dynamic/static region interface net replication
INFO: [Physopt 32-775] End 1 Pass. Optimized 0 net or cell. Created 0 new cell, deleted 0 existing cell and moved 0 existing cell
Netlist sorting complete. Time (s): cpu = 00:00:00.01 ; elapsed = 00:00:00 . Memory (MB): peak = 2942.836 ; gain = 0.000 ; free physical = 91142 ; free virtual = 117338

Summary of Physical Synthesis Optimizations
============================================


-----------------------------------------------------------------------------------------------------------------------------------------------------------
|  Optimization                                     |  Added Cells  |  Removed Cells  |  Optimized Cells/Nets  |  Dont Touch  |  Iterations  |  Elapsed   |
-----------------------------------------------------------------------------------------------------------------------------------------------------------
|  LUT Combining                                    |            0  |             51  |                    51  |           0  |           1  |  00:00:00  |
|  Retime                                           |            0  |              0  |                     0  |           0  |           1  |  00:00:00  |
|  Very High Fanout                                 |            0  |              0  |                     0  |           0  |           1  |  00:00:00  |
|  DSP Register                                     |            0  |              0  |                     0  |           0  |           0  |  00:00:00  |
|  Shift Register to Pipeline                       |            0  |              0  |                     0  |           0  |           0  |  00:00:00  |
|  Shift Register                                   |            0  |              0  |                     0  |           0  |           0  |  00:00:00  |
|  BRAM Register                                    |            0  |              0  |                     0  |           0  |           0  |  00:00:00  |
|  URAM Register                                    |            0  |              0  |                     0  |           0  |           0  |  00:00:00  |
|  Dynamic/Static Region Interface Net Replication  |            0  |              0  |                     0  |           0  |           1  |  00:00:00  |
|  Total                                            |            0  |             51  |                    51  |           0  |           4  |  00:00:00  |
-----------------------------------------------------------------------------------------------------------------------------------------------------------


Phase 2.5.2 Physical Synthesis In Placer | Checksum: 1ebd21551

Time (s): cpu = 00:00:21 ; elapsed = 00:00:07 . Memory (MB): peak = 2942.836 ; gain = 95.070 ; free physical = 91142 ; free virtual = 117338
Phase 2.5 Global Place Phase2 | Checksum: 2298f44c9

Time (s): cpu = 00:00:23 ; elapsed = 00:00:08 . Memory (MB): peak = 2942.836 ; gain = 95.070 ; free physical = 91148 ; free virtual = 117344
Phase 2 Global Placement | Checksum: 2298f44c9

Time (s): cpu = 00:00:23 ; elapsed = 00:00:08 . Memory (MB): peak = 2942.836 ; gain = 95.070 ; free physical = 91148 ; free virtual = 117344

Phase 3 Detail Placement

Phase 3.1 Commit Multi Column Macros
Phase 3.1 Commit Multi Column Macros | Checksum: 28d0f2ab0

Time (s): cpu = 00:00:23 ; elapsed = 00:00:08 . Memory (MB): peak = 2942.836 ; gain = 95.070 ; free physical = 91148 ; free virtual = 117344

Phase 3.2 Commit Most Macros & LUTRAMs
Phase 3.2 Commit Most Macros & LUTRAMs | Checksum: 22dbad0b2

Time (s): cpu = 00:00:24 ; elapsed = 00:00:08 . Memory (MB): peak = 2942.836 ; gain = 95.070 ; free physical = 91148 ; free virtual = 117343

Phase 3.3 Area Swap Optimization
Phase 3.3 Area Swap Optimization | Checksum: 22cdeb54e

Time (s): cpu = 00:00:24 ; elapsed = 00:00:09 . Memory (MB): peak = 2942.836 ; gain = 95.070 ; free physical = 91148 ; free virtual = 117343

Phase 3.4 Pipeline Register Optimization
Phase 3.4 Pipeline Register Optimization | Checksum: 1e3aad689

Time (s): cpu = 00:00:24 ; elapsed = 00:00:09 . Memory (MB): peak = 2942.836 ; gain = 95.070 ; free physical = 91148 ; free virtual = 117343

Phase 3.5 Small Shape Detail Placement
Phase 3.5 Small Shape Detail Placement | Checksum: 20ad0bb4f

Time (s): cpu = 00:00:26 ; elapsed = 00:00:09 . Memory (MB): peak = 2942.836 ; gain = 95.070 ; free physical = 91149 ; free virtual = 117344

Phase 3.6 Re-assign LUT pins
Phase 3.6 Re-assign LUT pins | Checksum: 1a3c987ad

Time (s): cpu = 00:00:26 ; elapsed = 00:00:09 . Memory (MB): peak = 2942.836 ; gain = 95.070 ; free physical = 91149 ; free virtual = 117344

Phase 3.7 Pipeline Register Optimization
Phase 3.7 Pipeline Register Optimization | Checksum: 15aed6988

Time (s): cpu = 00:00:26 ; elapsed = 00:00:09 . Memory (MB): peak = 2942.836 ; gain = 95.070 ; free physical = 91149 ; free virtual = 117344
Phase 3 Detail Placement | Checksum: 15aed6988

Time (s): cpu = 00:00:26 ; elapsed = 00:00:09 . Memory (MB): peak = 2942.836 ; gain = 95.070 ; free physical = 91149 ; free virtual = 117344

Phase 4 Post Placement Optimization and Clean-Up

Phase 4.1 Post Commit Optimization
INFO: [Timing 38-35] Done setting XDC timing constraints.

Phase 4.1.1 Post Placement Optimization
Post Placement Optimization Initialization | Checksum: 16281450d

Phase 4.1.1.1 BUFG Insertion

Starting Physical Synthesis Task

Phase 1 Physical Synthesis Initialization
INFO: [Physopt 32-721] Multithreading enabled for phys_opt_design using a maximum of 8 CPUs
INFO: [Physopt 32-619] Estimated Timing Summary | WNS=0.403 | TNS=0.000 |
Phase 1 Physical Synthesis Initialization | Checksum: 1a24a6595

Time (s): cpu = 00:00:00.15 ; elapsed = 00:00:00.07 . Memory (MB): peak = 2942.836 ; gain = 0.000 ; free physical = 91148 ; free virtual = 117344
INFO: [Place 46-56] BUFG insertion identified 0 candidate nets. Inserted BUFG: 0, Replicated BUFG Driver: 0, Skipped due to Placement/Routing Conflicts: 0, Skipped due to Timing Degradation: 0, Skipped due to netlist editing failed: 0.
Ending Physical Synthesis Task | Checksum: 1a246bc39

Time (s): cpu = 00:00:00.2 ; elapsed = 00:00:00.1 . Memory (MB): peak = 2942.836 ; gain = 0.000 ; free physical = 91148 ; free virtual = 117344
Phase 4.1.1.1 BUFG Insertion | Checksum: 16281450d

Time (s): cpu = 00:00:28 ; elapsed = 00:00:10 . Memory (MB): peak = 2942.836 ; gain = 95.070 ; free physical = 91148 ; free virtual = 117344

Phase 4.1.1.2 Post Placement Timing Optimization
INFO: [Place 30-746] Post Placement Timing Summary WNS=0.627. For the most accurate timing information please run report_timing.
Phase 4.1.1.2 Post Placement Timing Optimization | Checksum: 1bc64feae

Time (s): cpu = 00:00:29 ; elapsed = 00:00:11 . Memory (MB): peak = 2942.836 ; gain = 95.070 ; free physical = 91148 ; free virtual = 117344

Time (s): cpu = 00:00:29 ; elapsed = 00:00:11 . Memory (MB): peak = 2942.836 ; gain = 95.070 ; free physical = 91148 ; free virtual = 117344
Phase 4.1 Post Commit Optimization | Checksum: 1bc64feae

Time (s): cpu = 00:00:29 ; elapsed = 00:00:11 . Memory (MB): peak = 2942.836 ; gain = 95.070 ; free physical = 91148 ; free virtual = 117344

Phase 4.2 Post Placement Cleanup
Phase 4.2 Post Placement Cleanup | Checksum: 1bc64feae

Time (s): cpu = 00:00:29 ; elapsed = 00:00:11 . Memory (MB): peak = 2942.836 ; gain = 95.070 ; free physical = 91148 ; free virtual = 117344

Phase 4.3 Placer Reporting

Phase 4.3.1 Print Estimated Congestion
INFO: [Place 30-612] Post-Placement Estimated Congestion 
 ____________________________________________________
|           | Global Congestion | Short Congestion  |
| Direction | Region Size       | Region Size       |
|___________|___________________|___________________|
|      North|                1x1|                1x1|
|___________|___________________|___________________|
|      South|                1x1|                1x1|
|___________|___________________|___________________|
|       East|                1x1|                1x1|
|___________|___________________|___________________|
|       West|                1x1|                1x1|
|___________|___________________|___________________|

Phase 4.3.1 Print Estimated Congestion | Checksum: 1bc64feae

Time (s): cpu = 00:00:29 ; elapsed = 00:00:11 . Memory (MB): peak = 2942.836 ; gain = 95.070 ; free physical = 91148 ; free virtual = 117344
Phase 4.3 Placer Reporting | Checksum: 1bc64feae

Time (s): cpu = 00:00:29 ; elapsed = 00:00:11 . Memory (MB): peak = 2942.836 ; gain = 95.070 ; free physical = 91148 ; free virtual = 117344

Phase 4.4 Final Placement Cleanup
Netlist sorting complete. Time (s): cpu = 00:00:00 ; elapsed = 00:00:00 . Memory (MB): peak = 2942.836 ; gain = 0.000 ; free physical = 91148 ; free virtual = 117344

Time (s): cpu = 00:00:29 ; elapsed = 00:00:11 . Memory (MB): peak = 2942.836 ; gain = 95.070 ; free physical = 91148 ; free virtual = 117344
Phase 4 Post Placement Optimization and Clean-Up | Checksum: 1cd35e22d

Time (s): cpu = 00:00:29 ; elapsed = 00:00:11 . Memory (MB): peak = 2942.836 ; gain = 95.070 ; free physical = 91147 ; free virtual = 117343
Ending Placer Task | Checksum: 16cb5a202

Time (s): cpu = 00:00:29 ; elapsed = 00:00:11 . Memory (MB): peak = 2942.836 ; gain = 95.070 ; free physical = 91148 ; free virtual = 117344
69 Infos, 4 Warnings, 0 Critical Warnings and 0 Errors encountered.
place_design completed successfully
place_design: Time (s): cpu = 00:00:32 ; elapsed = 00:00:12 . Memory (MB): peak = 2942.836 ; gain = 147.258 ; free physical = 91148 ; free virtual = 117344
INFO: [Vivado 12-24838] Running report commands "report_control_sets, report_io, report_utilization" in parallel.
Running report generation with 3 threads.
INFO: [Vivado 12-24828] Executing command : report_control_sets -verbose -file bd_0_wrapper_control_sets_placed.rpt
report_control_sets: Time (s): cpu = 00:00:00.12 ; elapsed = 00:00:00.14 . Memory (MB): peak = 2942.836 ; gain = 0.000 ; free physical = 91138 ; free virtual = 117333
INFO: [Vivado 12-24828] Executing command : report_utilization -file bd_0_wrapper_utilization_placed.rpt -pb bd_0_wrapper_utilization_placed.pb
INFO: [Vivado 12-24828] Executing command : report_io -file bd_0_wrapper_io_placed.rpt
report_io: Time (s): cpu = 00:00:00.29 ; elapsed = 00:00:00.35 . Memory (MB): peak = 2942.836 ; gain = 0.000 ; free physical = 91133 ; free virtual = 117328
INFO: [Timing 38-480] Writing timing data to binary archive.
Write ShapeDB Complete: Time (s): cpu = 00:00:00.04 ; elapsed = 00:00:00.02 . Memory (MB): peak = 2942.836 ; gain = 0.000 ; free physical = 91132 ; free virtual = 117328
Wrote PlaceDB: Time (s): cpu = 00:00:00.73 ; elapsed = 00:00:00.27 . Memory (MB): peak = 2942.836 ; gain = 0.000 ; free physical = 91120 ; free virtual = 117320
Wrote PulsedLatchDB: Time (s): cpu = 00:00:00 ; elapsed = 00:00:00 . Memory (MB): peak = 2942.836 ; gain = 0.000 ; free physical = 91120 ; free virtual = 117320
Writing XDEF routing.
Writing XDEF routing logical nets.
Writing XDEF routing special nets.
Wrote RouteStorage: Time (s): cpu = 00:00:00.08 ; elapsed = 00:00:00.09 . Memory (MB): peak = 2942.836 ; gain = 0.000 ; free physical = 91120 ; free virtual = 117320
Wrote Netlist Cache: Time (s): cpu = 00:00:00.01 ; elapsed = 00:00:00.01 . Memory (MB): peak = 2942.836 ; gain = 0.000 ; free physical = 91120 ; free virtual = 117320
Wrote Device Cache: Time (s): cpu = 00:00:00.01 ; elapsed = 00:00:00.01 . Memory (MB): peak = 2942.836 ; gain = 0.000 ; free physical = 91120 ; free virtual = 117321
Write Physdb Complete: Time (s): cpu = 00:00:00.83 ; elapsed = 00:00:00.38 . Memory (MB): peak = 2942.836 ; gain = 0.000 ; free physical = 91120 ; free virtual = 117321
INFO: [Common 17-1381] The checkpoint '/home/jjh/RL_test/HLS_Optimization/synthetic_case_generation/project_tmp/solution_tmp/impl/verilog/project.runs/impl_1/bd_0_wrapper_placed.dcp' has been generated.
Command: phys_opt_design
Attempting to get a license for feature 'Implementation' and/or device 'xc7z020'
INFO: [Common 17-349] Got license for feature 'Implementation' and/or device 'xc7z020'

Starting Initial Update Timing Task
WARNING: [Timing 38-242] The property HD.CLK_SRC of clock port "ap_clk" is not set. In out-of-context mode, this prevents timing estimation for clock delay/skew
Resolution: Set the HD.CLK_SRC property of the out-of-context port to the location of the clock buffer instance in the top-level design

Time (s): cpu = 00:00:00.84 ; elapsed = 00:00:00.35 . Memory (MB): peak = 2942.836 ; gain = 0.000 ; free physical = 91103 ; free virtual = 117301
INFO: [Vivado_Tcl 4-2279] Estimated Timing Summary | WNS= 0.627 | TNS= 0.000 | 
INFO: [Vivado_Tcl 4-383] Design worst setup slack (WNS) is greater than or equal to 0.000 ns. All physical synthesis setup optimizations will be skipped.
INFO: [Vivado_Tcl 4-232] No setup violation found. The netlist was not modified.
INFO: [Common 17-83] Releasing license: Implementation
80 Infos, 5 Warnings, 0 Critical Warnings and 0 Errors encountered.
phys_opt_design completed successfully
INFO: [Timing 38-480] Writing timing data to binary archive.
Write ShapeDB Complete: Time (s): cpu = 00:00:00.04 ; elapsed = 00:00:00.01 . Memory (MB): peak = 2942.836 ; gain = 0.000 ; free physical = 91103 ; free virtual = 117301
Wrote PlaceDB: Time (s): cpu = 00:00:00.72 ; elapsed = 00:00:00.26 . Memory (MB): peak = 2942.836 ; gain = 0.000 ; free physical = 91095 ; free virtual = 117297
Wrote PulsedLatchDB: Time (s): cpu = 00:00:00 ; elapsed = 00:00:00 . Memory (MB): peak = 2942.836 ; gain = 0.000 ; free physical = 91095 ; free virtual = 117297
Writing XDEF routing.
Writing XDEF routing logical nets.
Writing XDEF routing special nets.
Wrote RouteStorage: Time (s): cpu = 00:00:00.02 ; elapsed = 00:00:00.03 . Memory (MB): peak = 2942.836 ; gain = 0.000 ; free physical = 91095 ; free virtual = 117297
Wrote Netlist Cache: Time (s): cpu = 00:00:00.01 ; elapsed = 00:00:00 . Memory (MB): peak = 2942.836 ; gain = 0.000 ; free physical = 91095 ; free virtual = 117297
Wrote Device Cache: Time (s): cpu = 00:00:00.01 ; elapsed = 00:00:00.01 . Memory (MB): peak = 2942.836 ; gain = 0.000 ; free physical = 91095 ; free virtual = 117298
Write Physdb Complete: Time (s): cpu = 00:00:00.77 ; elapsed = 00:00:00.31 . Memory (MB): peak = 2942.836 ; gain = 0.000 ; free physical = 91095 ; free virtual = 117298
INFO: [Common 17-1381] The checkpoint '/home/jjh/RL_test/HLS_Optimization/synthetic_case_generation/project_tmp/solution_tmp/impl/verilog/project.runs/impl_1/bd_0_wrapper_physopt.dcp' has been generated.
Command: route_design
Attempting to get a license for feature 'Implementation' and/or device 'xc7z020'
INFO: [Common 17-349] Got license for feature 'Implementation' and/or device 'xc7z020'


Starting Routing Task
INFO: [Route 35-254] Multithreading enabled for route_design using a maximum of 8 CPUs

Phase 1 Build RT Design
Checksum: PlaceDB: d70dbef8 ConstDB: 0 ShapeSum: 7fae701a RouteDB: 15f972f0
WARNING: [Route 35-198] Port "in_data_22[11]" does not have an associated HD.PARTPIN_LOCS, which will prevent the partial routing of the signal "in_data_22[11]". Without this partial route, timing analysis to/from this port will not be accurate, and no routing information for this port can be exported.
WARNING: [Route 35-198] Port "in_data_22[10]" does not have an associated HD.PARTPIN_LOCS, which will prevent the partial routing of the signal "in_data_22[10]". Without this partial route, timing analysis to/from this port will not be accurate, and no routing information for this port can be exported.
WARNING: [Route 35-198] Port "in_data_22[9]" does not have an associated HD.PARTPIN_LOCS, which will prevent the partial routing of the signal "in_data_22[9]". Without this partial route, timing analysis to/from this port will not be accurate, and no routing information for this port can be exported.
WARNING: [Route 35-198] Port "in_data_22[8]" does not have an associated HD.PARTPIN_LOCS, which will prevent the partial routing of the signal "in_data_22[8]". Without this partial route, timing analysis to/from this port will not be accurate, and no routing information for this port can be exported.
WARNING: [Route 35-198] Port "in_data_22[7]" does not have an associated HD.PARTPIN_LOCS, which will prevent the partial routing of the signal "in_data_22[7]". Without this partial route, timing analysis to/from this port will not be accurate, and no routing information for this port can be exported.
WARNING: [Route 35-198] Port "in_data_22[6]" does not have an associated HD.PARTPIN_LOCS, which will prevent the partial routing of the signal "in_data_22[6]". Without this partial route, timing analysis to/from this port will not be accurate, and no routing information for this port can be exported.
WARNING: [Route 35-198] Port "in_data_22[5]" does not have an associated HD.PARTPIN_LOCS, which will prevent the partial routing of the signal "in_data_22[5]". Without this partial route, timing analysis to/from this port will not be accurate, and no routing information for this port can be exported.
WARNING: [Route 35-198] Port "in_data_22[4]" does not have an associated HD.PARTPIN_LOCS, which will prevent the partial routing of the signal "in_data_22[4]". Without this partial route, timing analysis to/from this port will not be accurate, and no routing information for this port can be exported.
WARNING: [Route 35-198] Port "in_data_22[3]" does not have an associated HD.PARTPIN_LOCS, which will prevent the partial routing of the signal "in_data_22[3]". Without this partial route, timing analysis to/from this port will not be accurate, and no routing information for this port can be exported.
WARNING: [Route 35-198] Port "in_data_22[2]" does not have an associated HD.PARTPIN_LOCS, which will prevent the partial routing of the signal "in_data_22[2]". Without this partial route, timing analysis to/from this port will not be accurate, and no routing information for this port can be exported.
WARNING: [Route 35-198] Port "in_data_22[1]" does not have an associated HD.PARTPIN_LOCS, which will prevent the partial routing of the signal "in_data_22[1]". Without this partial route, timing analysis to/from this port will not be accurate, and no routing information for this port can be exported.
WARNING: [Route 35-198] Port "in_data_22[0]" does not have an associated HD.PARTPIN_LOCS, which will prevent the partial routing of the signal "in_data_22[0]". Without this partial route, timing analysis to/from this port will not be accurate, and no routing information for this port can be exported.
WARNING: [Route 35-197] Clock port "ap_clk" does not have an associated HD.CLK_SRC. Without this constraint, timing analysis may not be accurate and upstream checks cannot be done to ensure correct clock placement.
WARNING: [Route 35-198] Port "in_data_20[8]" does not have an associated HD.PARTPIN_LOCS, which will prevent the partial routing of the signal "in_data_20[8]". Without this partial route, timing analysis to/from this port will not be accurate, and no routing information for this port can be exported.
WARNING: [Route 35-198] Port "in_data_20[7]" does not have an associated HD.PARTPIN_LOCS, which will prevent the partial routing of the signal "in_data_20[7]". Without this partial route, timing analysis to/from this port will not be accurate, and no routing information for this port can be exported.
WARNING: [Route 35-198] Port "in_data_20[6]" does not have an associated HD.PARTPIN_LOCS, which will prevent the partial routing of the signal "in_data_20[6]". Without this partial route, timing analysis to/from this port will not be accurate, and no routing information for this port can be exported.
WARNING: [Route 35-198] Port "in_data_20[5]" does not have an associated HD.PARTPIN_LOCS, which will prevent the partial routing of the signal "in_data_20[5]". Without this partial route, timing analysis to/from this port will not be accurate, and no routing information for this port can be exported.
WARNING: [Route 35-198] Port "in_data_20[4]" does not have an associated HD.PARTPIN_LOCS, which will prevent the partial routing of the signal "in_data_20[4]". Without this partial route, timing analysis to/from this port will not be accurate, and no routing information for this port can be exported.
WARNING: [Route 35-198] Port "in_data_20[3]" does not have an associated HD.PARTPIN_LOCS, which will prevent the partial routing of the signal "in_data_20[3]". Without this partial route, timing analysis to/from this port will not be accurate, and no routing information for this port can be exported.
WARNING: [Route 35-198] Port "in_data_20[2]" does not have an associated HD.PARTPIN_LOCS, which will prevent the partial routing of the signal "in_data_20[2]". Without this partial route, timing analysis to/from this port will not be accurate, and no routing information for this port can be exported.
WARNING: [Route 35-198] Port "in_data_20[1]" does not have an associated HD.PARTPIN_LOCS, which will prevent the partial routing of the signal "in_data_20[1]". Without this partial route, timing analysis to/from this port will not be accurate, and no routing information for this port can be exported.
WARNING: [Route 35-198] Port "in_data_20[0]" does not have an associated HD.PARTPIN_LOCS, which will prevent the partial routing of the signal "in_data_20[0]". Without this partial route, timing analysis to/from this port will not be accurate, and no routing information for this port can be exported.
WARNING: [Route 35-198] Port "in_data_22[13]" does not have an associated HD.PARTPIN_LOCS, which will prevent the partial routing of the signal "in_data_22[13]". Without this partial route, timing analysis to/from this port will not be accurate, and no routing information for this port can be exported.
WARNING: [Route 35-198] Port "in_data_22[12]" does not have an associated HD.PARTPIN_LOCS, which will prevent the partial routing of the signal "in_data_22[12]". Without this partial route, timing analysis to/from this port will not be accurate, and no routing information for this port can be exported.
WARNING: [Route 35-198] Port "ap_rst" does not have an associated HD.PARTPIN_LOCS, which will prevent the partial routing of the signal "ap_rst". Without this partial route, timing analysis to/from this port will not be accurate, and no routing information for this port can be exported.
WARNING: [Route 35-198] Port "in_data_18[4]" does not have an associated HD.PARTPIN_LOCS, which will prevent the partial routing of the signal "in_data_18[4]". Without this partial route, timing analysis to/from this port will not be accurate, and no routing information for this port can be exported.
WARNING: [Route 35-198] Port "in_data_5[5]" does not have an associated HD.PARTPIN_LOCS, which will prevent the partial routing of the signal "in_data_5[5]". Without this partial route, timing analysis to/from this port will not be accurate, and no routing information for this port can be exported.
WARNING: [Route 35-198] Port "in_data_5[6]" does not have an associated HD.PARTPIN_LOCS, which will prevent the partial routing of the signal "in_data_5[6]". Without this partial route, timing analysis to/from this port will not be accurate, and no routing information for this port can be exported.
WARNING: [Route 35-198] Port "in_data_5[4]" does not have an associated HD.PARTPIN_LOCS, which will prevent the partial routing of the signal "in_data_5[4]". Without this partial route, timing analysis to/from this port will not be accurate, and no routing information for this port can be exported.
WARNING: [Route 35-198] Port "in_data_9[3]" does not have an associated HD.PARTPIN_LOCS, which will prevent the partial routing of the signal "in_data_9[3]". Without this partial route, timing analysis to/from this port will not be accurate, and no routing information for this port can be exported.
WARNING: [Route 35-198] Port "in_data_9[5]" does not have an associated HD.PARTPIN_LOCS, which will prevent the partial routing of the signal "in_data_9[5]". Without this partial route, timing analysis to/from this port will not be accurate, and no routing information for this port can be exported.
WARNING: [Route 35-198] Port "in_data_9[4]" does not have an associated HD.PARTPIN_LOCS, which will prevent the partial routing of the signal "in_data_9[4]". Without this partial route, timing analysis to/from this port will not be accurate, and no routing information for this port can be exported.
WARNING: [Route 35-198] Port "in_data_5[0]" does not have an associated HD.PARTPIN_LOCS, which will prevent the partial routing of the signal "in_data_5[0]". Without this partial route, timing analysis to/from this port will not be accurate, and no routing information for this port can be exported.
WARNING: [Route 35-198] Port "in_data_18[0]" does not have an associated HD.PARTPIN_LOCS, which will prevent the partial routing of the signal "in_data_18[0]". Without this partial route, timing analysis to/from this port will not be accurate, and no routing information for this port can be exported.
WARNING: [Route 35-198] Port "in_data_5[3]" does not have an associated HD.PARTPIN_LOCS, which will prevent the partial routing of the signal "in_data_5[3]". Without this partial route, timing analysis to/from this port will not be accurate, and no routing information for this port can be exported.
WARNING: [Route 35-198] Port "in_data_5[2]" does not have an associated HD.PARTPIN_LOCS, which will prevent the partial routing of the signal "in_data_5[2]". Without this partial route, timing analysis to/from this port will not be accurate, and no routing information for this port can be exported.
WARNING: [Route 35-198] Port "in_data_5[1]" does not have an associated HD.PARTPIN_LOCS, which will prevent the partial routing of the signal "in_data_5[1]". Without this partial route, timing analysis to/from this port will not be accurate, and no routing information for this port can be exported.
WARNING: [Route 35-198] Port "in_data_18[3]" does not have an associated HD.PARTPIN_LOCS, which will prevent the partial routing of the signal "in_data_18[3]". Without this partial route, timing analysis to/from this port will not be accurate, and no routing information for this port can be exported.
WARNING: [Route 35-198] Port "in_data_18[2]" does not have an associated HD.PARTPIN_LOCS, which will prevent the partial routing of the signal "in_data_18[2]". Without this partial route, timing analysis to/from this port will not be accurate, and no routing information for this port can be exported.
WARNING: [Route 35-198] Port "in_data_18[1]" does not have an associated HD.PARTPIN_LOCS, which will prevent the partial routing of the signal "in_data_18[1]". Without this partial route, timing analysis to/from this port will not be accurate, and no routing information for this port can be exported.
WARNING: [Route 35-198] Port "in_data_9[0]" does not have an associated HD.PARTPIN_LOCS, which will prevent the partial routing of the signal "in_data_9[0]". Without this partial route, timing analysis to/from this port will not be accurate, and no routing information for this port can be exported.
WARNING: [Route 35-198] Port "in_data_9[1]" does not have an associated HD.PARTPIN_LOCS, which will prevent the partial routing of the signal "in_data_9[1]". Without this partial route, timing analysis to/from this port will not be accurate, and no routing information for this port can be exported.
WARNING: [Route 35-198] Port "in_data_9[2]" does not have an associated HD.PARTPIN_LOCS, which will prevent the partial routing of the signal "in_data_9[2]". Without this partial route, timing analysis to/from this port will not be accurate, and no routing information for this port can be exported.
WARNING: [Route 35-198] Port "in_data_6[1]" does not have an associated HD.PARTPIN_LOCS, which will prevent the partial routing of the signal "in_data_6[1]". Without this partial route, timing analysis to/from this port will not be accurate, and no routing information for this port can be exported.
WARNING: [Route 35-198] Port "in_data_15[3]" does not have an associated HD.PARTPIN_LOCS, which will prevent the partial routing of the signal "in_data_15[3]". Without this partial route, timing analysis to/from this port will not be accurate, and no routing information for this port can be exported.
WARNING: [Route 35-198] Port "in_data_6[2]" does not have an associated HD.PARTPIN_LOCS, which will prevent the partial routing of the signal "in_data_6[2]". Without this partial route, timing analysis to/from this port will not be accurate, and no routing information for this port can be exported.
WARNING: [Route 35-198] Port "in_data_15[5]" does not have an associated HD.PARTPIN_LOCS, which will prevent the partial routing of the signal "in_data_15[5]". Without this partial route, timing analysis to/from this port will not be accurate, and no routing information for this port can be exported.
WARNING: [Route 35-198] Port "in_data_6[0]" does not have an associated HD.PARTPIN_LOCS, which will prevent the partial routing of the signal "in_data_6[0]". Without this partial route, timing analysis to/from this port will not be accurate, and no routing information for this port can be exported.
WARNING: [Route 35-198] Port "in_data_15[4]" does not have an associated HD.PARTPIN_LOCS, which will prevent the partial routing of the signal "in_data_15[4]". Without this partial route, timing analysis to/from this port will not be accurate, and no routing information for this port can be exported.
WARNING: [Route 35-198] Port "in_data_23[0]" does not have an associated HD.PARTPIN_LOCS, which will prevent the partial routing of the signal "in_data_23[0]". Without this partial route, timing analysis to/from this port will not be accurate, and no routing information for this port can be exported.
WARNING: [Route 35-198] Port "in_data_23[1]" does not have an associated HD.PARTPIN_LOCS, which will prevent the partial routing of the signal "in_data_23[1]". Without this partial route, timing analysis to/from this port will not be accurate, and no routing information for this port can be exported.
WARNING: [Route 35-198] Port "in_data_6[5]" does not have an associated HD.PARTPIN_LOCS, which will prevent the partial routing of the signal "in_data_6[5]". Without this partial route, timing analysis to/from this port will not be accurate, and no routing information for this port can be exported.
WARNING: [Route 35-198] Port "in_data_6[4]" does not have an associated HD.PARTPIN_LOCS, which will prevent the partial routing of the signal "in_data_6[4]". Without this partial route, timing analysis to/from this port will not be accurate, and no routing information for this port can be exported.
WARNING: [Route 35-198] Port "in_data_15[2]" does not have an associated HD.PARTPIN_LOCS, which will prevent the partial routing of the signal "in_data_15[2]". Without this partial route, timing analysis to/from this port will not be accurate, and no routing information for this port can be exported.
WARNING: [Route 35-198] Port "in_data_15[1]" does not have an associated HD.PARTPIN_LOCS, which will prevent the partial routing of the signal "in_data_15[1]". Without this partial route, timing analysis to/from this port will not be accurate, and no routing information for this port can be exported.
WARNING: [Route 35-198] Port "in_data_6[3]" does not have an associated HD.PARTPIN_LOCS, which will prevent the partial routing of the signal "in_data_6[3]". Without this partial route, timing analysis to/from this port will not be accurate, and no routing information for this port can be exported.
WARNING: [Route 35-198] Port "in_data_15[0]" does not have an associated HD.PARTPIN_LOCS, which will prevent the partial routing of the signal "in_data_15[0]". Without this partial route, timing analysis to/from this port will not be accurate, and no routing information for this port can be exported.
WARNING: [Route 35-198] Port "in_data_23[3]" does not have an associated HD.PARTPIN_LOCS, which will prevent the partial routing of the signal "in_data_23[3]". Without this partial route, timing analysis to/from this port will not be accurate, and no routing information for this port can be exported.
WARNING: [Route 35-198] Port "in_data_23[2]" does not have an associated HD.PARTPIN_LOCS, which will prevent the partial routing of the signal "in_data_23[2]". Without this partial route, timing analysis to/from this port will not be accurate, and no routing information for this port can be exported.
WARNING: [Route 35-198] Port "in_data_23[4]" does not have an associated HD.PARTPIN_LOCS, which will prevent the partial routing of the signal "in_data_23[4]". Without this partial route, timing analysis to/from this port will not be accurate, and no routing information for this port can be exported.
WARNING: [Route 35-198] Port "ap_ctrl_start" does not have an associated HD.PARTPIN_LOCS, which will prevent the partial routing of the signal "ap_ctrl_start". Without this partial route, timing analysis to/from this port will not be accurate, and no routing information for this port can be exported.
WARNING: [Route 35-198] Port "in_data_7[3]" does not have an associated HD.PARTPIN_LOCS, which will prevent the partial routing of the signal "in_data_7[3]". Without this partial route, timing analysis to/from this port will not be accurate, and no routing information for this port can be exported.
WARNING: [Route 35-198] Port "in_data_7[4]" does not have an associated HD.PARTPIN_LOCS, which will prevent the partial routing of the signal "in_data_7[4]". Without this partial route, timing analysis to/from this port will not be accurate, and no routing information for this port can be exported.
WARNING: [Route 35-198] Port "in_data_7[0]" does not have an associated HD.PARTPIN_LOCS, which will prevent the partial routing of the signal "in_data_7[0]". Without this partial route, timing analysis to/from this port will not be accurate, and no routing information for this port can be exported.
WARNING: [Route 35-198] Port "in_data_23[6]" does not have an associated HD.PARTPIN_LOCS, which will prevent the partial routing of the signal "in_data_23[6]". Without this partial route, timing analysis to/from this port will not be accurate, and no routing information for this port can be exported.
WARNING: [Route 35-198] Port "in_data_23[5]" does not have an associated HD.PARTPIN_LOCS, which will prevent the partial routing of the signal "in_data_23[5]". Without this partial route, timing analysis to/from this port will not be accurate, and no routing information for this port can be exported.
WARNING: [Route 35-198] Port "in_data_21[11]" does not have an associated HD.PARTPIN_LOCS, which will prevent the partial routing of the signal "in_data_21[11]". Without this partial route, timing analysis to/from this port will not be accurate, and no routing information for this port can be exported.
WARNING: [Route 35-198] Port "in_data_21[10]" does not have an associated HD.PARTPIN_LOCS, which will prevent the partial routing of the signal "in_data_21[10]". Without this partial route, timing analysis to/from this port will not be accurate, and no routing information for this port can be exported.
WARNING: [Route 35-198] Port "in_data_21[9]" does not have an associated HD.PARTPIN_LOCS, which will prevent the partial routing of the signal "in_data_21[9]". Without this partial route, timing analysis to/from this port will not be accurate, and no routing information for this port can be exported.
WARNING: [Route 35-198] Port "in_data_21[8]" does not have an associated HD.PARTPIN_LOCS, which will prevent the partial routing of the signal "in_data_21[8]". Without this partial route, timing analysis to/from this port will not be accurate, and no routing information for this port can be exported.
WARNING: [Route 35-198] Port "in_data_21[7]" does not have an associated HD.PARTPIN_LOCS, which will prevent the partial routing of the signal "in_data_21[7]". Without this partial route, timing analysis to/from this port will not be accurate, and no routing information for this port can be exported.
WARNING: [Route 35-198] Port "in_data_21[6]" does not have an associated HD.PARTPIN_LOCS, which will prevent the partial routing of the signal "in_data_21[6]". Without this partial route, timing analysis to/from this port will not be accurate, and no routing information for this port can be exported.
WARNING: [Route 35-198] Port "in_data_21[5]" does not have an associated HD.PARTPIN_LOCS, which will prevent the partial routing of the signal "in_data_21[5]". Without this partial route, timing analysis to/from this port will not be accurate, and no routing information for this port can be exported.
WARNING: [Route 35-198] Port "in_data_21[4]" does not have an associated HD.PARTPIN_LOCS, which will prevent the partial routing of the signal "in_data_21[4]". Without this partial route, timing analysis to/from this port will not be accurate, and no routing information for this port can be exported.
WARNING: [Route 35-198] Port "in_data_21[3]" does not have an associated HD.PARTPIN_LOCS, which will prevent the partial routing of the signal "in_data_21[3]". Without this partial route, timing analysis to/from this port will not be accurate, and no routing information for this port can be exported.
WARNING: [Route 35-198] Port "in_data_21[2]" does not have an associated HD.PARTPIN_LOCS, which will prevent the partial routing of the signal "in_data_21[2]". Without this partial route, timing analysis to/from this port will not be accurate, and no routing information for this port can be exported.
WARNING: [Route 35-198] Port "in_data_21[1]" does not have an associated HD.PARTPIN_LOCS, which will prevent the partial routing of the signal "in_data_21[1]". Without this partial route, timing analysis to/from this port will not be accurate, and no routing information for this port can be exported.
WARNING: [Route 35-198] Port "in_data_21[0]" does not have an associated HD.PARTPIN_LOCS, which will prevent the partial routing of the signal "in_data_21[0]". Without this partial route, timing analysis to/from this port will not be accurate, and no routing information for this port can be exported.
WARNING: [Route 35-198] Port "in_data_20[10]" does not have an associated HD.PARTPIN_LOCS, which will prevent the partial routing of the signal "in_data_20[10]". Without this partial route, timing analysis to/from this port will not be accurate, and no routing information for this port can be exported.
WARNING: [Route 35-198] Port "in_data_20[9]" does not have an associated HD.PARTPIN_LOCS, which will prevent the partial routing of the signal "in_data_20[9]". Without this partial route, timing analysis to/from this port will not be accurate, and no routing information for this port can be exported.
WARNING: [Route 35-198] Port "in_data_14[0]" does not have an associated HD.PARTPIN_LOCS, which will prevent the partial routing of the signal "in_data_14[0]". Without this partial route, timing analysis to/from this port will not be accurate, and no routing information for this port can be exported.
WARNING: [Route 35-198] Port "in_data_14[1]" does not have an associated HD.PARTPIN_LOCS, which will prevent the partial routing of the signal "in_data_14[1]". Without this partial route, timing analysis to/from this port will not be accurate, and no routing information for this port can be exported.
WARNING: [Route 35-198] Port "in_data_17[10]" does not have an associated HD.PARTPIN_LOCS, which will prevent the partial routing of the signal "in_data_17[10]". Without this partial route, timing analysis to/from this port will not be accurate, and no routing information for this port can be exported.
WARNING: [Route 35-198] Port "in_data_17[9]" does not have an associated HD.PARTPIN_LOCS, which will prevent the partial routing of the signal "in_data_17[9]". Without this partial route, timing analysis to/from this port will not be accurate, and no routing information for this port can be exported.
WARNING: [Route 35-198] Port "in_data_14[2]" does not have an associated HD.PARTPIN_LOCS, which will prevent the partial routing of the signal "in_data_14[2]". Without this partial route, timing analysis to/from this port will not be accurate, and no routing information for this port can be exported.
WARNING: [Route 35-198] Port "in_data_17[8]" does not have an associated HD.PARTPIN_LOCS, which will prevent the partial routing of the signal "in_data_17[8]". Without this partial route, timing analysis to/from this port will not be accurate, and no routing information for this port can be exported.
WARNING: [Route 35-198] Port "in_data_17[7]" does not have an associated HD.PARTPIN_LOCS, which will prevent the partial routing of the signal "in_data_17[7]". Without this partial route, timing analysis to/from this port will not be accurate, and no routing information for this port can be exported.
WARNING: [Route 35-198] Port "in_data_17[6]" does not have an associated HD.PARTPIN_LOCS, which will prevent the partial routing of the signal "in_data_17[6]". Without this partial route, timing analysis to/from this port will not be accurate, and no routing information for this port can be exported.
WARNING: [Route 35-198] Port "in_data_17[4]" does not have an associated HD.PARTPIN_LOCS, which will prevent the partial routing of the signal "in_data_17[4]". Without this partial route, timing analysis to/from this port will not be accurate, and no routing information for this port can be exported.
WARNING: [Route 35-198] Port "in_data_17[5]" does not have an associated HD.PARTPIN_LOCS, which will prevent the partial routing of the signal "in_data_17[5]". Without this partial route, timing analysis to/from this port will not be accurate, and no routing information for this port can be exported.
WARNING: [Route 35-198] Port "in_data_7[1]" does not have an associated HD.PARTPIN_LOCS, which will prevent the partial routing of the signal "in_data_7[1]". Without this partial route, timing analysis to/from this port will not be accurate, and no routing information for this port can be exported.
WARNING: [Route 35-198] Port "in_data_7[2]" does not have an associated HD.PARTPIN_LOCS, which will prevent the partial routing of the signal "in_data_7[2]". Without this partial route, timing analysis to/from this port will not be accurate, and no routing information for this port can be exported.
WARNING: [Route 35-198] Port "in_data_8[8]" does not have an associated HD.PARTPIN_LOCS, which will prevent the partial routing of the signal "in_data_8[8]". Without this partial route, timing analysis to/from this port will not be accurate, and no routing information for this port can be exported.
WARNING: [Route 35-198] Port "in_data_8[7]" does not have an associated HD.PARTPIN_LOCS, which will prevent the partial routing of the signal "in_data_8[7]". Without this partial route, timing analysis to/from this port will not be accurate, and no routing information for this port can be exported.
WARNING: [Route 35-198] Port "in_data_8[6]" does not have an associated HD.PARTPIN_LOCS, which will prevent the partial routing of the signal "in_data_8[6]". Without this partial route, timing analysis to/from this port will not be accurate, and no routing information for this port can be exported.
WARNING: [Route 35-198] Port "in_data_8[5]" does not have an associated HD.PARTPIN_LOCS, which will prevent the partial routing of the signal "in_data_8[5]". Without this partial route, timing analysis to/from this port will not be accurate, and no routing information for this port can be exported.
WARNING: [Route 35-198] Port "in_data_8[4]" does not have an associated HD.PARTPIN_LOCS, which will prevent the partial routing of the signal "in_data_8[4]". Without this partial route, timing analysis to/from this port will not be accurate, and no routing information for this port can be exported.
WARNING: [Route 35-198] Port "in_data_8[3]" does not have an associated HD.PARTPIN_LOCS, which will prevent the partial routing of the signal "in_data_8[3]". Without this partial route, timing analysis to/from this port will not be accurate, and no routing information for this port can be exported.
WARNING: [Route 35-198] Port "in_data_8[2]" does not have an associated HD.PARTPIN_LOCS, which will prevent the partial routing of the signal "in_data_8[2]". Without this partial route, timing analysis to/from this port will not be accurate, and no routing information for this port can be exported.
WARNING: [Route 35-198] Port "in_data_8[1]" does not have an associated HD.PARTPIN_LOCS, which will prevent the partial routing of the signal "in_data_8[1]". Without this partial route, timing analysis to/from this port will not be accurate, and no routing information for this port can be exported.
WARNING: [Route 35-198] Port "in_data_8[0]" does not have an associated HD.PARTPIN_LOCS, which will prevent the partial routing of the signal "in_data_8[0]". Without this partial route, timing analysis to/from this port will not be accurate, and no routing information for this port can be exported.
INFO: [Common 17-14] Message 'Route 35-198' appears 100 times and further instances of the messages will be disabled. Use the Tcl command set_msg_config to change the current settings.
WARNING: [Constraints 18-8777] Unable to split tiles. All required files are not available.
Post Restoration Checksum: NetGraph: 8c48b19f | NumContArr: 2d66deb3 | Constraints: c2a8fa9d | Timing: c2a8fa9d
Phase 1 Build RT Design | Checksum: 23f01858c

Time (s): cpu = 00:00:37 ; elapsed = 00:00:33 . Memory (MB): peak = 3018.594 ; gain = 75.758 ; free physical = 90942 ; free virtual = 117140

Phase 2 Router Initialization

Phase 2.1 Fix Topology Constraints
Phase 2.1 Fix Topology Constraints | Checksum: 23f01858c

Time (s): cpu = 00:00:37 ; elapsed = 00:00:33 . Memory (MB): peak = 3018.594 ; gain = 75.758 ; free physical = 90942 ; free virtual = 117140

Phase 2.2 Pre Route Cleanup
Phase 2.2 Pre Route Cleanup | Checksum: 23f01858c

Time (s): cpu = 00:00:38 ; elapsed = 00:00:33 . Memory (MB): peak = 3018.594 ; gain = 75.758 ; free physical = 90942 ; free virtual = 117140
 Number of Nodes with overlaps = 0

Phase 2.3 Update Timing
Phase 2.3 Update Timing | Checksum: 1468792a6

Time (s): cpu = 00:00:39 ; elapsed = 00:00:34 . Memory (MB): peak = 3046.609 ; gain = 103.773 ; free physical = 90918 ; free virtual = 117117
INFO: [Route 35-416] Intermediate Timing Summary | WNS=0.744  | TNS=0.000  | WHS=0.115  | THS=0.000  |


Phase 2.4 Soft Constraint Pins - Fast Budgeting
Phase 2.4 Soft Constraint Pins - Fast Budgeting | Checksum: 17ce00622

Time (s): cpu = 00:00:40 ; elapsed = 00:00:34 . Memory (MB): peak = 3062.609 ; gain = 119.773 ; free physical = 90918 ; free virtual = 117117

Router Utilization Summary
  Global Vertical Routing Utilization    = 0 %
  Global Horizontal Routing Utilization  = 0 %
  Routable Net Status*
  *Does not include unroutable nets such as driverless and loadless.
  Run report_route_status for detailed report.
  Number of Failed Nets               = 2860
    (Failed Nets is the sum of unrouted and partially routed nets)
  Number of Unrouted Nets             = 2860
  Number of Partially Routed Nets     = 0
  Number of Node Overlaps             = 0

Phase 2 Router Initialization | Checksum: 17ce00622

Time (s): cpu = 00:00:40 ; elapsed = 00:00:34 . Memory (MB): peak = 3062.609 ; gain = 119.773 ; free physical = 90910 ; free virtual = 117109

Phase 3 Global Routing
Phase 3 Global Routing | Checksum: 17ce00622

Time (s): cpu = 00:00:40 ; elapsed = 00:00:34 . Memory (MB): peak = 3062.609 ; gain = 119.773 ; free physical = 90910 ; free virtual = 117109

Phase 4 Initial Routing

Phase 4.1 Initial Net Routing Pass
Phase 4.1 Initial Net Routing Pass | Checksum: 2592c68ef

Time (s): cpu = 00:00:41 ; elapsed = 00:00:34 . Memory (MB): peak = 3062.609 ; gain = 119.773 ; free physical = 90910 ; free virtual = 117109
Phase 4 Initial Routing | Checksum: 2592c68ef

Time (s): cpu = 00:00:41 ; elapsed = 00:00:34 . Memory (MB): peak = 3062.609 ; gain = 119.773 ; free physical = 90910 ; free virtual = 117109

Phase 5 Rip-up And Reroute

Phase 5.1 Global Iteration 0
 Number of Nodes with overlaps = 254
 Number of Nodes with overlaps = 33
 Number of Nodes with overlaps = 11
 Number of Nodes with overlaps = 2
 Number of Nodes with overlaps = 1
 Number of Nodes with overlaps = 0
INFO: [Route 35-416] Intermediate Timing Summary | WNS=0.581  | TNS=0.000  | WHS=N/A    | THS=N/A    |

Phase 5.1 Global Iteration 0 | Checksum: 271f05e75

Time (s): cpu = 00:00:44 ; elapsed = 00:00:36 . Memory (MB): peak = 3062.609 ; gain = 119.773 ; free physical = 90910 ; free virtual = 117108
Phase 5 Rip-up And Reroute | Checksum: 271f05e75

Time (s): cpu = 00:00:44 ; elapsed = 00:00:36 . Memory (MB): peak = 3062.609 ; gain = 119.773 ; free physical = 90910 ; free virtual = 117108

Phase 6 Delay and Skew Optimization

Phase 6.1 Delay CleanUp
Phase 6.1 Delay CleanUp | Checksum: 271f05e75

Time (s): cpu = 00:00:44 ; elapsed = 00:00:36 . Memory (MB): peak = 3062.609 ; gain = 119.773 ; free physical = 90910 ; free virtual = 117108

Phase 6.2 Clock Skew Optimization
Phase 6.2 Clock Skew Optimization | Checksum: 271f05e75

Time (s): cpu = 00:00:44 ; elapsed = 00:00:36 . Memory (MB): peak = 3062.609 ; gain = 119.773 ; free physical = 90910 ; free virtual = 117108
Phase 6 Delay and Skew Optimization | Checksum: 271f05e75

Time (s): cpu = 00:00:44 ; elapsed = 00:00:36 . Memory (MB): peak = 3062.609 ; gain = 119.773 ; free physical = 90910 ; free virtual = 117108

Phase 7 Post Hold Fix

Phase 7.1 Hold Fix Iter
INFO: [Route 35-416] Intermediate Timing Summary | WNS=0.581  | TNS=0.000  | WHS=0.099  | THS=0.000  |

Phase 7.1 Hold Fix Iter | Checksum: 25ab45e98

Time (s): cpu = 00:00:44 ; elapsed = 00:00:36 . Memory (MB): peak = 3062.609 ; gain = 119.773 ; free physical = 90910 ; free virtual = 117108
Phase 7 Post Hold Fix | Checksum: 25ab45e98

Time (s): cpu = 00:00:44 ; elapsed = 00:00:36 . Memory (MB): peak = 3062.609 ; gain = 119.773 ; free physical = 90910 ; free virtual = 117108

Phase 8 Route finalize

Router Utilization Summary
  Global Vertical Routing Utilization    = 0.679662 %
  Global Horizontal Routing Utilization  = 0.985041 %
  Routable Net Status*
  *Does not include unroutable nets such as driverless and loadless.
  Run report_route_status for detailed report.
  Number of Failed Nets               = 0
    (Failed Nets is the sum of unrouted and partially routed nets)
  Number of Unrouted Nets             = 0
  Number of Partially Routed Nets     = 0
  Number of Node Overlaps             = 0

Phase 8 Route finalize | Checksum: 25ab45e98

Time (s): cpu = 00:00:45 ; elapsed = 00:00:37 . Memory (MB): peak = 3062.609 ; gain = 119.773 ; free physical = 90910 ; free virtual = 117108

Phase 9 Verifying routed nets

 Verification completed successfully
Phase 9 Verifying routed nets | Checksum: 25ab45e98

Time (s): cpu = 00:00:45 ; elapsed = 00:00:37 . Memory (MB): peak = 3062.609 ; gain = 119.773 ; free physical = 90910 ; free virtual = 117108

Phase 10 Depositing Routes
Phase 10 Depositing Routes | Checksum: 1b6f6b9fc

Time (s): cpu = 00:00:45 ; elapsed = 00:00:37 . Memory (MB): peak = 3062.609 ; gain = 119.773 ; free physical = 90910 ; free virtual = 117108

Phase 11 Post Process Routing
Phase 11 Post Process Routing | Checksum: 1b6f6b9fc

Time (s): cpu = 00:00:45 ; elapsed = 00:00:37 . Memory (MB): peak = 3062.609 ; gain = 119.773 ; free physical = 90910 ; free virtual = 117108

Phase 12 Post Router Timing
INFO: [Route 35-57] Estimated Timing Summary | WNS=0.581  | TNS=0.000  | WHS=0.099  | THS=0.000  |

INFO: [Route 35-327] The final timing numbers are based on the router estimated timing analysis. For a complete and accurate timing signoff, please run report_timing_summary.
Phase 12 Post Router Timing | Checksum: 1b6f6b9fc

Time (s): cpu = 00:00:45 ; elapsed = 00:00:37 . Memory (MB): peak = 3062.609 ; gain = 119.773 ; free physical = 90910 ; free virtual = 117108
Total Elapsed time in route_design: 36.79 secs

Phase 13 Post-Route Event Processing
Phase 13 Post-Route Event Processing | Checksum: 17b892c84

Time (s): cpu = 00:00:45 ; elapsed = 00:00:37 . Memory (MB): peak = 3062.609 ; gain = 119.773 ; free physical = 90910 ; free virtual = 117108
INFO: [Route 35-16] Router Completed Successfully
Ending Routing Task | Checksum: 17b892c84

Time (s): cpu = 00:00:45 ; elapsed = 00:00:37 . Memory (MB): peak = 3062.609 ; gain = 119.773 ; free physical = 90910 ; free virtual = 117108

Routing Is Done.
INFO: [Common 17-83] Releasing license: Implementation
92 Infos, 107 Warnings, 0 Critical Warnings and 0 Errors encountered.
route_design completed successfully
route_design: Time (s): cpu = 00:00:45 ; elapsed = 00:00:37 . Memory (MB): peak = 3062.609 ; gain = 119.773 ; free physical = 90910 ; free virtual = 117108
INFO: [Vivado 12-24828] Executing command : report_drc -file bd_0_wrapper_drc_routed.rpt -pb bd_0_wrapper_drc_routed.pb -rpx bd_0_wrapper_drc_routed.rpx
Command: report_drc -file bd_0_wrapper_drc_routed.rpt -pb bd_0_wrapper_drc_routed.pb -rpx bd_0_wrapper_drc_routed.rpx
INFO: [IP_Flow 19-1839] IP Catalog is up to date.
INFO: [DRC 23-27] Running DRC with 8 threads
WARNING: [DRC 23-814] Not all possible (connectivity based) DRCs may have been run because this design is seen as Out of Context.
INFO: [Vivado_Tcl 2-168] The results of DRC are in file /home/jjh/RL_test/HLS_Optimization/synthetic_case_generation/project_tmp/solution_tmp/impl/verilog/project.runs/impl_1/bd_0_wrapper_drc_routed.rpt.
report_drc completed successfully
INFO: [Vivado 12-24828] Executing command : report_methodology -file bd_0_wrapper_methodology_drc_routed.rpt -pb bd_0_wrapper_methodology_drc_routed.pb -rpx bd_0_wrapper_methodology_drc_routed.rpx
Command: report_methodology -file bd_0_wrapper_methodology_drc_routed.rpt -pb bd_0_wrapper_methodology_drc_routed.pb -rpx bd_0_wrapper_methodology_drc_routed.rpx
INFO: [Timing 38-35] Done setting XDC timing constraints.
WARNING: [Timing 38-242] The property HD.CLK_SRC of clock port "ap_clk" is not set. In out-of-context mode, this prevents timing estimation for clock delay/skew
Resolution: Set the HD.CLK_SRC property of the out-of-context port to the location of the clock buffer instance in the top-level design
INFO: [DRC 23-133] Running Methodology with 8 threads
WARNING: [DRC 23-814] Not all possible (connectivity based) DRCs may have been run because this design is seen as Out of Context.
INFO: [Vivado_Tcl 2-1520] The results of Report Methodology are in file /home/jjh/RL_test/HLS_Optimization/synthetic_case_generation/project_tmp/solution_tmp/impl/verilog/project.runs/impl_1/bd_0_wrapper_methodology_drc_routed.rpt.
report_methodology completed successfully
INFO: [Vivado 12-24828] Executing command : report_timing_summary -max_paths 10 -routable_nets -report_unconstrained -file bd_0_wrapper_timing_summary_routed.rpt -pb bd_0_wrapper_timing_summary_routed.pb -rpx bd_0_wrapper_timing_summary_routed.rpx -warn_on_violation 
INFO: [Timing 38-35] Done setting XDC timing constraints.
INFO: [Timing 38-91] UpdateTimingParams: Speed grade: -1, Delay Type: min_max.
INFO: [Timing 38-191] Multithreading enabled for timing update using a maximum of 8 CPUs
INFO: [Vivado 12-24838] Running report commands "report_bus_skew, report_incremental_reuse, report_route_status" in parallel.
Running report generation with 3 threads.
INFO: [Vivado 12-24828] Executing command : report_incremental_reuse -file bd_0_wrapper_incremental_reuse_routed.rpt
INFO: [Vivado_Tcl 4-1062] Incremental flow is disabled. No incremental reuse Info to report.
INFO: [Vivado 12-24828] Executing command : report_route_status -file bd_0_wrapper_route_status.rpt -pb bd_0_wrapper_route_status.pb
INFO: [Vivado 12-24828] Executing command : report_bus_skew -warn_on_violation -file bd_0_wrapper_bus_skew_routed.rpt -pb bd_0_wrapper_bus_skew_routed.pb -rpx bd_0_wrapper_bus_skew_routed.rpx
INFO: [Timing 38-91] UpdateTimingParams: Speed grade: -1, Delay Type: min_max.
INFO: [Timing 38-191] Multithreading enabled for timing update using a maximum of 8 CPUs
INFO: [Vivado 12-24828] Executing command : report_power -file bd_0_wrapper_power_routed.rpt -pb bd_0_wrapper_power_summary_routed.pb -rpx bd_0_wrapper_power_routed.rpx
Command: report_power -file bd_0_wrapper_power_routed.rpt -pb bd_0_wrapper_power_summary_routed.pb -rpx bd_0_wrapper_power_routed.rpx
Running Vector-less Activity Propagation...

Finished Running Vector-less Activity Propagation
112 Infos, 110 Warnings, 0 Critical Warnings and 0 Errors encountered.
report_power completed successfully
INFO: [Vivado 12-24828] Executing command : report_clock_utilization -file bd_0_wrapper_clock_utilization_routed.rpt
generate_parallel_reports: Time (s): cpu = 00:00:24 ; elapsed = 00:00:08 . Memory (MB): peak = 3199.906 ; gain = 137.297 ; free physical = 90798 ; free virtual = 116999
INFO: [Timing 38-480] Writing timing data to binary archive.
Write ShapeDB Complete: Time (s): cpu = 00:00:00.04 ; elapsed = 00:00:00.01 . Memory (MB): peak = 3199.906 ; gain = 0.000 ; free physical = 90798 ; free virtual = 116999
Wrote PlaceDB: Time (s): cpu = 00:00:00.74 ; elapsed = 00:00:00.24 . Memory (MB): peak = 3199.906 ; gain = 0.000 ; free physical = 90798 ; free virtual = 117002
Wrote PulsedLatchDB: Time (s): cpu = 00:00:00 ; elapsed = 00:00:00 . Memory (MB): peak = 3199.906 ; gain = 0.000 ; free physical = 90798 ; free virtual = 117002
Writing XDEF routing.
Writing XDEF routing logical nets.
Writing XDEF routing special nets.
Wrote RouteStorage: Time (s): cpu = 00:00:00.08 ; elapsed = 00:00:00.08 . Memory (MB): peak = 3199.906 ; gain = 0.000 ; free physical = 90797 ; free virtual = 117002
Wrote Netlist Cache: Time (s): cpu = 00:00:00 ; elapsed = 00:00:00 . Memory (MB): peak = 3199.906 ; gain = 0.000 ; free physical = 90796 ; free virtual = 117002
Wrote Device Cache: Time (s): cpu = 00:00:00.01 ; elapsed = 00:00:00.01 . Memory (MB): peak = 3199.906 ; gain = 0.000 ; free physical = 90795 ; free virtual = 117002
Write Physdb Complete: Time (s): cpu = 00:00:00.83 ; elapsed = 00:00:00.34 . Memory (MB): peak = 3199.906 ; gain = 0.000 ; free physical = 90795 ; free virtual = 117002
INFO: [Common 17-1381] The checkpoint '/home/jjh/RL_test/HLS_Optimization/synthetic_case_generation/project_tmp/solution_tmp/impl/verilog/project.runs/impl_1/bd_0_wrapper_routed.dcp' has been generated.
INFO: [Common 17-206] Exiting Vivado at Tue Dec 23 15:22:07 2025...
