==============================================================
Vitis HLS - High-Level Synthesis from C, C++ and OpenCL v2025.1 (64-bit)
Tool Version Limit: 2025.05
Copyright 1986-2022 Xilinx, Inc. All Rights Reserved.
Copyright 2022-2025 Advanced Micro Devices, Inc. All Rights Reserved.

==============================================================
INFO: [HLS 200-1505] Using default flow_target 'vivado'
INFO: [HLS 200-1510] Running: set_part xc7z020clg484-1 
INFO: [HLS 200-1611] Setting target device to 'xc7z020-clg484-1'
INFO: [HLS 200-1510] Running: create_clock -period 10 -name default 
INFO: [SYN 201-201] Setting up clock 'default' with a period of 10ns.
INFO: [HLS 200-1510] Running: source ./directive_tmp.tcl
INFO: [HLS 200-1510] Running: csynth_design 
INFO: [HLS 200-111] Finished File checks and directory preparation: CPU user time: 1.03 seconds. CPU system time: 0.07 seconds. Elapsed time: 1.09 seconds; current allocated memory: 247.828 MB.
INFO: [HLS 200-10] Analyzing design file 'CASE/case_11/case_11.cc' ... 
INFO: [HLS 200-111] Finished Source Code Analysis and Preprocessing: CPU user time: 6.39 seconds. CPU system time: 0.65 seconds. Elapsed time: 7.05 seconds; current allocated memory: 249.641 MB.
INFO: [HLS 200-777] Using interface defaults for 'Vivado' flow target.
INFO: [HLS 200-1995] There were 25,817 instructions in the design after the 'Compile/Link' phase of compilation. See the Design Size Report for more details (/home/jjh/RL_test/HLS_Optimization/synthetic_case_generation/project_tmp/solution_tmp/syn/report/csynth_design_size.rpt:2)
INFO: [HLS 200-1995] There were 944 instructions in the design after the 'Unroll/Inline (step 1)' phase of compilation. See the Design Size Report for more details (/home/jjh/RL_test/HLS_Optimization/synthetic_case_generation/project_tmp/solution_tmp/syn/report/csynth_design_size.rpt:2)
INFO: [HLS 200-1995] There were 887 instructions in the design after the 'Unroll/Inline (step 2)' phase of compilation. See the Design Size Report for more details (/home/jjh/RL_test/HLS_Optimization/synthetic_case_generation/project_tmp/solution_tmp/syn/report/csynth_design_size.rpt:2)
INFO: [HLS 200-1995] There were 887 instructions in the design after the 'Unroll/Inline (step 3)' phase of compilation. See the Design Size Report for more details (/home/jjh/RL_test/HLS_Optimization/synthetic_case_generation/project_tmp/solution_tmp/syn/report/csynth_design_size.rpt:2)
INFO: [HLS 200-1995] There were 887 instructions in the design after the 'Unroll/Inline (step 4)' phase of compilation. See the Design Size Report for more details (/home/jjh/RL_test/HLS_Optimization/synthetic_case_generation/project_tmp/solution_tmp/syn/report/csynth_design_size.rpt:2)
INFO: [HLS 200-1995] There were 896 instructions in the design after the 'Array/Struct (step 1)' phase of compilation. See the Design Size Report for more details (/home/jjh/RL_test/HLS_Optimization/synthetic_case_generation/project_tmp/solution_tmp/syn/report/csynth_design_size.rpt:2)
INFO: [HLS 200-1995] There were 896 instructions in the design after the 'Array/Struct (step 2)' phase of compilation. See the Design Size Report for more details (/home/jjh/RL_test/HLS_Optimization/synthetic_case_generation/project_tmp/solution_tmp/syn/report/csynth_design_size.rpt:2)
INFO: [HLS 200-1995] There were 896 instructions in the design after the 'Array/Struct (step 3)' phase of compilation. See the Design Size Report for more details (/home/jjh/RL_test/HLS_Optimization/synthetic_case_generation/project_tmp/solution_tmp/syn/report/csynth_design_size.rpt:2)
INFO: [HLS 200-1995] There were 896 instructions in the design after the 'Array/Struct (step 4)' phase of compilation. See the Design Size Report for more details (/home/jjh/RL_test/HLS_Optimization/synthetic_case_generation/project_tmp/solution_tmp/syn/report/csynth_design_size.rpt:2)
INFO: [HLS 200-1995] There were 896 instructions in the design after the 'Array/Struct (step 5)' phase of compilation. See the Design Size Report for more details (/home/jjh/RL_test/HLS_Optimization/synthetic_case_generation/project_tmp/solution_tmp/syn/report/csynth_design_size.rpt:2)
INFO: [HLS 200-1995] There were 896 instructions in the design after the 'Performance (step 1)' phase of compilation. See the Design Size Report for more details (/home/jjh/RL_test/HLS_Optimization/synthetic_case_generation/project_tmp/solution_tmp/syn/report/csynth_design_size.rpt:2)
INFO: [HLS 200-1995] There were 896 instructions in the design after the 'Performance (step 2)' phase of compilation. See the Design Size Report for more details (/home/jjh/RL_test/HLS_Optimization/synthetic_case_generation/project_tmp/solution_tmp/syn/report/csynth_design_size.rpt:2)
INFO: [HLS 200-1995] There were 896 instructions in the design after the 'Performance (step 3)' phase of compilation. See the Design Size Report for more details (/home/jjh/RL_test/HLS_Optimization/synthetic_case_generation/project_tmp/solution_tmp/syn/report/csynth_design_size.rpt:2)
INFO: [HLS 200-1995] There were 896 instructions in the design after the 'Performance (step 4)' phase of compilation. See the Design Size Report for more details (/home/jjh/RL_test/HLS_Optimization/synthetic_case_generation/project_tmp/solution_tmp/syn/report/csynth_design_size.rpt:2)
INFO: [HLS 200-1995] There were 945 instructions in the design after the 'HW Transforms (step 1)' phase of compilation. See the Design Size Report for more details (/home/jjh/RL_test/HLS_Optimization/synthetic_case_generation/project_tmp/solution_tmp/syn/report/csynth_design_size.rpt:2)
INFO: [HLS 200-1995] There were 946 instructions in the design after the 'HW Transforms (step 2)' phase of compilation. See the Design Size Report for more details (/home/jjh/RL_test/HLS_Optimization/synthetic_case_generation/project_tmp/solution_tmp/syn/report/csynth_design_size.rpt:2)
INFO: [HLS 214-248] Applying array_partition to 'in_data': Complete partitioning on dimension 1. (CASE/case_11/case_11.cc:10:0)
INFO: [HLS 214-248] Applying array_partition to 'out_data': Complete partitioning on dimension 1. (CASE/case_11/case_11.cc:10:0)
INFO: [HLS 200-111] Finished Compiling Optimization and Transform: CPU user time: 5.2 seconds. CPU system time: 0.54 seconds. Elapsed time: 8.82 seconds; current allocated memory: 259.273 MB.
INFO: [HLS 200-111] Finished Checking Pragmas: CPU user time: 0 seconds. CPU system time: 0 seconds. Elapsed time: 0 seconds; current allocated memory: 259.273 MB.
INFO: [HLS 200-10] Starting code transformations ...
INFO: [HLS 200-111] Finished Standard Transforms: CPU user time: 0.04 seconds. CPU system time: 0 seconds. Elapsed time: 0.04 seconds; current allocated memory: 259.973 MB.
INFO: [HLS 200-10] Checking synthesizability ...
INFO: [HLS 200-111] Finished Checking Synthesizability: CPU user time: 0.05 seconds. CPU system time: 0 seconds. Elapsed time: 0.05 seconds; current allocated memory: 260.762 MB.
INFO: [XFORM 203-11] Balancing expressions in function 'case_11' (CASE/case_11/case_11.cc:6:1)...3 expression(s) balanced.
INFO: [HLS 200-111] Finished Loop, function and other optimizations: CPU user time: 0.15 seconds. CPU system time: 0.01 seconds. Elapsed time: 0.16 seconds; current allocated memory: 284.398 MB.
INFO: [HLS 200-111] Finished Architecture Synthesis: CPU user time: 0.19 seconds. CPU system time: 0 seconds. Elapsed time: 0.19 seconds; current allocated memory: 284.398 MB.
INFO: [HLS 200-10] Starting hardware synthesis ...
INFO: [HLS 200-10] Synthesizing 'case_11' ...
INFO: [HLS 200-10] ----------------------------------------------------------------
INFO: [HLS 200-42] -- Implementing module 'case_11' 
INFO: [HLS 200-10] ----------------------------------------------------------------
INFO: [SCHED 204-11] Starting scheduling ...
INFO: [HLS 200-486] Changing DSP latency (root=m180) to 3 in order to utilize available DSP registers.
INFO: [HLS 200-486] Changing DSP latency (root=mul_ln379) to 3 in order to utilize available DSP registers.
INFO: [HLS 200-486] Changing DSP latency (root=m167) to 3 in order to utilize available DSP registers.
INFO: [HLS 200-486] Changing DSP latency (root=mul_ln367_1) to 3 in order to utilize available DSP registers.
INFO: [HLS 200-486] Changing DSP latency (root=m150) to 3 in order to utilize available DSP registers.
INFO: [HLS 200-486] Changing DSP latency (root=m142) to 3 in order to utilize available DSP registers.
INFO: [HLS 200-486] Changing DSP latency (root=m136) to 3 in order to utilize available DSP registers.
INFO: [HLS 200-486] Changing DSP latency (root=mul_ln327) to 3 in order to utilize available DSP registers.
INFO: [HLS 200-486] Changing DSP latency (root=m92) to 3 in order to utilize available DSP registers.
INFO: [HLS 200-486] Changing DSP latency (root=m78) to 3 in order to utilize available DSP registers.
INFO: [HLS 200-486] Changing DSP latency (root=m51) to 3 in order to utilize available DSP registers.
INFO: [HLS 200-486] Changing DSP latency (root=m38) to 3 in order to utilize available DSP registers.
INFO: [SCHED 204-11] Finished scheduling.
INFO: [HLS 200-111] Finished Scheduling: CPU user time: 0.53 seconds. CPU system time: 0.02 seconds. Elapsed time: 0.56 seconds; current allocated memory: 284.398 MB.
INFO: [BIND 205-100] Starting micro-architecture generation ...
INFO: [BIND 205-101] Performing variable lifetime analysis.
INFO: [BIND 205-101] Exploring resource sharing.
INFO: [BIND 205-101] Binding ...
INFO: [BIND 205-100] Finished micro-architecture generation.
INFO: [HLS 200-111] Finished Binding: CPU user time: 0.1 seconds. CPU system time: 0 seconds. Elapsed time: 0.12 seconds; current allocated memory: 284.398 MB.
INFO: [HLS 200-10] ----------------------------------------------------------------
INFO: [HLS 200-10] -- Generating RTL for module 'case_11' 
INFO: [HLS 200-10] ----------------------------------------------------------------
INFO: [RTGEN 206-500] Setting interface mode on port 'case_11/in_data_0' to 'ap_none'.
INFO: [RTGEN 206-500] Setting interface mode on port 'case_11/in_data_1' to 'ap_none'.
INFO: [RTGEN 206-500] Setting interface mode on port 'case_11/in_data_2' to 'ap_none'.
INFO: [RTGEN 206-500] Setting interface mode on port 'case_11/in_data_3' to 'ap_none'.
INFO: [RTGEN 206-500] Setting interface mode on port 'case_11/in_data_4' to 'ap_none'.
INFO: [RTGEN 206-500] Setting interface mode on port 'case_11/in_data_5' to 'ap_none'.
INFO: [RTGEN 206-500] Setting interface mode on port 'case_11/in_data_6' to 'ap_none'.
INFO: [RTGEN 206-500] Setting interface mode on port 'case_11/in_data_7' to 'ap_none'.
INFO: [RTGEN 206-500] Setting interface mode on port 'case_11/in_data_8' to 'ap_none'.
INFO: [RTGEN 206-500] Setting interface mode on port 'case_11/in_data_9' to 'ap_none'.
INFO: [RTGEN 206-500] Setting interface mode on port 'case_11/in_data_10' to 'ap_none'.
INFO: [RTGEN 206-500] Setting interface mode on port 'case_11/in_data_11' to 'ap_none'.
INFO: [RTGEN 206-500] Setting interface mode on port 'case_11/in_data_12' to 'ap_none'.
INFO: [RTGEN 206-500] Setting interface mode on port 'case_11/in_data_13' to 'ap_none'.
INFO: [RTGEN 206-500] Setting interface mode on port 'case_11/in_data_14' to 'ap_none'.
INFO: [RTGEN 206-500] Setting interface mode on port 'case_11/in_data_15' to 'ap_none'.
INFO: [RTGEN 206-500] Setting interface mode on port 'case_11/in_data_16' to 'ap_none'.
INFO: [RTGEN 206-500] Setting interface mode on port 'case_11/in_data_17' to 'ap_none'.
INFO: [RTGEN 206-500] Setting interface mode on port 'case_11/in_data_18' to 'ap_none'.
INFO: [RTGEN 206-500] Setting interface mode on port 'case_11/in_data_19' to 'ap_none'.
INFO: [RTGEN 206-500] Setting interface mode on port 'case_11/in_data_20' to 'ap_none'.
INFO: [RTGEN 206-500] Setting interface mode on port 'case_11/in_data_21' to 'ap_none'.
INFO: [RTGEN 206-500] Setting interface mode on port 'case_11/in_data_22' to 'ap_none'.
INFO: [RTGEN 206-500] Setting interface mode on port 'case_11/in_data_23' to 'ap_none'.
INFO: [RTGEN 206-500] Setting interface mode on port 'case_11/out_data_0' to 'ap_none'.
WARNING: [RTGEN 206-101] Port 'out_data_0' with mode 'ap_none' may require an associated data valid signal to correctly communicate with other blocks or a test bench; automatic C/RTL co-simulation may not be able to verify such a port.
INFO: [RTGEN 206-500] Setting interface mode on port 'case_11/out_data_1' to 'ap_none'.
WARNING: [RTGEN 206-101] Port 'out_data_1' with mode 'ap_none' may require an associated data valid signal to correctly communicate with other blocks or a test bench; automatic C/RTL co-simulation may not be able to verify such a port.
INFO: [RTGEN 206-500] Setting interface mode on port 'case_11/out_data_2' to 'ap_none'.
WARNING: [RTGEN 206-101] Port 'out_data_2' with mode 'ap_none' may require an associated data valid signal to correctly communicate with other blocks or a test bench; automatic C/RTL co-simulation may not be able to verify such a port.
INFO: [RTGEN 206-500] Setting interface mode on port 'case_11/out_data_3' to 'ap_none'.
WARNING: [RTGEN 206-101] Port 'out_data_3' with mode 'ap_none' may require an associated data valid signal to correctly communicate with other blocks or a test bench; automatic C/RTL co-simulation may not be able to verify such a port.
INFO: [RTGEN 206-500] Setting interface mode on port 'case_11/out_data_4' to 'ap_none'.
WARNING: [RTGEN 206-101] Port 'out_data_4' with mode 'ap_none' may require an associated data valid signal to correctly communicate with other blocks or a test bench; automatic C/RTL co-simulation may not be able to verify such a port.
INFO: [RTGEN 206-500] Setting interface mode on port 'case_11/out_data_5' to 'ap_none'.
WARNING: [RTGEN 206-101] Port 'out_data_5' with mode 'ap_none' may require an associated data valid signal to correctly communicate with other blocks or a test bench; automatic C/RTL co-simulation may not be able to verify such a port.
INFO: [RTGEN 206-500] Setting interface mode on port 'case_11/out_data_6' to 'ap_none'.
WARNING: [RTGEN 206-101] Port 'out_data_6' with mode 'ap_none' may require an associated data valid signal to correctly communicate with other blocks or a test bench; automatic C/RTL co-simulation may not be able to verify such a port.
INFO: [RTGEN 206-500] Setting interface mode on port 'case_11/out_data_7' to 'ap_none'.
WARNING: [RTGEN 206-101] Port 'out_data_7' with mode 'ap_none' may require an associated data valid signal to correctly communicate with other blocks or a test bench; automatic C/RTL co-simulation may not be able to verify such a port.
INFO: [RTGEN 206-500] Setting interface mode on port 'case_11/out_data_8' to 'ap_none'.
WARNING: [RTGEN 206-101] Port 'out_data_8' with mode 'ap_none' may require an associated data valid signal to correctly communicate with other blocks or a test bench; automatic C/RTL co-simulation may not be able to verify such a port.
INFO: [RTGEN 206-500] Setting interface mode on port 'case_11/out_data_9' to 'ap_none'.
WARNING: [RTGEN 206-101] Port 'out_data_9' with mode 'ap_none' may require an associated data valid signal to correctly communicate with other blocks or a test bench; automatic C/RTL co-simulation may not be able to verify such a port.
INFO: [RTGEN 206-500] Setting interface mode on port 'case_11/out_data_10' to 'ap_none'.
WARNING: [RTGEN 206-101] Port 'out_data_10' with mode 'ap_none' may require an associated data valid signal to correctly communicate with other blocks or a test bench; automatic C/RTL co-simulation may not be able to verify such a port.
INFO: [RTGEN 206-500] Setting interface mode on port 'case_11/out_data_11' to 'ap_none'.
WARNING: [RTGEN 206-101] Port 'out_data_11' with mode 'ap_none' may require an associated data valid signal to correctly communicate with other blocks or a test bench; automatic C/RTL co-simulation may not be able to verify such a port.
INFO: [RTGEN 206-500] Setting interface mode on port 'case_11/out_data_12' to 'ap_none'.
WARNING: [RTGEN 206-101] Port 'out_data_12' with mode 'ap_none' may require an associated data valid signal to correctly communicate with other blocks or a test bench; automatic C/RTL co-simulation may not be able to verify such a port.
INFO: [RTGEN 206-500] Setting interface mode on port 'case_11/out_data_13' to 'ap_none'.
WARNING: [RTGEN 206-101] Port 'out_data_13' with mode 'ap_none' may require an associated data valid signal to correctly communicate with other blocks or a test bench; automatic C/RTL co-simulation may not be able to verify such a port.
INFO: [RTGEN 206-500] Setting interface mode on port 'case_11/out_data_14' to 'ap_none'.
WARNING: [RTGEN 206-101] Port 'out_data_14' with mode 'ap_none' may require an associated data valid signal to correctly communicate with other blocks or a test bench; automatic C/RTL co-simulation may not be able to verify such a port.
INFO: [RTGEN 206-500] Setting interface mode on port 'case_11/out_data_15' to 'ap_none'.
WARNING: [RTGEN 206-101] Port 'out_data_15' with mode 'ap_none' may require an associated data valid signal to correctly communicate with other blocks or a test bench; automatic C/RTL co-simulation may not be able to verify such a port.
INFO: [RTGEN 206-500] Setting interface mode on port 'case_11/out_data_16' to 'ap_none'.
WARNING: [RTGEN 206-101] Port 'out_data_16' with mode 'ap_none' may require an associated data valid signal to correctly communicate with other blocks or a test bench; automatic C/RTL co-simulation may not be able to verify such a port.
INFO: [RTGEN 206-500] Setting interface mode on port 'case_11/out_data_17' to 'ap_none'.
WARNING: [RTGEN 206-101] Port 'out_data_17' with mode 'ap_none' may require an associated data valid signal to correctly communicate with other blocks or a test bench; automatic C/RTL co-simulation may not be able to verify such a port.
INFO: [RTGEN 206-500] Setting interface mode on port 'case_11/out_data_18' to 'ap_none'.
WARNING: [RTGEN 206-101] Port 'out_data_18' with mode 'ap_none' may require an associated data valid signal to correctly communicate with other blocks or a test bench; automatic C/RTL co-simulation may not be able to verify such a port.
INFO: [RTGEN 206-500] Setting interface mode on port 'case_11/out_data_19' to 'ap_none'.
WARNING: [RTGEN 206-101] Port 'out_data_19' with mode 'ap_none' may require an associated data valid signal to correctly communicate with other blocks or a test bench; automatic C/RTL co-simulation may not be able to verify such a port.
INFO: [RTGEN 206-500] Setting interface mode on port 'case_11/out_data_20' to 'ap_none'.
WARNING: [RTGEN 206-101] Port 'out_data_20' with mode 'ap_none' may require an associated data valid signal to correctly communicate with other blocks or a test bench; automatic C/RTL co-simulation may not be able to verify such a port.
INFO: [RTGEN 206-500] Setting interface mode on port 'case_11/out_data_21' to 'ap_none'.
WARNING: [RTGEN 206-101] Port 'out_data_21' with mode 'ap_none' may require an associated data valid signal to correctly communicate with other blocks or a test bench; automatic C/RTL co-simulation may not be able to verify such a port.
INFO: [RTGEN 206-500] Setting interface mode on port 'case_11/out_data_22' to 'ap_none'.
WARNING: [RTGEN 206-101] Port 'out_data_22' with mode 'ap_none' may require an associated data valid signal to correctly communicate with other blocks or a test bench; automatic C/RTL co-simulation may not be able to verify such a port.
INFO: [RTGEN 206-500] Setting interface mode on port 'case_11/out_data_23' to 'ap_none'.
WARNING: [RTGEN 206-101] Port 'out_data_23' with mode 'ap_none' may require an associated data valid signal to correctly communicate with other blocks or a test bench; automatic C/RTL co-simulation may not be able to verify such a port.
INFO: [RTGEN 206-500] Setting interface mode on port 'case_11/out_data_24' to 'ap_none'.
WARNING: [RTGEN 206-101] Port 'out_data_24' with mode 'ap_none' may require an associated data valid signal to correctly communicate with other blocks or a test bench; automatic C/RTL co-simulation may not be able to verify such a port.
INFO: [RTGEN 206-500] Setting interface mode on function 'case_11' to 'ap_ctrl_hs'.
WARNING: [RTGEN 206-101] Port 'case_11/in_data_0' has no fanin or fanout and is left dangling.
               Please use C simulation to confirm this function argument can be read from or written to.
WARNING: [RTGEN 206-101] Port 'case_11/in_data_1' has no fanin or fanout and is left dangling.
               Please use C simulation to confirm this function argument can be read from or written to.
WARNING: [RTGEN 206-101] Port 'case_11/in_data_2' has no fanin or fanout and is left dangling.
               Please use C simulation to confirm this function argument can be read from or written to.
WARNING: [RTGEN 206-101] Port 'case_11/in_data_3' has no fanin or fanout and is left dangling.
               Please use C simulation to confirm this function argument can be read from or written to.
WARNING: [RTGEN 206-101] Port 'case_11/in_data_4' has no fanin or fanout and is left dangling.
               Please use C simulation to confirm this function argument can be read from or written to.
WARNING: [RTGEN 206-101] Port 'case_11/in_data_10' has no fanin or fanout and is left dangling.
               Please use C simulation to confirm this function argument can be read from or written to.
WARNING: [RTGEN 206-101] Port 'case_11/in_data_11' has no fanin or fanout and is left dangling.
               Please use C simulation to confirm this function argument can be read from or written to.
WARNING: [RTGEN 206-101] Port 'case_11/in_data_13' has no fanin or fanout and is left dangling.
               Please use C simulation to confirm this function argument can be read from or written to.
WARNING: [RTGEN 206-101] Port 'case_11/in_data_16' has no fanin or fanout and is left dangling.
               Please use C simulation to confirm this function argument can be read from or written to.
WARNING: [RTGEN 206-101] Port 'case_11/in_data_19' has no fanin or fanout and is left dangling.
               Please use C simulation to confirm this function argument can be read from or written to.
INFO: [RTGEN 206-100] Generating core module 'am_addmul_10s_7s_11s_11_4_1': 1 instance(s).
INFO: [RTGEN 206-100] Generating core module 'am_addmul_12s_11s_12s_12_4_1': 1 instance(s).
INFO: [RTGEN 206-100] Generating core module 'am_addmul_5ns_5ns_5s_5_4_1': 1 instance(s).
INFO: [RTGEN 206-100] Generating core module 'am_addmul_7s_6s_7s_7_4_1': 2 instance(s).
INFO: [RTGEN 206-100] Generating core module 'am_addmul_7s_7s_7s_7_4_1': 1 instance(s).
INFO: [RTGEN 206-100] Generating core module 'am_addmul_8s_4s_8s_8_4_1': 1 instance(s).
INFO: [RTGEN 206-100] Generating core module 'am_addmul_8s_7s_6s_8_4_1': 1 instance(s).
INFO: [RTGEN 206-100] Generating core module 'am_addmul_9s_5s_9s_9_4_1': 1 instance(s).
INFO: [RTGEN 206-100] Generating core module 'ama_addmuladd_9ns_9ns_9s_5s_9_4_1': 1 instance(s).
INFO: [RTGEN 206-100] Generating core module 'mac_muladd_6s_4s_6ns_6_4_1': 1 instance(s).
INFO: [RTGEN 206-100] Generating core module 'mac_muladd_7s_7s_7ns_7_4_1': 1 instance(s).
INFO: [RTGEN 206-100] Generating core module 'mul_10s_10s_10_1_1': 4 instance(s).
INFO: [RTGEN 206-100] Generating core module 'mul_10s_5s_14_1_1': 1 instance(s).
INFO: [RTGEN 206-100] Generating core module 'mul_10s_6s_10_1_1': 2 instance(s).
INFO: [RTGEN 206-100] Generating core module 'mul_10s_7s_15_1_1': 1 instance(s).
INFO: [RTGEN 206-100] Generating core module 'mul_10s_9s_10_1_1': 1 instance(s).
INFO: [RTGEN 206-100] Generating core module 'mul_11s_10s_12_1_1': 1 instance(s).
INFO: [RTGEN 206-100] Generating core module 'mul_11s_11s_11_1_1': 1 instance(s).
INFO: [RTGEN 206-100] Generating core module 'mul_11s_3s_14_1_1': 1 instance(s).
INFO: [RTGEN 206-100] Generating core module 'mul_11s_6s_17_1_1': 1 instance(s).
INFO: [RTGEN 206-100] Generating core module 'mul_11s_7s_11_1_1': 1 instance(s).
INFO: [RTGEN 206-100] Generating core module 'mul_11s_7s_15_1_1': 1 instance(s).
INFO: [RTGEN 206-100] Generating core module 'mul_12ns_7s_13_1_1': 1 instance(s).
INFO: [RTGEN 206-100] Generating core module 'mul_12s_10s_16_1_1': 1 instance(s).
INFO: [RTGEN 206-100] Generating core module 'mul_12s_12s_12_1_1': 3 instance(s).
INFO: [RTGEN 206-100] Generating core module 'mul_12s_4s_12_1_1': 1 instance(s).
INFO: [RTGEN 206-100] Generating core module 'mul_12s_6s_12_1_1': 1 instance(s).
INFO: [RTGEN 206-100] Generating core module 'mul_12s_6s_18_1_1': 1 instance(s).
INFO: [RTGEN 206-100] Generating core module 'mul_12s_7s_12_1_1': 2 instance(s).
INFO: [RTGEN 206-100] Generating core module 'mul_12s_9s_12_1_1': 1 instance(s).
INFO: [RTGEN 206-100] Generating core module 'mul_13s_11s_13_1_1': 1 instance(s).
INFO: [RTGEN 206-100] Generating core module 'mul_14s_10s_14_1_1': 1 instance(s).
INFO: [RTGEN 206-100] Generating core module 'mul_14s_12s_14_1_1': 1 instance(s).
INFO: [RTGEN 206-100] Generating core module 'mul_14s_6s_16_1_1': 1 instance(s).
INFO: [RTGEN 206-100] Generating core module 'mul_14s_7s_14_1_1': 1 instance(s).
INFO: [RTGEN 206-100] Generating core module 'mul_2s_2s_2_1_1': 1 instance(s).
INFO: [RTGEN 206-100] Generating core module 'mul_3s_3s_3_1_1': 5 instance(s).
INFO: [RTGEN 206-100] Generating core module 'mul_4s_4s_4_1_1': 7 instance(s).
INFO: [RTGEN 206-100] Generating core module 'mul_5s_5s_5_1_1': 7 instance(s).
INFO: [RTGEN 206-100] Generating core module 'mul_6s_4s_6_1_1': 1 instance(s).
INFO: [RTGEN 206-100] Generating core module 'mul_6s_5s_6_1_1': 1 instance(s).
INFO: [RTGEN 206-100] Generating core module 'mul_6s_6s_12_1_1': 1 instance(s).
INFO: [RTGEN 206-100] Generating core module 'mul_6s_6s_6_1_1': 8 instance(s).
INFO: [RTGEN 206-100] Generating core module 'mul_7s_4s_7_1_1': 1 instance(s).
INFO: [RTGEN 206-100] Generating core module 'mul_7s_4s_8_1_1': 1 instance(s).
INFO: [RTGEN 206-100] Generating core module 'mul_7s_5s_11_1_1': 1 instance(s).
INFO: [RTGEN 206-100] Generating core module 'mul_7s_5s_7_1_1': 2 instance(s).
INFO: [RTGEN 206-100] Generating core module 'mul_7s_6s_7_1_1': 4 instance(s).
INFO: [RTGEN 206-100] Generating core module 'mul_7s_7s_7_1_1': 11 instance(s).
INFO: [RTGEN 206-100] Generating core module 'mul_8s_5s_9_1_1': 1 instance(s).
INFO: [RTGEN 206-100] Generating core module 'mul_8s_7s_8_1_1': 1 instance(s).
INFO: [RTGEN 206-100] Generating core module 'mul_8s_8s_8_1_1': 8 instance(s).
INFO: [RTGEN 206-100] Generating core module 'mul_9s_2s_9_1_1': 1 instance(s).
INFO: [RTGEN 206-100] Generating core module 'mul_9s_5s_9_1_1': 1 instance(s).
INFO: [RTGEN 206-100] Generating core module 'mul_9s_6s_10_1_1': 1 instance(s).
INFO: [RTGEN 206-100] Generating core module 'mul_9s_6s_9_1_1': 1 instance(s).
INFO: [RTGEN 206-100] Generating core module 'mul_9s_7s_10_1_1': 1 instance(s).
INFO: [RTGEN 206-100] Generating core module 'mul_9s_7s_9_1_1': 2 instance(s).
INFO: [RTGEN 206-100] Generating core module 'mul_9s_8s_9_1_1': 3 instance(s).
INFO: [RTGEN 206-100] Generating core module 'mul_9s_9s_14_1_1': 1 instance(s).
INFO: [RTGEN 206-100] Generating core module 'mul_9s_9s_9_1_1': 6 instance(s).
INFO: [RTGEN 206-100] Finished creating RTL model for 'case_11'.
INFO: [HLS 200-111] Finished Creating RTL model: CPU user time: 0.23 seconds. CPU system time: 0.01 seconds. Elapsed time: 0.25 seconds; current allocated memory: 284.398 MB.
INFO: [HLS 200-111] Finished Generating all RTL models: CPU user time: 0.54 seconds. CPU system time: 0.05 seconds. Elapsed time: 0.58 seconds; current allocated memory: 291.754 MB.
INFO: [HLS 200-111] Finished Updating report files: CPU user time: 0.75 seconds. CPU system time: 0.05 seconds. Elapsed time: 0.8 seconds; current allocated memory: 295.898 MB.
INFO: [VHDL 208-304] Generating VHDL RTL for case_11.
INFO: [VLOG 209-307] Generating Verilog RTL for case_11.
INFO: [HLS 200-789] **** Estimated Fmax: 138.31 MHz
INFO: [HLS 200-2161] Finished Command csynth_design Elapsed time: 00:00:19; Allocated memory: 48.070 MB.
INFO: [HLS 200-1510] Running: export_design -evaluate verilog -format ip_catalog 
INFO: [IMPL 213-8] Exporting RTL as a Vivado IP.
INFO: [IMPL 213-8] Starting RTL evaluation using Vivado ...
INFO: [Common 17-41] Interrupt caught. Command should exit soon.
INFO: [HLS 200-2161] Finished Command export_design Elapsed time: 00:06:39; Allocated memory: 12.961 MB.
INFO: [Common 17-344] 'source' was cancelled
