/home/jjh/RL_test/HLS_Optimization/RL_solution/mu_2/3/project_tmp/solution_tmp/.autopilot/db/case_3.pp.0.cc:3177:5: warning: Added loop label VITIS_LOOP_676_1:   [xilinx-label-all-loops]
    for (unsigned i = low; i != high+1; ++i) {
    ^~~
    VITIS_LOOP_676_1: 
/home/jjh/RL_test/HLS_Optimization/RL_solution/mu_2/3/project_tmp/solution_tmp/.autopilot/db/case_3.pp.0.cc:3177:5: note: FIX-IT applied suggested code changes
/home/jjh/RL_test/HLS_Optimization/RL_solution/mu_2/3/project_tmp/solution_tmp/.autopilot/db/case_3.pp.0.cc:3191:5: warning: Added loop label VITIS_LOOP_690_1:   [xilinx-label-all-loops]
    for (unsigned i = low; i != high+1; ++i) {
    ^~~
    VITIS_LOOP_690_1: 
/home/jjh/RL_test/HLS_Optimization/RL_solution/mu_2/3/project_tmp/solution_tmp/.autopilot/db/case_3.pp.0.cc:3191:5: note: FIX-IT applied suggested code changes
/home/jjh/RL_test/HLS_Optimization/RL_solution/mu_2/3/project_tmp/solution_tmp/.autopilot/db/case_3.pp.0.cc:3205:5: warning: Added loop label VITIS_LOOP_704_1:   [xilinx-label-all-loops]
    for (unsigned i = low; i != high+1; ++i) {
    ^~~
    VITIS_LOOP_704_1: 
/home/jjh/RL_test/HLS_Optimization/RL_solution/mu_2/3/project_tmp/solution_tmp/.autopilot/db/case_3.pp.0.cc:3205:5: note: FIX-IT applied suggested code changes
/home/jjh/RL_test/HLS_Optimization/RL_solution/mu_2/3/project_tmp/solution_tmp/.autopilot/db/case_3.pp.0.cc:5161:7: warning: Added loop label VITIS_LOOP_1248_1:   [xilinx-label-all-loops]
      for (i = 0; i < __N - 1; ++i) {
      ^~~
      VITIS_LOOP_1248_1: 
/home/jjh/RL_test/HLS_Optimization/RL_solution/mu_2/3/project_tmp/solution_tmp/.autopilot/db/case_3.pp.0.cc:5161:7: note: FIX-IT applied suggested code changes
/home/jjh/RL_test/HLS_Optimization/RL_solution/mu_2/3/project_tmp/solution_tmp/.autopilot/db/case_3.pp.0.cc:7197:9: error: Invalid Directive: for current device, mul + fabric is invalid combination for bind_op [clang-diagnostic-error]
#pragma HLSDIRECTIVE BIND_OP impl=fabric op=mul variable=m44
        ^
