/home/jjh/RL_test/HLS_Optimization/RL_solution/mu_2/3/script.tcl:9:9: warning: HLS pragma dump _XLX_SEP_ PragmaIsValid=1_XLX_SEP_ PragmaType=top_XLX_SEP_ PragmaContext=directive_XLX_SEP_ PragmaFunction=case_3_XLX_SEP_ PragmaOptions=name=case_3_XLX_SEP_ [-Wdump-hls-pragmas]
#pragma HLSDIRECTIVE TOP name=case_3
        ^
case_3.cc:12:9: warning: HLS pragma dump _XLX_SEP_ PragmaIsValid=1_XLX_SEP_ PragmaType=array_partition_XLX_SEP_ PragmaContext=_XLX_SEP_ PragmaFunction=case_3_XLX_SEP_ PragmaOptions=variable=in_data complete_XLX_SEP_ [-Wdump-hls-pragmas]
#pragma HLS array_partition variable=in_data complete
        ^
case_3.cc:13:9: warning: HLS pragma dump _XLX_SEP_ PragmaIsValid=1_XLX_SEP_ PragmaType=array_partition_XLX_SEP_ PragmaContext=_XLX_SEP_ PragmaFunction=case_3_XLX_SEP_ PragmaOptions=variable=out_data complete_XLX_SEP_ [-Wdump-hls-pragmas]
#pragma HLS array_partition variable=out_data complete
        ^
case_3.cc:14:9: warning: HLS pragma dump _XLX_SEP_ PragmaIsValid=1_XLX_SEP_ PragmaType=interface_XLX_SEP_ PragmaContext=_XLX_SEP_ PragmaFunction=case_3_XLX_SEP_ PragmaOptions=ap_none port=in_data_XLX_SEP_ [-Wdump-hls-pragmas]
#pragma HLS INTERFACE ap_none port=in_data
        ^
case_3.cc:15:9: warning: HLS pragma dump _XLX_SEP_ PragmaIsValid=1_XLX_SEP_ PragmaType=interface_XLX_SEP_ PragmaContext=_XLX_SEP_ PragmaFunction=case_3_XLX_SEP_ PragmaOptions=ap_none port=out_data_XLX_SEP_ [-Wdump-hls-pragmas]
#pragma HLS INTERFACE ap_none port=out_data
        ^
case_3.cc:16:9: warning: HLS pragma dump _XLX_SEP_ PragmaIsValid=1_XLX_SEP_ PragmaType=interface_XLX_SEP_ PragmaContext=_XLX_SEP_ PragmaFunction=case_3_XLX_SEP_ PragmaOptions=ap_ctrl_hs port=return_XLX_SEP_ [-Wdump-hls-pragmas]
#pragma HLS INTERFACE ap_ctrl_hs port=return
        ^
/home/jjh/RL_test/HLS_Optimization/RL_solution/mu_2/3/directive.tcl:1:9: warning: HLS pragma dump _XLX_SEP_ PragmaIsValid=1_XLX_SEP_ PragmaType=bind_op_XLX_SEP_ PragmaContext=directive_XLX_SEP_ PragmaFunction=case_3_XLX_SEP_ PragmaOptions=impl=fabric op=mul variable=m44_XLX_SEP_ [-Wdump-hls-pragmas]
#pragma HLSDIRECTIVE BIND_OP impl=fabric op=mul variable=m44
        ^
7 warnings generated.
